(node:91130) [DEP0040] DeprecationWarning: The `punycode` module is deprecated. Please use a userland alternative instead.
(Use `node --trace-deprecation ...` to show where the warning was created)
PASS src/implementations/infrastructure/seeds/specs/ic-5-07-npsp-customizable-rollups.spec.ts (13.39 s)
(node:91136) [DEP0040] DeprecationWarning: The `punycode` module is deprecated. Please use a userland alternative instead.
(Use `node --trace-deprecation ...` to show where the warning was created)
PASS src/implementations/infrastructure/seeds/specs/ic-1-session-settings-cdn.spec.ts (13.939 s)
(node:91137) [DEP0040] DeprecationWarning: The `punycode` module is deprecated. Please use a userland alternative instead.
(Use `node --trace-deprecation ...` to show where the warning was created)
PASS src/implementations/infrastructure/seeds/specs/ic-4-01-specific-funds-debit-credit.spec.ts (14.326 s)
(node:91133) [DEP0040] DeprecationWarning: The `punycode` module is deprecated. Please use a userland alternative instead.
(Use `node --trace-deprecation ...` to show where the warning was created)
PASS src/implementations/infrastructure/seeds/specs/ic-seeds.spec.ts (14.478 s)
(node:91132) [DEP0040] DeprecationWarning: The `punycode` module is deprecated. Please use a userland alternative instead.
(Use `node --trace-deprecation ...` to show where the warning was created)
PASS src/implementations/infrastructure/seeds/specs/ic-3-25-setup-profiles-and-users.spec.ts (14.818 s)
PASS src/implementations/infrastructure/seeds/specs/ic-3-1-connected-apps-security.spec.ts
(node:91131) [DEP0040] DeprecationWarning: The `punycode` module is deprecated. Please use a userland alternative instead.
(Use `node --trace-deprecation ...` to show where the warning was created)
PASS src/implementations/infrastructure/seeds/specs/ic-3-28-fiscal-year.spec.ts (15.906 s)
(node:91134) [DEP0040] DeprecationWarning: The `punycode` module is deprecated. Please use a userland alternative instead.
(Use `node --trace-deprecation ...` to show where the warning was created)
PASS src/implementations/infrastructure/seeds/specs/ic-3-04-mydomain-admin-user-permsets.spec.ts (17.358 s)
(node:91129) [DEP0040] DeprecationWarning: The `punycode` module is deprecated. Please use a userland alternative instead.
(Use `node --trace-deprecation ...` to show where the warning was created)
PASS src/implementations/infrastructure/seeds/specs/demo-opportunity-stages.spec.ts (17.518 s)
PASS src/implementations/infrastructure/seeds/specs/ic-4-05-transaction-journal-layouts.spec.ts
PASS src/implementations/infrastructure/seeds/specs/ic-3-16-org-wide-email.spec.ts
(node:91135) [DEP0040] DeprecationWarning: The `punycode` module is deprecated. Please use a userland alternative instead.
(Use `node --trace-deprecation ...` to show where the warning was created)
PASS src/implementations/infrastructure/seeds/specs/ic-3-33-membership-fields-autopopulate.spec.ts (19.688 s)
PASS src/implementations/infrastructure/seeds/specs/ic-3-22-pos-batches.spec.ts
PASS src/implementations/infrastructure/seeds/specs/demo-general-donation-fund.spec.ts
PASS src/implementations/infrastructure/seeds/specs/ic-veevart-auth.spec.ts (6.066 s)
PASS src/implementations/infrastructure/seeds/specs/ic-3-13-create-online-apps.spec.ts (5.342 s)
PASS src/implementations/infrastructure/seeds/specs/demo-company-info-mock-contact.spec.ts
PASS src/implementations/infrastructure/seeds/specs/ic-6-04-default-location.spec.ts
PASS src/implementations/infrastructure/seeds/specs/ic-6-05-pos-email-labels.spec.ts
PASS src/implementations/infrastructure/seeds/specs/ic-5-2-donation-membership-internal-notification.spec.ts
PASS src/implementations/infrastructure/seeds/specs/ic-3-29-help-menu.spec.ts
A worker process has failed to exit gracefully and has been force exited. This is likely caused by tests leaking due to improper teardown. Try running with --detectOpenHandles to find leaks. Active timers can also cause this, ensure that .unref() was called on them.

Test Suites: 21 passed, 21 total
Tests:       183 passed, 183 total
Snapshots:   0 total
Time:        22.162 s, estimated 23 s
