(node:91351) [DEP0040] DeprecationWarning: The `punycode` module is deprecated. Please use a userland alternative instead.
(Use `node --trace-deprecation ...` to show where the warning was created)
PASS src/implementations/infrastructure/seeds/specs/ic-3-28-fiscal-year.spec.ts (17.954 s)
(node:91352) [DEP0040] DeprecationWarning: The `punycode` module is deprecated. Please use a userland alternative instead.
(Use `node --trace-deprecation ...` to show where the warning was created)
PASS src/implementations/infrastructure/seeds/specs/ic-3-25-setup-profiles-and-users.spec.ts (18.411 s)
(node:91350) [DEP0040] DeprecationWarning: The `punycode` module is deprecated. Please use a userland alternative instead.
(Use `node --trace-deprecation ...` to show where the warning was created)
PASS src/implementations/infrastructure/seeds/specs/ic-seeds.spec.ts (19.01 s)
(node:91356) [DEP0040] DeprecationWarning: The `punycode` module is deprecated. Please use a userland alternative instead.
(Use `node --trace-deprecation ...` to show where the warning was created)
PASS src/implementations/infrastructure/seeds/specs/ic-3-33-membership-fields-autopopulate.spec.ts (19.143 s)
(node:91357) [DEP0040] DeprecationWarning: The `punycode` module is deprecated. Please use a userland alternative instead.
(Use `node --trace-deprecation ...` to show where the warning was created)
PASS src/implementations/infrastructure/seeds/specs/demo-opportunity-stages.spec.ts (19.135 s)
(node:91354) [DEP0040] DeprecationWarning: The `punycode` module is deprecated. Please use a userland alternative instead.
(Use `node --trace-deprecation ...` to show where the warning was created)
PASS src/implementations/infrastructure/seeds/specs/ic-5-07-npsp-customizable-rollups.spec.ts (20.051 s)
(node:91349) [DEP0040] DeprecationWarning: The `punycode` module is deprecated. Please use a userland alternative instead.
(Use `node --trace-deprecation ...` to show where the warning was created)
PASS src/implementations/infrastructure/seeds/specs/ic-4-01-specific-funds-debit-credit.spec.ts (21.944 s)
(node:91355) [DEP0040] DeprecationWarning: The `punycode` module is deprecated. Please use a userland alternative instead.
(Use `node --trace-deprecation ...` to show where the warning was created)
PASS src/implementations/infrastructure/seeds/specs/ic-1-session-settings-cdn.spec.ts (24.452 s)
(node:91353) [DEP0040] DeprecationWarning: The `punycode` module is deprecated. Please use a userland alternative instead.
(Use `node --trace-deprecation ...` to show where the warning was created)
PASS src/implementations/infrastructure/seeds/specs/ic-3-04-mydomain-admin-user-permsets.spec.ts (25.511 s)
PASS src/implementations/infrastructure/seeds/specs/ic-3-13-create-online-apps.spec.ts (9.873 s)
PASS src/implementations/infrastructure/seeds/specs/ic-6-04-default-location.spec.ts (7.102 s)
PASS src/implementations/infrastructure/seeds/specs/ic-4-05-transaction-journal-layouts.spec.ts (6.253 s)
PASS src/implementations/infrastructure/seeds/specs/ic-veevart-auth.spec.ts (8.704 s)
PASS src/implementations/infrastructure/seeds/specs/ic-6-05-pos-email-labels.spec.ts (7.953 s)
PASS src/implementations/infrastructure/seeds/specs/ic-3-22-pos-batches.spec.ts (6.293 s)
PASS src/implementations/infrastructure/seeds/specs/ic-3-16-org-wide-email.spec.ts (7.206 s)
PASS src/implementations/scaffolding.spec.ts
PASS src/implementations/infrastructure/seeds/specs/ic-3-1-connected-apps-security.spec.ts
PASS src/implementations/infrastructure/seeds/publish-plan-template.cli.spec.ts
PASS src/implementations/infrastructure/seeds/specs/demo-company-info-mock-contact.spec.ts
PASS src/implementations/infrastructure/seeds/specs/demo-general-donation-fund.spec.ts
PASS src/implementations/infrastructure/seeds/specs/ic-5-2-donation-membership-internal-notification.spec.ts
PASS src/implementations/infrastructure/seeds/specs/ic-3-29-help-menu.spec.ts
A worker process has failed to exit gracefully and has been force exited. This is likely caused by tests leaking due to improper teardown. Try running with --detectOpenHandles to find leaks. Active timers can also cause this, ensure that .unref() was called on them.

Test Suites: 23 passed, 23 total
Tests:       226 passed, 226 total
Snapshots:   0 total
Time:        31.305 s
