PASS src/implementations/infrastructure/seeds/specs/demo-opportunity-stages.spec.ts (16.691 s)
(node:91264) [DEP0040] DeprecationWarning: The `punycode` module is deprecated. Please use a userland alternative instead.
(Use `node --trace-deprecation ...` to show where the warning was created)
PASS src/implementations/infrastructure/seeds/specs/ic-3-33-membership-fields-autopopulate.spec.ts (16.71 s)
(node:91263) [DEP0040] DeprecationWarning: The `punycode` module is deprecated. Please use a userland alternative instead.
(Use `node --trace-deprecation ...` to show where the warning was created)
PASS src/implementations/infrastructure/seeds/specs/ic-1-session-settings-cdn.spec.ts (16.713 s)
(node:91270) [DEP0040] DeprecationWarning: The `punycode` module is deprecated. Please use a userland alternative instead.
(Use `node --trace-deprecation ...` to show where the warning was created)
PASS src/implementations/infrastructure/seeds/specs/ic-5-07-npsp-customizable-rollups.spec.ts (17.055 s)
(node:91271) [DEP0040] DeprecationWarning: The `punycode` module is deprecated. Please use a userland alternative instead.
(Use `node --trace-deprecation ...` to show where the warning was created)
(node:91265) [DEP0040] DeprecationWarning: The `punycode` module is deprecated. Please use a userland alternative instead.
(Use `node --trace-deprecation ...` to show where the warning was created)
PASS src/implementations/infrastructure/seeds/specs/ic-3-04-mydomain-admin-user-permsets.spec.ts (18.15 s)
(node:91267) [DEP0040] DeprecationWarning: The `punycode` module is deprecated. Please use a userland alternative instead.
(Use `node --trace-deprecation ...` to show where the warning was created)
PASS src/implementations/infrastructure/seeds/specs/ic-3-25-setup-profiles-and-users.spec.ts (18.23 s)
(node:91266) [DEP0040] DeprecationWarning: The `punycode` module is deprecated. Please use a userland alternative instead.
(Use `node --trace-deprecation ...` to show where the warning was created)
PASS src/implementations/infrastructure/seeds/specs/ic-3-28-fiscal-year.spec.ts (18.276 s)
(node:91268) [DEP0040] DeprecationWarning: The `punycode` module is deprecated. Please use a userland alternative instead.
(Use `node --trace-deprecation ...` to show where the warning was created)
PASS src/implementations/infrastructure/seeds/specs/ic-seeds.spec.ts (18.844 s)
(node:91269) [DEP0040] DeprecationWarning: The `punycode` module is deprecated. Please use a userland alternative instead.
(Use `node --trace-deprecation ...` to show where the warning was created)
PASS src/implementations/infrastructure/seeds/specs/ic-4-01-specific-funds-debit-credit.spec.ts (19.049 s)
PASS src/implementations/infrastructure/seeds/specs/ic-3-16-org-wide-email.spec.ts
PASS src/implementations/infrastructure/seeds/specs/ic-veevart-auth.spec.ts
PASS src/implementations/infrastructure/seeds/specs/ic-6-05-pos-email-labels.spec.ts
PASS src/implementations/infrastructure/seeds/specs/ic-4-05-transaction-journal-layouts.spec.ts
PASS src/implementations/infrastructure/seeds/specs/ic-3-22-pos-batches.spec.ts
PASS src/implementations/infrastructure/seeds/specs/demo-general-donation-fund.spec.ts
PASS src/implementations/infrastructure/seeds/specs/ic-3-1-connected-apps-security.spec.ts
PASS src/implementations/infrastructure/seeds/specs/ic-3-13-create-online-apps.spec.ts
PASS src/implementations/infrastructure/seeds/publish-plan-template.cli.spec.ts
PASS src/implementations/infrastructure/seeds/specs/ic-6-04-default-location.spec.ts
PASS src/implementations/infrastructure/seeds/specs/ic-5-2-donation-membership-internal-notification.spec.ts
PASS src/implementations/infrastructure/seeds/specs/ic-3-29-help-menu.spec.ts
PASS src/implementations/infrastructure/seeds/specs/demo-company-info-mock-contact.spec.ts
A worker process has failed to exit gracefully and has been force exited. This is likely caused by tests leaking due to improper teardown. Try running with --detectOpenHandles to find leaks. Active timers can also cause this, ensure that .unref() was called on them.

Test Suites: 22 passed, 22 total
Tests:       205 passed, 205 total
Snapshots:   0 total
Time:        23.365 s
