(node:23676) Warning: `--localstorage-file` was provided without a valid path
(Use `node --trace-warnings ...` to show where the warning was created)
FAIL src/data-migration/infrastructure/destination/sql-server/query-regression/membership-program-linkage-query.spec.ts
  membership program lookup integrity (IM-1106)
    membership_program.sql key contract
      ✓ emits one row per membership level term keyed on the term owner level (1 ms)
    consumer queries
      ✓ finds every vnfp__Membership_Program__c projection in the query catalog
      ✕ opportunity-membership/membership_transactions.sql anchors every Membership Program id on the membership level term (1 ms)
      ✕ recurring-donation-membership/all_recurring.sql anchors every Membership Program id on the membership level term
      ✓ recurring-donation-membership/recurring_donation.sql anchors every Membership Program id on the membership level term
      ✕ recurring-donation-membership/recurring_membership.sql anchors every Membership Program id on the membership level term
      ✓ rejects transaction/order-level anchors and the original ml.ID bug
      ✕ uses the term-anchored expression in both membership_transactions.sql branches (1 ms)
      ✕ keeps the recurring membership queries term-anchored

  ● membership program lookup integrity (IM-1106) › consumer queries › opportunity-membership/membership_transactions.sql anchors every Membership Program id on the membership level term

    expect(received).toBe(expected) // Object.is equality

    Expected: true
    Received: false

      114 |           // Fails on the exact anchors the IM-1106 lineage rule forbids
      115 |           // (mt./soim./obm.MEMBERSHIPLEVELID) and on the original ml.ID bug.
    > 116 |           expect(isTermAnchoredMembershipProgramKey(expression)).toBe(true);
          |                                                                  ^
      117 |         }
      118 |       },
      119 |     );

      at data-migration/infrastructure/destination/sql-server/query-regression/membership-program-linkage-query.spec.ts:116:66

  ● membership program lookup integrity (IM-1106) › consumer queries › recurring-donation-membership/all_recurring.sql anchors every Membership Program id on the membership level term

    expect(received).toBe(expected) // Object.is equality

    Expected: true
    Received: false

      114 |           // Fails on the exact anchors the IM-1106 lineage rule forbids
      115 |           // (mt./soim./obm.MEMBERSHIPLEVELID) and on the original ml.ID bug.
    > 116 |           expect(isTermAnchoredMembershipProgramKey(expression)).toBe(true);
          |                                                                  ^
      117 |         }
      118 |       },
      119 |     );

      at data-migration/infrastructure/destination/sql-server/query-regression/membership-program-linkage-query.spec.ts:116:66

  ● membership program lookup integrity (IM-1106) › consumer queries › recurring-donation-membership/recurring_membership.sql anchors every Membership Program id on the membership level term

    expect(received).toBe(expected) // Object.is equality

    Expected: true
    Received: false

      114 |           // Fails on the exact anchors the IM-1106 lineage rule forbids
      115 |           // (mt./soim./obm.MEMBERSHIPLEVELID) and on the original ml.ID bug.
    > 116 |           expect(isTermAnchoredMembershipProgramKey(expression)).toBe(true);
          |                                                                  ^
      117 |         }
      118 |       },
      119 |     );

      at data-migration/infrastructure/destination/sql-server/query-regression/membership-program-linkage-query.spec.ts:116:66

  ● membership program lookup integrity (IM-1106) › consumer queries › uses the term-anchored expression in both membership_transactions.sql branches

    expect(received).toBe(expected) // Object.is equality

    Expected: 2
    Received: 0

      159 |
      160 |       // Membership-transaction branch + order-backed branch.
    > 161 |       expect(occurrences - 1).toBe(2);
          |                               ^
      162 |     });
      163 |
      164 |     it('keeps the recurring membership queries term-anchored', () => {

      at Object.<anonymous> (data-migration/infrastructure/destination/sql-server/query-regression/membership-program-linkage-query.spec.ts:161:31)

  ● membership program lookup integrity (IM-1106) › consumer queries › keeps the recurring membership queries term-anchored

    expect(received).toContain(expected) // indexOf

    Expected substring: "CAST(mlt.LEVELID AS VARCHAR(36)) + '-' + CAST(mlt.ID AS VARCHAR(36)) AS vnfp__Membership_Program__c"
    Received string:    "DECLARE @useDateFrom BIT = IIF(@hasDateFilterFrom = 1, 1, 0);
    DECLARE @useDateTo BIT = IIF(@hasDateFilterTo = 1, 1, 0);
    DECLARE @filterDateFrom DATE = CAST(@dateFilterFrom AS DATE);
    DECLARE @filterDateTo DATE = CAST(@dateFilterTo AS DATE);··
    WITH MembershipRecurringGifts AS (
        SELECT
            ft.ID AS RecurringGiftId,
            ft.CALCULATEDUSERDEFINEDID AS LookupIdLegacy,
            ft.TRANSACTIONAMOUNT AS Amount,
            ft.CALCULATEDDATE AS StartDate,
            ft.CONSTITUENTID
        FROM FINANCIALTRANSACTION ft
        WHERE ft.TYPECODE = 2·
    ),
    MembershipSplits AS (
        SELECT
            rse.ID AS RevenueSplitId,
            rse.DESIGNATIONID,
            rse.APPLICATION
        FROM REVENUESPLIT_EXT rse
        WHERE rse.APPLICATION = 'Membership'
    )·········
    SELECT
        rg.RecurringGiftId AS Implementation_External_ID__c,
        rg.LookupIdLegacy AS LookUp_ID_Legacy,
        CONCAT(c.KEYNAME, ' ', ISNULL(c.FIRSTNAME, ''), ' $', CAST(rg.Amount AS nvarchar(50)), ' - Recurring') AS Name,
        rg.Amount AS npe03__Amount__c,
        CASE WHEN c.ISCONSTITUENT = 1 AND c.ISORGANIZATION = 0 AND c.ISGROUP = 0 THEN c.ID ELSE NULL END AS npe03__Contact__c,
        CASE WHEN c.ISORGANIZATION = 1 OR c.ISGROUP = 1 THEN c.ID ELSE NULL END AS npe03__Organization__c,
        CAST(rg.StartDate AS DATE) AS npe03__Date_Established__c,
        NULL AS npe03__Installment_Period__c,
        NULL AS npe03__Installments__c,
        0 AS npe03__Paid_Amount__c,
        re.APPEALID AS npe03__Recurring_Donation_Campaign__c,
        DAY(rg.StartDate) AS npsp__Day_of_Month__c,
        NULL AS npsp__InstallmentFrequency__c,
        rpm.PAYMENTMETHOD AS npsp__PaymentMethod__c,
        CASE
            WHEN (rs.NUMBEROFINSTALLMENTS IS NOT NULL AND rs.NUMBEROFINSTALLMENTS > 0)
                 OR rs.ENDDATE IS NOT NULL THEN 'Fixed'
            ELSE 'Open'
        END AS npsp__RecurringType__c,
        CAST(rg.StartDate AS DATE) AS npsp__StartDate__c,····························································
        'Closed' AS npsp__Status__c,
        NULL AS npsp__ClosedReason__c,
        NULL AS npsp__EndDate__c,
        CAST(ml.ID AS VARCHAR(36)) + '-' + CAST(mlt.ID AS VARCHAR(36)) AS vnfp__Membership_Program__c,
        NULL AS vnfp__Specific_Fund__c,
        NULL AS vnfp__Specific_Fund__c_Name,
        CAST(rg.StartDate AS DATE) AS vnfp__Start_Date__c
    FROM MembershipRecurringGifts rg
    JOIN FINANCIALTRANSACTIONLINEITEM ftl
        ON ftl.FINANCIALTRANSACTIONID = rg.RecurringGiftId
        AND ftl.[TYPE] = 'Standard'
    JOIN MembershipSplits ms
        ON ms.RevenueSplitId = ftl.ID
    LEFT JOIN REVENUESCHEDULE rs
        ON rs.ID = rg.RecurringGiftId
    LEFT JOIN REVENUE_EXT re
        ON re.ID = rg.RecurringGiftId···
    LEFT JOIN MEMBERSHIPTRANSACTION mt
        ON mt.REVENUESPLITID = ftl.ID
    LEFT JOIN MEMBERSHIPLEVEL ml
        ON ml.ID = mt.MEMBERSHIPLEVELID
    LEFT JOIN MEMBERSHIPPROGRAM prog
        ON prog.ID = ml.MEMBERSHIPPROGRAMID
    LEFT JOIN MEMBERSHIPLEVELTERM mlt
        ON mlt.ID = mt.MEMBERSHIPLEVELTERMID
    LEFT JOIN CONSTITUENT c
        ON c.ID = rg.CONSTITUENTID
    LEFT JOIN REVENUEPAYMENTMETHOD rpm
        ON rpm.REVENUEID = rg.RecurringGiftId
    WHERE (
            @useDateFrom = 0
            OR CAST(rg.StartDate AS DATE) >= @filterDateFrom
        )
        AND (
            @useDateTo = 0
            OR CAST(rg.StartDate AS DATE) <= @filterDateTo
        );
    "

      171 |         );
      172 |
    > 173 |         expect(sql).toContain(
          |                     ^
      174 |           "CAST(mlt.LEVELID AS VARCHAR(36)) + '-' + CAST(mlt.ID AS VARCHAR(36)) AS vnfp__Membership_Program__c",
      175 |         );
      176 |       }

      at Object.<anonymous> (data-migration/infrastructure/destination/sql-server/query-regression/membership-program-linkage-query.spec.ts:173:21)

Test Suites: 1 failed, 1 total
Tests:       5 failed, 4 passed, 9 total
Snapshots:   0 total
Time:        4.728 s, estimated 6 s
Ran all test suites matching src/data-migration/infrastructure/destination/sql-server/query-regression/membership-program-linkage-query.spec.ts.
