(node:23562) Warning: `--localstorage-file` was provided without a valid path
(Use `node --trace-warnings ...` to show where the warning was created)
PASS src/data-migration/infrastructure/destination/sql-server/query-regression/membership-program-linkage-query.spec.ts (5.724 s)
  membership program lookup integrity (IM-1106)
    membership_program.sql key contract
      ✓ emits one row per membership level term keyed on the term owner level (1 ms)
    consumer queries
      ✓ finds every vnfp__Membership_Program__c projection in the query catalog (1 ms)
      ✓ opportunity-membership/membership_transactions.sql anchors every Membership Program id on the membership level term
      ✓ recurring-donation-membership/all_recurring.sql anchors every Membership Program id on the membership level term
      ✓ recurring-donation-membership/recurring_donation.sql anchors every Membership Program id on the membership level term
      ✓ recurring-donation-membership/recurring_membership.sql anchors every Membership Program id on the membership level term (1 ms)
      ✓ rejects transaction/order-level anchors and the original ml.ID bug
      ✓ uses the term-anchored expression in both membership_transactions.sql branches
      ✓ keeps the recurring membership queries term-anchored (1 ms)

Test Suites: 1 passed, 1 total
Tests:       9 passed, 9 total
Snapshots:   0 total
Time:        5.864 s
Ran all test suites matching src/data-migration/infrastructure/destination/sql-server/query-regression/membership-program-linkage-query.spec.ts.
