(node:24519) Warning: `--localstorage-file` was provided without a valid path
(Use `node --trace-warnings ...` to show where the warning was created)
PASS src/data-migration/infrastructure/destination/sql-server/query-regression/shop-discount-query.spec.ts
  shop discount migration — gross-base contract
    sale_item.sql
      ✓ locates the per-unit Item_Price division (1 ms)
      ✓ derives Item_Price from the gross line total, not the net amount paid
    pos_discount_only_shop.sql
      ✓ uses the gross line total as the discount base
      ✓ emits an Amount discount with the gross subtotal as Value
      ✓ does not carry the unused net amount-paid aggregate
    net-amount fallback must subtract discounts (IM-1107)
      ✓ sale_item.sql does not use the gross line total as the net base
      ✓ client_purchase.sql does not use the gross line total as the net base
      ✓ sales_order_only_shop.sql does not use the gross line total as the net base
      ✓ sale_item.sql derives the net amount from gross minus the line discount
      ✓ sale_item.sql falls back to 0 when the gross line total is NULL
      ✓ client_purchase.sql falls back to 0 when the gross line total is NULL
      ✓ sales_order_only_shop.sql falls back to 0 when the gross line total is NULL
      ✓ client_purchase.sql subtracts the unit-preferring discount from the gross fallback
      ✓ sales_order_only_shop.sql subtracts the unit-preferring discount from the gross fallback

Test Suites: 1 passed, 1 total
Tests:       14 passed, 14 total
Snapshots:   0 total
Time:        0.216 s, estimated 1 s
Ran all test suites matching src/data-migration/infrastructure/destination/sql-server/query-regression/shop-discount-query.spec.ts.
