
> operating-system-backend@0.0.1 csm-os:play8:simulate
> cd infra/sam/csm-os/sync-orchestrator/lambdas && ./node_modules/.bin/esbuild simulation/play8-simulation.ts --bundle --platform=node --target=node20 --format=cjs --outfile=.p8-build.js --external:pg --external:@aws-sdk/* --log-level=warning && node .p8-build.js; ec=$?; rm -f .p8-build.js; exit $ec


[GATE 3] Play 8 ships in SHADOW — and it matters most here
  PASS  the migration seeds status = 'shadow'
  PASS  and never seeds an ACTIVE playbook
  PASS  the suppression scope is stated
  PASS  its reason is stated
  PASS  and it is BOUNDED, not open-ended

[ADVERSARIAL] one account legitimately trips FOUR shipped plays
  PASS  the priming sweep enrols nobody
  PASS  four plays fire on the same account, in the same run
  PASS  each one a different play — no per-account cap, by decision
  PASS  and the neighbouring account has none

[CDC] the first play triggered by a CHANGE, not by a sweep
  PASS  the CDC row becomes exactly one signal
  PASS  its payload is a jsonb OBJECT
  PASS  SQL can read what it changed FROM
  PASS  and what it changed to
  PASS  tiered as derived, not as a fact

[SUPPRESSION] enrolling silences the rest — and closes what is open
evaluate-playbooks-worker: termination suppressed 4 open instance(s) on account 11110000-0000-0000-0000-000000000001
  PASS  the termination play enrols
  PASS  the step text renders the CDC values from the frozen snapshot
  PASS  and leaves no placeholder unrendered
  PASS  all four other plays are closed
  PASS  and the reason is SUPPRESSED, not that their conditions cleared
  PASS  while the termination play itself stays open
  PASS  one suppression row was written
  PASS  with the declared reason
  PASS  scoped to EVERY play for the account
  PASS  and BOUNDED, so a reversal heals itself
  PASS  ninety days out, as the definition says
  PASS  the exit phase has nothing left to close
  PASS  so no close_reason was overwritten
  PASS  nothing re-enrols while the suppression holds
  PASS  and it is recorded as blocked, not silently dropped
  PASS  and suppression is the blocker named, ahead of every other guard
  PASS  and a play the guard actually REACHES is stopped by suppression
  PASS  the neighbouring account is untouched by any of it

[OUT OF ORDER] the CDC window is replayed, as the 25h lookback guarantees
  PASS  the same CDC row emits NO second signal
  PASS  there is still exactly one churn signal
  PASS  and no second termination instance
  PASS  nor a second suppression row

[OUT OF ORDER] the suppression expires and the engine comes back
  PASS  the engine is evaluating again somewhere
  PASS  the plays whose conditions are STILL true come back
  PASS  but one whose condition AGED OUT does not
  PASS  and the trace records that it was a re-arm, not a signal
  PASS  the untouched neighbour is unaffected throughout
  ...and a genuine new EDGE does bring a play back, so nothing is stuck
evaluate-playbooks-worker: 1 signal(s) older than the widest subscribing window (7d) were not considered. They are history, not candidates -- retained in csm_os.signals, never deleted.
  PASS  Ghost Account returns once its condition actually transitions again

[GATE 4] the evaluation log answers both questions on real rows
  PASS  a fired row exists for the termination play
  PASS  naming the CDC trigger
  PASS  all five shipped plays are left in shadow

ALL GREEN — 45/45 checks passed
