      592 |     });
      593 |
      594 |     it('emits only values the restricted picklist accepts (IM-1223)', async () => {

      at Object.<anonymous> (data-migration/infrastructure/destination/sql-server/query-regression/rental-event-query.integration.spec.ts:591:21)

  ● rental event query – contact placeholder regression (IM-539) › emits only values the restricted picklist accepts (IM-1223)

    expect(received).toBe(expected) // Object.is equality

    Expected: true
    Received: false

      604 |       // every() is vacuously true on an empty array, so pin the set is real.
      605 |       expect(emitted.length).toBeGreaterThan(0);
    > 606 |       expect(emitted.every((v) => v === 'Rental_Event' || v === 'Group')).toBe(
          |                                                                           ^
      607 |         true,
      608 |       );
      609 |     });

      at Object.<anonymous> (data-migration/infrastructure/destination/sql-server/query-regression/rental-event-query.integration.spec.ts:606:75)

  ● rental event query – contact placeholder regression (IM-539) › types every itinerary-less reservation as Rental_Event (IM-1223)

    expect(received).toBe(expected) // Object.is equality

    Expected: "Rental_Event"
    Received: null

      627 |       expect(itineraryLess.length).toBeGreaterThan(0);
      628 |       for (const { ID } of itineraryLess) {
    > 629 |         expect(findRow(rows, ID)?.Auctifera__Type__c).toBe('Rental_Event');
          |                                                       ^
      630 |       }
      631 |     });
      632 |

      at Object.<anonymous> (data-migration/infrastructure/destination/sql-server/query-regression/rental-event-query.integration.spec.ts:629:55)

Test Suites: 1 failed, 1 total
Tests:       3 failed, 21 passed, 24 total
Snapshots:   0 total
Time:        51.723 s, estimated 62 s
Ran all test suites matching query-regression/rental-event-query\.integration\.spec\.ts$.

[exited with code 0]
