PASS src/implementations/infrastructure/seeds/specs/demo-opportunity-stages.spec.ts (12.251 s)
(node:1936) [DEP0040] DeprecationWarning: The `punycode` module is deprecated. Please use a userland alternative instead.
(Use `node --trace-deprecation ...` to show where the warning was created)
(node:1941) [DEP0040] DeprecationWarning: The `punycode` module is deprecated. Please use a userland alternative instead.
(Use `node --trace-deprecation ...` to show where the warning was created)
PASS src/implementations/infrastructure/seeds/specs/demo-general-donation-fund.spec.ts (12.492 s)
(node:1942) [DEP0040] DeprecationWarning: The `punycode` module is deprecated. Please use a userland alternative instead.
(Use `node --trace-deprecation ...` to show where the warning was created)
PASS src/implementations/infrastructure/seeds/specs/ic-3-22-pos-batches.spec.ts (12.695 s)
(node:1940) [DEP0040] DeprecationWarning: The `punycode` module is deprecated. Please use a userland alternative instead.
(Use `node --trace-deprecation ...` to show where the warning was created)
PASS src/implementations/infrastructure/seeds/publish-plan-template.cli.spec.ts (12.601 s)
(node:1934) [DEP0040] DeprecationWarning: The `punycode` module is deprecated. Please use a userland alternative instead.
(Use `node --trace-deprecation ...` to show where the warning was created)
PASS src/implementations/infrastructure/seeds/specs/ic-4-01-specific-funds-debit-credit.spec.ts (13.216 s)
(node:1937) [DEP0040] DeprecationWarning: The `punycode` module is deprecated. Please use a userland alternative instead.
(Use `node --trace-deprecation ...` to show where the warning was created)
PASS src/implementations/infrastructure/seeds/specs/ic-4-05-transaction-journal-layouts.spec.ts (13.644 s)
(node:1935) [DEP0040] DeprecationWarning: The `punycode` module is deprecated. Please use a userland alternative instead.
(Use `node --trace-deprecation ...` to show where the warning was created)
PASS src/implementations/infrastructure/seeds/specs/ic-seeds.spec.ts (13.891 s)
(node:1939) [DEP0040] DeprecationWarning: The `punycode` module is deprecated. Please use a userland alternative instead.
(Use `node --trace-deprecation ...` to show where the warning was created)
PASS src/implementations/infrastructure/seeds/specs/demo-company-info-mock-contact.spec.ts (14.014 s)
(node:1938) [DEP0040] DeprecationWarning: The `punycode` module is deprecated. Please use a userland alternative instead.
(Use `node --trace-deprecation ...` to show where the warning was created)
PASS src/implementations/infrastructure/seeds/specs/ic-3-28-fiscal-year.spec.ts (14.012 s)
A worker process has failed to exit gracefully and has been force exited. This is likely caused by tests leaking due to improper teardown. Try running with --detectOpenHandles to find leaks. Active timers can also cause this, ensure that .unref() was called on them.

Test Suites: 9 passed, 9 total
Tests:       132 passed, 132 total
Snapshots:   0 total
Time:        15.125 s
