(node:25528) Warning: `--localstorage-file` was provided without a valid path
(Use `node --trace-warnings ...` to show where the warning was created)
FAIL src/data-migration/infrastructure/destination/sql-server/queries/opportunity-donation/__tests__/donation-transaction-recurring.spec.ts
  donation_transaction.sql – recurring donation lookup
    ✕ should populate npe03__Recurring_Donation__c when exactly one recurring donation resolves (1 ms)
    ✕ should set npe03__Recurring_Donation__c to NULL when multiple recurring donations resolve (ambiguous)
    ✕ should set npe03__Recurring_Donation__c to NULL for non-recurring donations
    date filter
      ✕ should return every transaction when no date filter is provided
      ✕ should drop transactions with CloseDate before fromDate
      ✕ should drop transactions with CloseDate after toDate
      ✕ should keep only transactions inside a custom window
      ✕ should include transactions exactly on the window boundaries (inclusive) (1 ms)
      ✕ should export a multi-line transaction once with its full summed Amount when inside the window
      ✕ should drop a multi-line transaction whole when the window excludes its CloseDate

  ● donation_transaction.sql – recurring donation lookup › should populate npe03__Recurring_Donation__c when exactly one recurring donation resolves

    Could not find a working container runtime strategy

      58 |
      59 |   beforeAll(async () => {
    > 60 |     container = await new MSSQLServerContainer(
         |                 ^
      61 |       'mcr.microsoft.com/mssql/server:2022-latest',
      62 |     )
      63 |       .acceptLicense()

      at getContainerRuntimeClient (../../../../../Users/veevart/Desktop/MigrationToolETL/node_modules/testcontainers/build/container-runtime/clients/client.js:67:11)
      at MSSQLServerContainer.start (../../../../../Users/veevart/Desktop/MigrationToolETL/node_modules/testcontainers/build/generic-container/generic-container.js:62:24)
      at MSSQLServerContainer.start (../../../../../Users/veevart/Desktop/MigrationToolETL/node_modules/@testcontainers/mssqlserver/build/mssqlserver-container.js:38:48)
      at Object.<anonymous> (data-migration/infrastructure/destination/sql-server/queries/opportunity-donation/__tests__/donation-transaction-recurring.spec.ts:60:17)

  ● donation_transaction.sql – recurring donation lookup › should set npe03__Recurring_Donation__c to NULL when multiple recurring donations resolve (ambiguous)

    Could not find a working container runtime strategy

      58 |
      59 |   beforeAll(async () => {
    > 60 |     container = await new MSSQLServerContainer(
         |                 ^
      61 |       'mcr.microsoft.com/mssql/server:2022-latest',
      62 |     )
      63 |       .acceptLicense()

      at getContainerRuntimeClient (../../../../../Users/veevart/Desktop/MigrationToolETL/node_modules/testcontainers/build/container-runtime/clients/client.js:67:11)
      at MSSQLServerContainer.start (../../../../../Users/veevart/Desktop/MigrationToolETL/node_modules/testcontainers/build/generic-container/generic-container.js:62:24)
      at MSSQLServerContainer.start (../../../../../Users/veevart/Desktop/MigrationToolETL/node_modules/@testcontainers/mssqlserver/build/mssqlserver-container.js:38:48)
      at Object.<anonymous> (data-migration/infrastructure/destination/sql-server/queries/opportunity-donation/__tests__/donation-transaction-recurring.spec.ts:60:17)

  ● donation_transaction.sql – recurring donation lookup › should set npe03__Recurring_Donation__c to NULL for non-recurring donations

    Could not find a working container runtime strategy

      58 |
      59 |   beforeAll(async () => {
    > 60 |     container = await new MSSQLServerContainer(
         |                 ^
      61 |       'mcr.microsoft.com/mssql/server:2022-latest',
      62 |     )
      63 |       .acceptLicense()

      at getContainerRuntimeClient (../../../../../Users/veevart/Desktop/MigrationToolETL/node_modules/testcontainers/build/container-runtime/clients/client.js:67:11)
      at MSSQLServerContainer.start (../../../../../Users/veevart/Desktop/MigrationToolETL/node_modules/testcontainers/build/generic-container/generic-container.js:62:24)
      at MSSQLServerContainer.start (../../../../../Users/veevart/Desktop/MigrationToolETL/node_modules/@testcontainers/mssqlserver/build/mssqlserver-container.js:38:48)
      at Object.<anonymous> (data-migration/infrastructure/destination/sql-server/queries/opportunity-donation/__tests__/donation-transaction-recurring.spec.ts:60:17)

  ● donation_transaction.sql – recurring donation lookup › date filter › should return every transaction when no date filter is provided

    Could not find a working container runtime strategy

      58 |
      59 |   beforeAll(async () => {
    > 60 |     container = await new MSSQLServerContainer(
         |                 ^
      61 |       'mcr.microsoft.com/mssql/server:2022-latest',
      62 |     )
      63 |       .acceptLicense()

      at getContainerRuntimeClient (../../../../../Users/veevart/Desktop/MigrationToolETL/node_modules/testcontainers/build/container-runtime/clients/client.js:67:11)
      at MSSQLServerContainer.start (../../../../../Users/veevart/Desktop/MigrationToolETL/node_modules/testcontainers/build/generic-container/generic-container.js:62:24)
      at MSSQLServerContainer.start (../../../../../Users/veevart/Desktop/MigrationToolETL/node_modules/@testcontainers/mssqlserver/build/mssqlserver-container.js:38:48)
      at Object.<anonymous> (data-migration/infrastructure/destination/sql-server/queries/opportunity-donation/__tests__/donation-transaction-recurring.spec.ts:60:17)

  ● donation_transaction.sql – recurring donation lookup › date filter › should drop transactions with CloseDate before fromDate

    Could not find a working container runtime strategy

      58 |
      59 |   beforeAll(async () => {
    > 60 |     container = await new MSSQLServerContainer(
         |                 ^
      61 |       'mcr.microsoft.com/mssql/server:2022-latest',
      62 |     )
      63 |       .acceptLicense()

      at getContainerRuntimeClient (../../../../../Users/veevart/Desktop/MigrationToolETL/node_modules/testcontainers/build/container-runtime/clients/client.js:67:11)
      at MSSQLServerContainer.start (../../../../../Users/veevart/Desktop/MigrationToolETL/node_modules/testcontainers/build/generic-container/generic-container.js:62:24)
      at MSSQLServerContainer.start (../../../../../Users/veevart/Desktop/MigrationToolETL/node_modules/@testcontainers/mssqlserver/build/mssqlserver-container.js:38:48)
      at Object.<anonymous> (data-migration/infrastructure/destination/sql-server/queries/opportunity-donation/__tests__/donation-transaction-recurring.spec.ts:60:17)

  ● donation_transaction.sql – recurring donation lookup › date filter › should drop transactions with CloseDate after toDate

    Could not find a working container runtime strategy

      58 |
      59 |   beforeAll(async () => {
    > 60 |     container = await new MSSQLServerContainer(
         |                 ^
      61 |       'mcr.microsoft.com/mssql/server:2022-latest',
      62 |     )
      63 |       .acceptLicense()

      at getContainerRuntimeClient (../../../../../Users/veevart/Desktop/MigrationToolETL/node_modules/testcontainers/build/container-runtime/clients/client.js:67:11)
      at MSSQLServerContainer.start (../../../../../Users/veevart/Desktop/MigrationToolETL/node_modules/testcontainers/build/generic-container/generic-container.js:62:24)
      at MSSQLServerContainer.start (../../../../../Users/veevart/Desktop/MigrationToolETL/node_modules/@testcontainers/mssqlserver/build/mssqlserver-container.js:38:48)
      at Object.<anonymous> (data-migration/infrastructure/destination/sql-server/queries/opportunity-donation/__tests__/donation-transaction-recurring.spec.ts:60:17)

  ● donation_transaction.sql – recurring donation lookup › date filter › should keep only transactions inside a custom window

    Could not find a working container runtime strategy

      58 |
      59 |   beforeAll(async () => {
    > 60 |     container = await new MSSQLServerContainer(
         |                 ^
      61 |       'mcr.microsoft.com/mssql/server:2022-latest',
      62 |     )
      63 |       .acceptLicense()

      at getContainerRuntimeClient (../../../../../Users/veevart/Desktop/MigrationToolETL/node_modules/testcontainers/build/container-runtime/clients/client.js:67:11)
      at MSSQLServerContainer.start (../../../../../Users/veevart/Desktop/MigrationToolETL/node_modules/testcontainers/build/generic-container/generic-container.js:62:24)
      at MSSQLServerContainer.start (../../../../../Users/veevart/Desktop/MigrationToolETL/node_modules/@testcontainers/mssqlserver/build/mssqlserver-container.js:38:48)
      at Object.<anonymous> (data-migration/infrastructure/destination/sql-server/queries/opportunity-donation/__tests__/donation-transaction-recurring.spec.ts:60:17)

  ● donation_transaction.sql – recurring donation lookup › date filter › should include transactions exactly on the window boundaries (inclusive)

    Could not find a working container runtime strategy

      58 |
      59 |   beforeAll(async () => {
    > 60 |     container = await new MSSQLServerContainer(
         |                 ^
      61 |       'mcr.microsoft.com/mssql/server:2022-latest',
      62 |     )
      63 |       .acceptLicense()

      at getContainerRuntimeClient (../../../../../Users/veevart/Desktop/MigrationToolETL/node_modules/testcontainers/build/container-runtime/clients/client.js:67:11)
      at MSSQLServerContainer.start (../../../../../Users/veevart/Desktop/MigrationToolETL/node_modules/testcontainers/build/generic-container/generic-container.js:62:24)
      at MSSQLServerContainer.start (../../../../../Users/veevart/Desktop/MigrationToolETL/node_modules/@testcontainers/mssqlserver/build/mssqlserver-container.js:38:48)
      at Object.<anonymous> (data-migration/infrastructure/destination/sql-server/queries/opportunity-donation/__tests__/donation-transaction-recurring.spec.ts:60:17)

  ● donation_transaction.sql – recurring donation lookup › date filter › should export a multi-line transaction once with its full summed Amount when inside the window

    Could not find a working container runtime strategy

      58 |
      59 |   beforeAll(async () => {
    > 60 |     container = await new MSSQLServerContainer(
         |                 ^
      61 |       'mcr.microsoft.com/mssql/server:2022-latest',
      62 |     )
      63 |       .acceptLicense()

      at getContainerRuntimeClient (../../../../../Users/veevart/Desktop/MigrationToolETL/node_modules/testcontainers/build/container-runtime/clients/client.js:67:11)
      at MSSQLServerContainer.start (../../../../../Users/veevart/Desktop/MigrationToolETL/node_modules/testcontainers/build/generic-container/generic-container.js:62:24)
      at MSSQLServerContainer.start (../../../../../Users/veevart/Desktop/MigrationToolETL/node_modules/@testcontainers/mssqlserver/build/mssqlserver-container.js:38:48)
      at Object.<anonymous> (data-migration/infrastructure/destination/sql-server/queries/opportunity-donation/__tests__/donation-transaction-recurring.spec.ts:60:17)

  ● donation_transaction.sql – recurring donation lookup › date filter › should drop a multi-line transaction whole when the window excludes its CloseDate

    Could not find a working container runtime strategy

      58 |
      59 |   beforeAll(async () => {
    > 60 |     container = await new MSSQLServerContainer(
         |                 ^
      61 |       'mcr.microsoft.com/mssql/server:2022-latest',
      62 |     )
      63 |       .acceptLicense()

      at getContainerRuntimeClient (../../../../../Users/veevart/Desktop/MigrationToolETL/node_modules/testcontainers/build/container-runtime/clients/client.js:67:11)
      at MSSQLServerContainer.start (../../../../../Users/veevart/Desktop/MigrationToolETL/node_modules/testcontainers/build/generic-container/generic-container.js:62:24)
      at MSSQLServerContainer.start (../../../../../Users/veevart/Desktop/MigrationToolETL/node_modules/@testcontainers/mssqlserver/build/mssqlserver-container.js:38:48)
      at Object.<anonymous> (data-migration/infrastructure/destination/sql-server/queries/opportunity-donation/__tests__/donation-transaction-recurring.spec.ts:60:17)

Test Suites: 1 failed, 1 total
Tests:       10 failed, 10 total
Snapshots:   0 total
Time:        0.92 s
Ran all test suites matching src/data-migration/infrastructure/destination/sql-server/queries/opportunity-donation/__tests__/donation-transaction-recurring.spec.ts.
