PASS src/implementations/infrastructure/seeds/specs/demo-opportunity-stages.spec.ts (17.418 s)
PASS src/implementations/infrastructure/seeds/specs/ic-4-05-transaction-journal-layouts.spec.ts (17.429 s)
PASS src/implementations/infrastructure/seeds/specs/ic-6-05-pos-email-labels.spec.ts (17.432 s)
(node:97471) [DEP0040] DeprecationWarning: The `punycode` module is deprecated. Please use a userland alternative instead.
(Use `node --trace-deprecation ...` to show where the warning was created)
PASS src/implementations/infrastructure/seeds/specs/ic-3-25-setup-profiles-and-users.spec.ts (17.464 s)
(node:97470) [DEP0040] DeprecationWarning: The `punycode` module is deprecated. Please use a userland alternative instead.
(Use `node --trace-deprecation ...` to show where the warning was created)
(node:97469) [DEP0040] DeprecationWarning: The `punycode` module is deprecated. Please use a userland alternative instead.
(Use `node --trace-deprecation ...` to show where the warning was created)
PASS src/implementations/infrastructure/seeds/specs/ic-4-01-specific-funds-debit-credit.spec.ts (17.446 s)
(node:97472) [DEP0040] DeprecationWarning: The `punycode` module is deprecated. Please use a userland alternative instead.
(Use `node --trace-deprecation ...` to show where the warning was created)
(node:97467) [DEP0040] DeprecationWarning: The `punycode` module is deprecated. Please use a userland alternative instead.
(Use `node --trace-deprecation ...` to show where the warning was created)
(node:97468) [DEP0040] DeprecationWarning: The `punycode` module is deprecated. Please use a userland alternative instead.
(Use `node --trace-deprecation ...` to show where the warning was created)
PASS src/implementations/infrastructure/seeds/specs/ic-3-04-mydomain-admin-user-permsets.spec.ts (17.531 s)
(node:97466) [DEP0040] DeprecationWarning: The `punycode` module is deprecated. Please use a userland alternative instead.
(Use `node --trace-deprecation ...` to show where the warning was created)
PASS src/implementations/infrastructure/seeds/specs/ic-1-session-settings-cdn.spec.ts (17.979 s)
PASS src/implementations/infrastructure/seeds/specs/ic-6-04-default-location.spec.ts (18.17 s)
(node:97465) [DEP0040] DeprecationWarning: The `punycode` module is deprecated. Please use a userland alternative instead.
(Use `node --trace-deprecation ...` to show where the warning was created)
(node:97464) [DEP0040] DeprecationWarning: The `punycode` module is deprecated. Please use a userland alternative instead.
(Use `node --trace-deprecation ...` to show where the warning was created)
PASS src/implementations/infrastructure/seeds/specs/ic-seeds.spec.ts (20.749 s)
PASS src/implementations/infrastructure/seeds/specs/ic-3-28-fiscal-year.spec.ts
PASS src/implementations/infrastructure/seeds/specs/ic-3-16-org-wide-email.spec.ts
PASS src/implementations/infrastructure/seeds/specs/ic-3-29-help-menu.spec.ts
PASS src/implementations/infrastructure/seeds/specs/demo-company-info-mock-contact.spec.ts (5.296 s)
PASS src/implementations/infrastructure/seeds/specs/demo-general-donation-fund.spec.ts
PASS src/implementations/infrastructure/seeds/publish-plan-template.cli.spec.ts (5.431 s)
PASS src/implementations/infrastructure/seeds/specs/ic-3-22-pos-batches.spec.ts (5.329 s)
PASS src/implementations/infrastructure/seeds/specs/ic-3-33-membership-fields-autopopulate.spec.ts (5.056 s)
PASS src/implementations/infrastructure/seeds/specs/ic-5-07-npsp-customizable-rollups.spec.ts
PASS src/implementations/infrastructure/seeds/specs/ic-5-2-donation-membership-internal-notification.spec.ts
A worker process has failed to exit gracefully and has been force exited. This is likely caused by tests leaking due to improper teardown. Try running with --detectOpenHandles to find leaks. Active timers can also cause this, ensure that .unref() was called on them.

Test Suites: 19 passed, 19 total
Tests:       189 passed, 189 total
Snapshots:   0 total
Time:        24.159 s, estimated 28 s
