PASS src/implementations/infrastructure/seeds/specs/ic-3-1-connected-apps-security.spec.ts (18.096 s)
PASS src/implementations/infrastructure/seeds/specs/demo-company-info-mock-contact.spec.ts (18.112 s)
PASS src/implementations/infrastructure/seeds/specs/ic-3-04-mydomain-admin-user-permsets.spec.ts (18.048 s)
PASS src/implementations/infrastructure/seeds/specs/ic-4-07-rounding-approximation-canada.spec.ts (18.139 s)
PASS src/implementations/infrastructure/seeds/specs/ic-5-07-npsp-customizable-rollups.spec.ts (18.063 s)
PASS src/implementations/infrastructure/seeds/specs/ic-3-29-help-menu.spec.ts (18.056 s)
(node:88138) [DEP0040] DeprecationWarning: The `punycode` module is deprecated. Please use a userland alternative instead.
(Use `node --trace-deprecation ...` to show where the warning was created)
(node:88136) [DEP0040] DeprecationWarning: The `punycode` module is deprecated. Please use a userland alternative instead.
(Use `node --trace-deprecation ...` to show where the warning was created)
(node:88137) [DEP0040] DeprecationWarning: The `punycode` module is deprecated. Please use a userland alternative instead.
(Use `node --trace-deprecation ...` to show where the warning was created)
(node:88140) [DEP0040] DeprecationWarning: The `punycode` module is deprecated. Please use a userland alternative instead.
(Use `node --trace-deprecation ...` to show where the warning was created)
(node:88139) [DEP0040] DeprecationWarning: The `punycode` module is deprecated. Please use a userland alternative instead.
(Use `node --trace-deprecation ...` to show where the warning was created)
(node:88133) [DEP0040] DeprecationWarning: The `punycode` module is deprecated. Please use a userland alternative instead.
(Use `node --trace-deprecation ...` to show where the warning was created)
(node:88135) [DEP0040] DeprecationWarning: The `punycode` module is deprecated. Please use a userland alternative instead.
(Use `node --trace-deprecation ...` to show where the warning was created)
PASS src/implementations/infrastructure/seeds/specs/ic-3-28-fiscal-year.spec.ts (18.196 s)
(node:88141) [DEP0040] DeprecationWarning: The `punycode` module is deprecated. Please use a userland alternative instead.
(Use `node --trace-deprecation ...` to show where the warning was created)
PASS src/implementations/infrastructure/seeds/specs/ic-3-22-pos-batches.spec.ts (18.242 s)
(node:88134) [DEP0040] DeprecationWarning: The `punycode` module is deprecated. Please use a userland alternative instead.
(Use `node --trace-deprecation ...` to show where the warning was created)
PASS src/implementations/infrastructure/seeds/specs/ic-3-25-setup-profiles-and-users.spec.ts (18.419 s)
PASS src/implementations/infrastructure/seeds/specs/ic-6-05-pos-email-labels.spec.ts (5.626 s)
PASS src/implementations/infrastructure/seeds/specs/ic-3-26-email-integration.spec.ts (8.309 s)
PASS src/implementations/infrastructure/seeds/specs/ic-3-33-membership-fields-autopopulate.spec.ts (8.271 s)
PASS src/implementations/infrastructure/seeds/specs/ic-3-zuppio-org-authorization.spec.ts
PASS src/implementations/infrastructure/seeds/specs/ic-5-2-donation-membership-internal-notification.spec.ts (8.255 s)
PASS src/implementations/infrastructure/seeds/specs/ic-8-04-verify-electronic-payment.spec.ts (8.59 s)
PASS src/implementations/infrastructure/seeds/specs/ic-3-16-org-wide-email.spec.ts (8.368 s)
PASS src/implementations/infrastructure/seeds/specs/ic-4-06-quickbooks-integration.spec.ts (8.763 s)
PASS src/implementations/infrastructure/seeds/specs/ic-4-01-specific-funds-debit-credit.spec.ts (8.58 s)
PASS src/implementations/infrastructure/seeds/specs/ic-4-05-transaction-journal-layouts.spec.ts (8.049 s)
PASS scripts/master-template-composition.spec.ts
PASS scripts/csm-os/extract-json.spec.ts
PASS src/implementations/infrastructure/seeds/specs/ic-6-04-default-location.spec.ts
PASS src/implementations/infrastructure/seeds/specs/ic-1-dkim-setup.spec.ts
PASS src/implementations/infrastructure/seeds/specs/ic-3-23-adyen-onboarding.spec.ts
PASS src/implementations/infrastructure/seeds/specs/ic-veevart-auth.spec.ts
PASS src/implementations/infrastructure/seeds/specs/ic-3-13-create-online-apps.spec.ts
PASS src/implementations/infrastructure/seeds/specs/demo-general-donation-fund.spec.ts
PASS src/implementations/infrastructure/seeds/specs/ic-seeds.spec.ts
PASS src/implementations/infrastructure/seeds/specs/ic-1-session-settings-cdn.spec.ts
A worker process has failed to exit gracefully and has been force exited. This is likely caused by tests leaking due to improper teardown. Try running with --detectOpenHandles to find leaks. Active timers can also cause this, ensure that .unref() was called on them.

Test Suites: 29 passed, 29 total
Tests:       216 passed, 216 total
Snapshots:   0 total
Time:        30.317 s
