PASS src/implementations/scaffolding.spec.ts
  Implementations scaffolding
    folder layout
      ✓ has application/ports directory (1 ms)
      ✓ has application/use-cases directory
      ✓ has application/dtos directory
      ✓ has domain/model directory
      ✓ has domain/model/catalog directory
      ✓ has domain/model/runtime directory
      ✓ has domain/policies directory
      ✓ has domain/events directory
      ✓ has domain/exceptions directory (1 ms)
      ✓ has infrastructure/entrypoints directory
      ✓ has infrastructure/entrypoints/rest directory
      ✓ has infrastructure/entrypoints/websocket directory
      ✓ has infrastructure/entrypoints/streams directory
      ✓ has infrastructure/entrypoints/lambda directory
      ✓ has infrastructure/step-functions directory
      ✓ has infrastructure/tools directory
      ✓ has infrastructure/probes directory
      ✓ has infrastructure/persistence/dynamodb/mappers directory
      ✓ has infrastructure/adapters directory
      ✓ has infrastructure/seeds directory
    domain isolation
      ✓ contains no infrastructure imports (6 ms)

Test Suites: 1 passed, 1 total
Tests:       21 passed, 21 total
Snapshots:   0 total
Time:        2.113 s
Ran all test suites matching /src\/implementations\/scaffolding.spec.ts/i.
