(node:88261) [DEP0040] DeprecationWarning: The `punycode` module is deprecated. Please use a userland alternative instead.
(Use `node --trace-deprecation ...` to show where the warning was created)
PASS src/implementations/infrastructure/seeds/specs/ic-seeds.spec.ts
  catalog seed specs (bulk parseSpec validation)
    ✓ finds the seed files to validate (1 ms)
    ✓ parses demo-company-info-mock-contact.json without throwing
    ✓ parses demo-general-donation-fund.json without throwing (1 ms)
    ✓ parses ic-1-dkim-setup.json without throwing
    ✓ parses ic-1-session-settings-cdn.json without throwing
    ✓ parses ic-3-02-folders-and-enhanced-sharing.json without throwing (1 ms)
    ✓ parses ic-3-03-rename-tabs-and-labels.json without throwing
    ✓ parses ic-3-04-mydomain-admin-user-permsets.json without throwing
    ✓ parses ic-3-05-pos-timeout-timezone.json without throwing
    ✓ parses ic-3-06-account-contact-record-types-layouts.json without throwing (1 ms)
    ✓ parses ic-3-07-org-default-record-type.json without throwing
    ✓ parses ic-3-08-history-tracking-accounts-contacts.json without throwing
    ✓ parses ic-3-09-history-tracking-financial-objects.json without throwing
    ✓ parses ic-3-1-connected-apps-security.json without throwing (1 ms)
    ✓ parses ic-3-11-create-all-documents.json without throwing
    ✓ parses ic-3-13-create-online-apps.json without throwing
    ✓ parses ic-3-14-duplicate-rules.json without throwing
    ✓ parses ic-3-15-custom-apps-setting-branding.json without throwing
    ✓ parses ic-3-16-org-wide-email.json without throwing
    ✓ parses ic-3-17-remote-site-settings.json without throwing
    ✓ parses ic-3-18-home-page-dashboards.json without throwing
    ✓ parses ic-3-19-branding-theme-updates.json without throwing
    ✓ parses ic-3-22-pos-batches.json without throwing
    ✓ parses ic-3-23-adyen-onboarding.json without throwing
    ✓ parses ic-3-25-setup-profiles-and-users.json without throwing
    ✓ parses ic-3-26-email-integration.json without throwing
    ✓ parses ic-3-27-museum-days-off.json without throwing
    ✓ parses ic-3-28-fiscal-year.json without throwing
    ✓ parses ic-3-29-help-menu.json without throwing
    ✓ parses ic-3-3-activate-feature-settings.json without throwing (1 ms)
    ✓ parses ic-3-31-queueable-delay.json without throwing
    ✓ parses ic-3-32-end-of-day-dashboard.json without throwing
    ✓ parses ic-3-33-membership-fields-autopopulate.json without throwing
    ✓ parses ic-3-zuppio-org-authorization.json without throwing
    ✓ parses ic-4-01-specific-funds-debit-credit.json without throwing
    ✓ parses ic-4-02-default-gl-codes.json without throwing (1 ms)
    ✓ parses ic-4-05-transaction-journal-layouts.json without throwing
    ✓ parses ic-4-06-quickbooks-integration.json without throwing
    ✓ parses ic-4-07-rounding-approximation-canada.json without throwing
    ✓ parses ic-5-01-account-opportunity-record-types.json without throwing
    ✓ parses ic-5-02-opportunity-page-layouts.json without throwing (1 ms)
    ✓ parses ic-5-03-specific-fund-membership-layouts.json without throwing
    ✓ parses ic-5-04-opportunity-stages.json without throwing
    ✓ parses ic-5-05-default-acknowledgment-status.json without throwing
    ✓ parses ic-5-06-opportunity-history-mandatory.json without throwing
    ✓ parses ic-5-07-npsp-customizable-rollups.json without throwing
    ✓ parses ic-5-08-npsp-opportunity-names.json without throwing
    ✓ parses ic-5-09-recurring-donation-setting.json without throwing
    ✓ parses ic-5-19-acknowledgement-letters.json without throwing
    ✓ parses ic-5-2-donation-membership-internal-notification.json without throwing
    ✓ parses ic-5-22-leads-page-layout.json without throwing
    ✓ parses ic-5-23-campaigns-page-layout.json without throwing
    ✓ parses ic-5-24-tax-letter-setup.json without throwing
    ✓ parses ic-5-25-digital-membership-cards-setup.json without throwing
    ✓ parses ic-5-26-npsp-contact-roles-default.json without throwing
    ✓ parses ic-6-01-override-field-labels.json without throwing
    ✓ parses ic-6-02-ticketing-page-layouts.json without throwing
    ✓ parses ic-6-03-history-tracking-ticketing.json without throwing (1 ms)
    ✓ parses ic-6-04-default-location.json without throwing
    ✓ parses ic-6-05-pos-email-labels.json without throwing
    ✓ parses ic-6-06-online-apps-setting-metadata.json without throwing
    ✓ parses ic-6-09-ticketing-group-form.json without throwing
    ✓ parses ic-6-12-course-wizard-courses-2-picklist.json without throwing
    ✓ parses ic-7-01-shop-page-layouts.json without throwing
    ✓ parses ic-7-02-history-tracking-gift-shop.json without throwing (4 ms)
    ✓ parses ic-7-03-applied-discounts-rt-layouts.json without throwing
    ✓ parses ic-8-01-rentals-page-layout.json without throwing
    ✓ parses ic-8-02-resources-setup.json without throwing
    ✓ parses ic-8-03-rental-event-status.json without throwing (1 ms)
    ✓ parses ic-8-04-verify-electronic-payment.json without throwing
    ✓ parses ic-8-05-history-tracking-rentals.json without throwing
    ✓ parses ic-8-06-sandbox-creation.json without throwing
    ✓ parses ic-9-1-merchant-batches.json without throwing
    ✓ parses ic-9-2-accounting-batches.json without throwing (1 ms)
    ✓ parses ic-9-3-fundraising-batches.json without throwing
    ✓ parses ic-9-4-ticketing-batches.json without throwing
    ✓ parses ic-9-household-names-people-batches.json without throwing
    ✓ parses ic-veevart-auth.json without throwing

Test Suites: 1 passed, 1 total
Tests:       78 passed, 78 total
Snapshots:   0 total
Time:        2.784 s
Ran all test suites matching /src\/implementations\/infrastructure\/seeds\/specs\/ic-seeds.spec.ts/i.
