  op: [32m'remoteSite'[39m,
  target: [32m'Veevart_API'[39m,
  updated: [33mtrue[39m,
  verified: [33mfalse[39m,
  success: [33mfalse[39m
}
[32m[Nest] 63455  - [39m07/24/2026, 11:22:45 PM [32m    LOG[39m [38;5;3m[T3MetadataHandler] [39mObject(8) {
  action: [32m't3.handle.start'[39m,
  runId: [32m'run-1'[39m,
  caseRunId: [32m'case-run-1'[39m,
  stepRunId: [32m'step-run-1'[39m,
  orgId: [32m'00D4x00000000ABC'[39m,
  attempt: [33m1[39m,
  idempotencyKey: [32m'run-1#case-run-1#step-run-1#1'[39m,
  op: [32m'remoteSite'[39m
}
[32m[Nest] 63455  - [39m07/24/2026, 11:22:45 PM [32m    LOG[39m [38;5;3m[T3MetadataHandler] [39mObject(8) {
  action: [32m't3.handle.start'[39m,
  runId: [32m'run-1'[39m,
  caseRunId: [32m'case-run-1'[39m,
  stepRunId: [32m'step-run-1'[39m,
  orgId: [32m'00D4x00000000ABC'[39m,
  attempt: [33m1[39m,
  idempotencyKey: [32m'run-1#case-run-1#step-run-1#1'[39m,
  op: [32m'remoteSite'[39m
}
PASS src/implementations/infrastructure/entrypoints/lambda/t3-metadata.handler.spec.ts
PASS src/implementations/domain/model/tools/metadata-mutation-spec.spec.ts
PASS src/implementations/infrastructure/seeds/specs/ic-5-04-opportunity-stages.spec.ts

Test Suites: 4 passed, 4 total
Tests:       332 passed, 332 total
Snapshots:   0 total
Time:        3.39 s
Ran all test suites matching /src\/implementations\/infrastructure\/adapters\/tools\/t3-metadata.adapter.spec.ts|src\/implementations\/infrastructure\/entrypoints\/lambda\/t3-metadata.handler.spec.ts|src\/implementations\/domain\/model\/tools\/metadata-mutation-spec.spec.ts|src\/implementations\/infrastructure\/seeds\/specs\/ic-5-04-opportunity-stages.spec.ts/i.
