(node:20111) Warning: `--localstorage-file` was provided without a valid path
(Use `node --trace-warnings ...` to show where the warning was created)
PASS src/data-migration/infrastructure/destination/sql-server/query-regression/soft-credit-recognition-query.spec.ts
  soft credit NPSP target SQL queries
    ✓ uses one manual query per Salesforce target object (1 ms)
    ✓ Partial Soft Credit query uses REVENUERECOGNITION as row grain
    ✓ Account Soft Credit query uses REVENUERECOGNITION as row grain
    ✓ Partial Soft Credit query emits target-compatible columns only
    ✓ Account Soft Credit query emits target-compatible columns only
    ✓ Partial Soft Credit query links recognition rows to opportunity through standard line items
    ✓ Account Soft Credit query links recognition rows to opportunity through standard line items
    ✓ Partial Soft Credit query never emits the raw financial transaction id as the Opportunity foreign key
    ✓ Account Soft Credit query never emits the raw financial transaction id as the Opportunity foreign key
    ✓ Partial Soft Credit query gates the Opportunity foreign key on ids the Opportunity load emits (1 ms)
    ✓ Account Soft Credit query gates the Opportunity foreign key on ids the Opportunity load emits
    ✓ Partial Soft Credit query resolves pledge, matching-gift and recurring-gift payments to their parent opportunity
    ✓ Account Soft Credit query resolves pledge, matching-gift and recurring-gift payments to their parent opportunity
    ✓ Partial Soft Credit query breaks a multi-pledge tie by applied amount before external id
    ✓ Account Soft Credit query breaks a multi-pledge tie by applied amount before external id (1 ms)
    ✓ Partial Soft Credit query prefers the recognition own transaction over the parent opportunity
    ✓ Account Soft Credit query prefers the recognition own transaction over the parent opportunity
    ✓ Partial Soft Credit query keeps its Opportunity inclusion gate identical to donation_transaction.sql (1 ms)
    ✓ Account Soft Credit query keeps its Opportunity inclusion gate identical to donation_transaction.sql
    ✓ shares a byte-identical resolution prelude between both soft credit files (2 ms)
    ✓ Partial Soft Credit query keeps scope to known soft credit rows on donation-like applications
    ✓ Account Soft Credit query keeps scope to known soft credit rows on donation-like applications
    ✓ routes person recognitions only in the Partial Soft Credit query
    ✓ restricts Partial Soft Credit contacts to the individuals contact.sql migrates
    ✓ routes organization and group recognitions only in the Account Soft Credit query
    ✓ Partial Soft Credit query applies date filters against rr.EFFECTIVEDATE
    ✓ Account Soft Credit query applies date filters against rr.EFFECTIVEDATE

Test Suites: 1 passed, 1 total
Tests:       27 passed, 27 total
Snapshots:   0 total
Time:        0.236 s
Ran all test suites matching src/data-migration/infrastructure/destination/sql-server/query-regression/soft-credit-recognition-query.spec.ts.
npm notice
npm notice New minor version of npm available! 11.7.0 -> 11.18.0
npm notice Changelog: https://github.com/npm/cli/releases/tag/v11.18.0
npm notice To update run: npm install -g npm@11.18.0
npm notice
