(node:94593) [DEP0040] DeprecationWarning: The `punycode` module is deprecated. Please use a userland alternative instead.
(Use `node --trace-deprecation ...` to show where the warning was created)
PASS src/implementations/infrastructure/adapters/tools/t3-metadata.adapter.spec.ts
[32m[Nest] 94593  - [39m07/27/2026, 1:12:15 PM [32m    LOG[39m [38;5;3m[T3MetadataJsforceAdapter] [39mObject(6) {
  action: [32m't3.historyTracking'[39m,
  orgId: [32m'00D4x00000000ABC'[39m,
  object: [32m'Contact'[39m,
  enableObjectHistory: [33mtrue[39m,
  fieldRefCount: [33m2[39m,
  exclusive: [33mfalse[39m
}
[32m[Nest] 94593  - [39m07/27/2026, 1:12:15 PM [32m    LOG[39m [38;5;3m[T3MetadataJsforceAdapter] [39mObject(4) {
  action: [32m't3.historyTracking.done'[39m,
  orgId: [32m'00D4x00000000ABC'[39m,
  target: [32m'Contact'[39m,
  verified: [33mtrue[39m
}
[32m[Nest] 94593  - [39m07/27/2026, 1:12:15 PM [32m    LOG[39m [38;5;3m[T3MetadataJsforceAdapter] [39mObject(6) {
  action: [32m't3.historyTracking'[39m,
  orgId: [32m'00D4x00000000ABC'[39m,
  object: [32m'Contact'[39m,
  enableObjectHistory: [33mtrue[39m,
  fieldRefCount: [33m2[39m,
  exclusive: [33mfalse[39m
}
[32m[Nest] 94593  - [39m07/27/2026, 1:12:15 PM [32m    LOG[39m [38;5;3m[T3MetadataJsforceAdapter] [39mObject(4) {
  action: [32m't3.historyTracking.done'[39m,
  orgId: [32m'00D4x00000000ABC'[39m,
  target: [32m'Contact'[39m,
  verified: [33mtrue[39m
}
[32m[Nest] 94593  - [39m07/27/2026, 1:12:15 PM [32m    LOG[39m [38;5;3m[T3MetadataJsforceAdapter] [39mObject(6) {
  action: [32m't3.historyTracking'[39m,
  orgId: [32m'00D4x00000000ABC'[39m,
  object: [32m'Contact'[39m,
  enableObjectHistory: [33mtrue[39m,
  fieldRefCount: [33m2[39m,
  exclusive: [33mfalse[39m
}
[33m[Nest] 94593  - [39m07/27/2026, 1:12:15 PM [33m   WARN[39m [38;5;3m[T3MetadataJsforceAdapter] [39mObject(6) {
  action: [32m't3.throttleRetry'[39m,
  op: [32m'read'[39m,
  type: [32m'CustomObject'[39m,
  attempt: [33m1[39m,
  nextDelayMs: [33m3000[39m,
  error: [32m'REQUEST_LIMIT_EXCEEDED: too many requests'[39m
}
[32m[Nest] 94593  - [39m07/27/2026, 1:12:15 PM [32m    LOG[39m [38;5;3m[T3MetadataJsforceAdapter] [39mObject(4) {
  action: [32m't3.historyTracking.done'[39m,
  orgId: [32m'00D4x00000000ABC'[39m,
  target: [32m'Contact'[39m,
  verified: [33mtrue[39m
}
[32m[Nest] 94593  - [39m07/27/2026, 1:12:15 PM [32m    LOG[39m [38;5;3m[T3MetadataJsforceAdapter] [39mObject(6) {
  action: [32m't3.historyTracking'[39m,
  orgId: [32m'00D4x00000000ABC'[39m,
  object: [32m'Contact'[39m,
  enableObjectHistory: [1mnull[22m,
  fieldRefCount: [33m1[39m,
  exclusive: [33mfalse[39m
}
[32m[Nest] 94593  - [39m07/27/2026, 1:12:15 PM [32m    LOG[39m [38;5;3m[T3MetadataJsforceAdapter] [39mObject(4) {
  action: [32m't3.historyTracking.done'[39m,
  orgId: [32m'00D4x00000000ABC'[39m,
  target: [32m'Contact'[39m,
  verified: [33mtrue[39m
}
[32m[Nest] 94593  - [39m07/27/2026, 1:12:15 PM [32m    LOG[39m [38;5;3m[T3MetadataJsforceAdapter] [39mObject(6) {
  action: [32m't3.historyTracking'[39m,
  orgId: [32m'00D4x00000000ABC'[39m,
  object: [32m'Contact'[39m,
  enableObjectHistory: [33mtrue[39m,
  fieldRefCount: [33m2[39m,
  exclusive: [33mfalse[39m
}
[32m[Nest] 94593  - [39m07/27/2026, 1:12:15 PM [32m    LOG[39m [38;5;3m[T3MetadataJsforceAdapter] [39mObject(6) {
  action: [32m't3.historyTracking'[39m,
  orgId: [32m'00D4x00000000ABC'[39m,
  object: [32m'Contact'[39m,
  enableObjectHistory: [33mfalse[39m,
  fieldRefCount: [33m2[39m,
  exclusive: [33mfalse[39m
}
[32m[Nest] 94593  - [39m07/27/2026, 1:12:15 PM [32m    LOG[39m [38;5;3m[T3MetadataJsforceAdapter] [39mObject(5) {
  action: [32m't3.historyTracking.done'[39m,
  orgId: [32m'00D4x00000000ABC'[39m,
  noop: [33mtrue[39m,
  target: [32m'Contact'[39m,
  verified: [33mtrue[39m
}
[32m[Nest] 94593  - [39m07/27/2026, 1:12:15 PM [32m    LOG[39m [38;5;3m[T3MetadataJsforceAdapter] [39mObject(6) {
  action: [32m't3.historyTracking'[39m,
  orgId: [32m'00D4x00000000ABC'[39m,
  object: [32m'Contact'[39m,
  enableObjectHistory: [1mnull[22m,
  fieldRefCount: [33m1[39m,
  exclusive: [33mfalse[39m
}
[32m[Nest] 94593  - [39m07/27/2026, 1:12:15 PM [32m    LOG[39m [38;5;3m[T3MetadataJsforceAdapter] [39mObject(4) {
  action: [32m't3.historyTracking.done'[39m,
  orgId: [32m'00D4x00000000ABC'[39m,
  target: [32m'Contact'[39m,
  verified: [33mfalse[39m
}
[32m[Nest] 94593  - [39m07/27/2026, 1:12:15 PM [32m    LOG[39m [38;5;3m[T3MetadataJsforceAdapter] [39mObject(6) {
  action: [32m't3.historyTracking'[39m,
  orgId: [32m'00D4x00000000ABC'[39m,
  object: [32m'Contact'[39m,
  enableObjectHistory: [1mnull[22m,
  fieldRefCount: [33m2[39m,
  exclusive: [33mfalse[39m
}
[32m[Nest] 94593  - [39m07/27/2026, 1:12:15 PM [32m    LOG[39m [38;5;3m[T3MetadataJsforceAdapter] [39mObject(4) {
  action: [32m't3.historyTracking.done'[39m,
  orgId: [32m'00D4x00000000ABC'[39m,
  target: [32m'Contact'[39m,
  verified: [33mfalse[39m
}
[32m[Nest] 94593  - [39m07/27/2026, 1:12:15 PM [32m    LOG[39m [38;5;3m[T3MetadataJsforceAdapter] [39mObject(6) {
  action: [32m't3.historyTracking'[39m,
  orgId: [32m'00D4x00000000ABC'[39m,
  object: [32m'Contact'[39m,
  enableObjectHistory: [33mtrue[39m,
  fieldRefCount: [33m2[39m,
  exclusive: [33mfalse[39m
}
[32m[Nest] 94593  - [39m07/27/2026, 1:12:15 PM [32m    LOG[39m [38;5;3m[T3MetadataJsforceAdapter] [39mObject(4) {
  action: [32m't3.historyTracking.done'[39m,
  orgId: [32m'00D4x00000000ABC'[39m,
  target: [32m'Contact'[39m,
  verified: [33mfalse[39m
}
[32m[Nest] 94593  - [39m07/27/2026, 1:12:15 PM [32m    LOG[39m [38;5;3m[T3MetadataJsforceAdapter] [39mObject(6) {
  action: [32m't3.historyTracking'[39m,
  orgId: [32m'00D4x00000000ABC'[39m,
  object: [32m'Contact'[39m,
  enableObjectHistory: [33mtrue[39m,
  fieldRefCount: [33m2[39m,
  exclusive: [33mfalse[39m
}
[32m[Nest] 94593  - [39m07/27/2026, 1:12:15 PM [32m    LOG[39m [38;5;3m[T3MetadataJsforceAdapter] [39mObject(4) {
  action: [32m't3.historyTracking.done'[39m,
  orgId: [32m'00D4x00000000ABC'[39m,
  target: [32m'Contact'[39m,
  verified: [33mtrue[39m
}
[32m[Nest] 94593  - [39m07/27/2026, 1:12:15 PM [32m    LOG[39m [38;5;3m[T3MetadataJsforceAdapter] [39mObject(6) {
  action: [32m't3.historyTracking'[39m,
  orgId: [32m'00D4x00000000ABC'[39m,
  object: [32m'Contact'[39m,
  enableObjectHistory: [33mtrue[39m,
  fieldRefCount: [33m2[39m,
  exclusive: [33mfalse[39m
}
[32m[Nest] 94593  - [39m07/27/2026, 1:12:15 PM [32m    LOG[39m [38;5;3m[T3MetadataJsforceAdapter] [39mObject(4) {
  action: [32m't3.historyTracking.done'[39m,
  orgId: [32m'00D4x00000000ABC'[39m,
  target: [32m'Contact'[39m,
  verified: [33mtrue[39m
}
[32m[Nest] 94593  - [39m07/27/2026, 1:12:15 PM [32m    LOG[39m [38;5;3m[T3MetadataJsforceAdapter] [39mObject(6) {
  action: [32m't3.historyTracking'[39m,
  orgId: [32m'00D4x00000000ABC'[39m,
  object: [32m'Contact'[39m,
  enableObjectHistory: [33mtrue[39m,
  fieldRefCount: [33m2[39m,
  exclusive: [33mfalse[39m
}
[32m[Nest] 94593  - [39m07/27/2026, 1:12:15 PM [32m    LOG[39m [38;5;3m[T3MetadataJsforceAdapter] [39mObject(6) {
  action: [32m't3.historyTracking'[39m,
  orgId: [32m'00D4x00000000ABC'[39m,
  object: [32m'Contact'[39m,
  enableObjectHistory: [33mtrue[39m,
  fieldRefCount: [33m2[39m,
  exclusive: [33mfalse[39m
}
[32m[Nest] 94593  - [39m07/27/2026, 1:12:15 PM [32m    LOG[39m [38;5;3m[T3MetadataJsforceAdapter] [39mObject(6) {
  action: [32m't3.historyTracking'[39m,
  orgId: [32m'00D4x00000000ABC'[39m,
  object: [32m'Contact'[39m,
  enableObjectHistory: [33mtrue[39m,
  fieldRefCount: [33m2[39m,
  exclusive: [33mfalse[39m
}
[32m[Nest] 94593  - [39m07/27/2026, 1:12:15 PM [32m    LOG[39m [38;5;3m[T3MetadataJsforceAdapter] [39mObject(6) {
  action: [32m't3.historyTracking'[39m,
  orgId: [32m'00D4x00000000ABC'[39m,
  object: [32m'Contact'[39m,
  enableObjectHistory: [33mtrue[39m,
  fieldRefCount: [33m2[39m,
  exclusive: [33mfalse[39m
}
[32m[Nest] 94593  - [39m07/27/2026, 1:12:15 PM [32m    LOG[39m [38;5;3m[T3MetadataJsforceAdapter] [39mObject(6) {
  action: [32m't3.historyTracking'[39m,
  orgId: [32m'00D4x00000000ABC'[39m,
  object: [32m'Contact'[39m,
  enableObjectHistory: [1mnull[22m,
  fieldRefCount: [33m2[39m,
  exclusive: [33mfalse[39m
}
[32m[Nest] 94593  - [39m07/27/2026, 1:12:15 PM [32m    LOG[39m [38;5;3m[T3MetadataJsforceAdapter] [39mObject(4) {
  action: [32m't3.historyTracking.done'[39m,
  orgId: [32m'00D4x00000000ABC'[39m,
  target: [32m'Contact'[39m,
  verified: [33mfalse[39m
}
[32m[Nest] 94593  - [39m07/27/2026, 1:12:15 PM [32m    LOG[39m [38;5;3m[T3MetadataJsforceAdapter] [39mObject(6) {
  action: [32m't3.historyTracking'[39m,
  orgId: [32m'00D4x00000000ABC'[39m,
  object: [32m'Contact'[39m,
  enableObjectHistory: [1mnull[22m,
  fieldRefCount: [33m2[39m,
  exclusive: [33mfalse[39m
}
[32m[Nest] 94593  - [39m07/27/2026, 1:12:15 PM [32m    LOG[39m [38;5;3m[T3MetadataJsforceAdapter] [39mObject(5) {
  action: [32m't3.historyTracking.done'[39m,
  orgId: [32m'00D4x00000000ABC'[39m,
  allSkipped: [33mtrue[39m,
  target: [32m'Contact'[39m,
  verified: [33mfalse[39m
}
[32m[Nest] 94593  - [39m07/27/2026, 1:12:15 PM [32m    LOG[39m [38;5;3m[T3MetadataJsforceAdapter] [39mObject(6) {
  action: [32m't3.historyTracking'[39m,
  orgId: [32m'00D4x00000000ABC'[39m,
  object: [32m'Contact'[39m,
  enableObjectHistory: [1mnull[22m,
  fieldRefCount: [33m1[39m,
  exclusive: [33mfalse[39m
}
[32m[Nest] 94593  - [39m07/27/2026, 1:12:15 PM [32m    LOG[39m [38;5;3m[T3MetadataJsforceAdapter] [39mObject(4) {
  action: [32m't3.historyTracking.done'[39m,
  orgId: [32m'00D4x00000000ABC'[39m,
  target: [32m'Contact'[39m,
  verified: [33mfalse[39m
}
[32m[Nest] 94593  - [39m07/27/2026, 1:12:15 PM [32m    LOG[39m [38;5;3m[T3MetadataJsforceAdapter] [39mObject(5) {
  action: [32m't3.remoteSite'[39m,
  orgId: [32m'00D4x00000000ABC'[39m,
  fullName: [32m'Veevart_API'[39m,
  active: [33mtrue[39m,
  url: [32m'https://api.veevart.com'[39m
}
[32m[Nest] 94593  - [39m07/27/2026, 1:12:15 PM [32m    LOG[39m [38;5;3m[T3MetadataJsforceAdapter] [39mObject(4) {
  action: [32m't3.remoteSite.done'[39m,
  orgId: [32m'00D4x00000000ABC'[39m,
  target: [32m'Veevart_API'[39m,
  verified: [33mtrue[39m
}
[32m[Nest] 94593  - [39m07/27/2026, 1:12:15 PM [32m    LOG[39m [38;5;3m[T3MetadataJsforceAdapter] [39mObject(5) {
  action: [32m't3.remoteSite'[39m,
  orgId: [32m'00D4x00000000ABC'[39m,
  fullName: [32m'Veevart_API'[39m,
  active: [33mtrue[39m,
  url: [32m'https://api.veevart.com'[39m
}
[32m[Nest] 94593  - [39m07/27/2026, 1:12:15 PM [32m    LOG[39m [38;5;3m[T3MetadataJsforceAdapter] [39mObject(4) {
  action: [32m't3.remoteSite.done'[39m,
  orgId: [32m'00D4x00000000ABC'[39m,
  target: [32m'Veevart_API'[39m,
  verified: [33mtrue[39m
}
[32m[Nest] 94593  - [39m07/27/2026, 1:12:15 PM [32m    LOG[39m [38;5;3m[T3MetadataJsforceAdapter] [39mObject(5) {
  action: [32m't3.remoteSite'[39m,
  orgId: [32m'00D4x00000000ABC'[39m,
  fullName: [32m'Veevart_API'[39m,
  active: [33mfalse[39m,
  url: [32m'https://api.veevart.com'[39m
}
[32m[Nest] 94593  - [39m07/27/2026, 1:12:15 PM [32m    LOG[39m [38;5;3m[T3MetadataJsforceAdapter] [39mObject(4) {
  action: [32m't3.remoteSite.done'[39m,
  orgId: [32m'00D4x00000000ABC'[39m,
  target: [32m'Veevart_API'[39m,
  verified: [33mtrue[39m
}
[32m[Nest] 94593  - [39m07/27/2026, 1:12:15 PM [32m    LOG[39m [38;5;3m[T3MetadataJsforceAdapter] [39mObject(5) {
  action: [32m't3.remoteSite'[39m,
  orgId: [32m'00D4x00000000ABC'[39m,
  fullName: [32m'Veevart_API'[39m,
  active: [33mtrue[39m,
  url: [32m'https://api.veevart.com'[39m
}
[32m[Nest] 94593  - [39m07/27/2026, 1:12:15 PM [32m    LOG[39m [38;5;3m[T3MetadataJsforceAdapter] [39mObject(4) {
  action: [32m't3.remoteSite.done'[39m,
  orgId: [32m'00D4x00000000ABC'[39m,
  target: [32m'Veevart_API'[39m,
  verified: [33mfalse[39m
}
[32m[Nest] 94593  - [39m07/27/2026, 1:12:15 PM [32m    LOG[39m [38;5;3m[T3MetadataJsforceAdapter] [39mObject(5) {
  action: [32m't3.remoteSite'[39m,
  orgId: [32m'00D4x00000000ABC'[39m,
  fullName: [32m'Veevart_API'[39m,
  active: [33mtrue[39m,
  url: [32m'https://api.veevart.com'[39m
}
[32m[Nest] 94593  - [39m07/27/2026, 1:12:15 PM [32m    LOG[39m [38;5;3m[T3MetadataJsforceAdapter] [39mObject(5) {
  action: [32m't3.remoteSite'[39m,
  orgId: [32m'00D4x00000000ABC'[39m,
  fullName: [32m'Veevart_API'[39m,
  active: [33mtrue[39m,
  url: [32m'(activate-only)'[39m
}
[32m[Nest] 94593  - [39m07/27/2026, 1:12:15 PM [32m    LOG[39m [38;5;3m[T3MetadataJsforceAdapter] [39mObject(4) {
  action: [32m't3.remoteSite.done'[39m,
  orgId: [32m'00D4x00000000ABC'[39m,
  target: [32m'Veevart_API'[39m,
  verified: [33mtrue[39m
}
[32m[Nest] 94593  - [39m07/27/2026, 1:12:15 PM [32m    LOG[39m [38;5;3m[T3MetadataJsforceAdapter] [39mObject(5) {
  action: [32m't3.remoteSite'[39m,
  orgId: [32m'00D4x00000000ABC'[39m,
  fullName: [32m'Veevart_API'[39m,
  active: [33mtrue[39m,
  url: [32m'(activate-only)'[39m
}
[32m[Nest] 94593  - [39m07/27/2026, 1:12:15 PM [32m    LOG[39m [38;5;3m[T3MetadataJsforceAdapter] [39mObject(4) {
  action: [32m't3.remoteSite.done'[39m,
  orgId: [32m'00D4x00000000ABC'[39m,
  target: [32m'Veevart_API'[39m,
  verified: [33mtrue[39m
}
[32m[Nest] 94593  - [39m07/27/2026, 1:12:15 PM [32m    LOG[39m [38;5;3m[T3MetadataJsforceAdapter] [39mObject(5) {
  action: [32m't3.remoteSite'[39m,
  orgId: [32m'00D4x00000000ABC'[39m,
  fullName: [32m'Veevart_API'[39m,
  active: [33mtrue[39m,
  url: [32m'(activate-only)'[39m
}
[32m[Nest] 94593  - [39m07/27/2026, 1:12:15 PM [32m    LOG[39m [38;5;3m[T3MetadataJsforceAdapter] [39mObject(6) {
  action: [32m't3.picklistValues'[39m,
  orgId: [32m'00D4x00000000ABC'[39m,
  field: [32m'Opportunity.Auctifera__Channel__c'[39m,
  addCount: [33m1[39m,
  deactivateCount: [33m0[39m,
  ensureOnly: [33mfalse[39m
}
[32m[Nest] 94593  - [39m07/27/2026, 1:12:15 PM [32m    LOG[39m [38;5;3m[T3MetadataJsforceAdapter] [39mObject(4) {
  action: [32m't3.picklistValues.done'[39m,
  orgId: [32m'00D4x00000000ABC'[39m,
  target: [32m'Opportunity.Auctifera__Channel__c'[39m,
  verified: [33mtrue[39m
}
[32m[Nest] 94593  - [39m07/27/2026, 1:12:15 PM [32m    LOG[39m [38;5;3m[T3MetadataJsforceAdapter] [39mObject(6) {
  action: [32m't3.picklistValues'[39m,
  orgId: [32m'00D4x00000000ABC'[39m,
  field: [32m'Opportunity.Auctifera__Channel__c'[39m,
  addCount: [33m1[39m,
  deactivateCount: [33m0[39m,
  ensureOnly: [33mfalse[39m
}
[32m[Nest] 94593  - [39m07/27/2026, 1:12:15 PM [32m    LOG[39m [38;5;3m[T3MetadataJsforceAdapter] [39mObject(5) {
  action: [32m't3.picklistValues.done'[39m,
  orgId: [32m'00D4x00000000ABC'[39m,
  noop: [33mtrue[39m,
  target: [32m'Opportunity.Auctifera__Channel__c'[39m,
  verified: [33mtrue[39m
}
[32m[Nest] 94593  - [39m07/27/2026, 1:12:15 PM [32m    LOG[39m [38;5;3m[T3MetadataJsforceAdapter] [39mObject(6) {
  action: [32m't3.picklistValues'[39m,
  orgId: [32m'00D4x00000000ABC'[39m,
  field: [32m'Opportunity.Auctifera__Channel__c'[39m,
  addCount: [33m1[39m,
  deactivateCount: [33m0[39m,
  ensureOnly: [33mfalse[39m
}
[32m[Nest] 94593  - [39m07/27/2026, 1:12:15 PM [32m    LOG[39m [38;5;3m[T3MetadataJsforceAdapter] [39mObject(6) {
  action: [32m't3.picklistValues'[39m,
  orgId: [32m'00D4x00000000ABC'[39m,
  field: [32m'Opportunity.Auctifera__Channel__c'[39m,
  addCount: [33m1[39m,
  deactivateCount: [33m0[39m,
  ensureOnly: [33mfalse[39m
}
[32m[Nest] 94593  - [39m07/27/2026, 1:12:15 PM [32m    LOG[39m [38;5;3m[T3MetadataJsforceAdapter] [39mObject(6) {
  action: [32m't3.picklistValues'[39m,
  orgId: [32m'00D4x00000000ABC'[39m,
  field: [32m'Opportunity.Auctifera__Channel__c'[39m,
  addCount: [33m2[39m,
  deactivateCount: [33m0[39m,
  ensureOnly: [33mtrue[39m
}
[32m[Nest] 94593  - [39m07/27/2026, 1:12:15 PM [32m    LOG[39m [38;5;3m[T3MetadataJsforceAdapter] [39mObject(5) {
  action: [32m't3.picklistValues.done'[39m,
  orgId: [32m'00D4x00000000ABC'[39m,
  ensureOnly: [33mtrue[39m,
  target: [32m'Opportunity.Auctifera__Channel__c'[39m,
  verified: [33mfalse[39m
}
[32m[Nest] 94593  - [39m07/27/2026, 1:12:15 PM [32m    LOG[39m [38;5;3m[T3MetadataJsforceAdapter] [39mObject(6) {
  action: [32m't3.picklistValues'[39m,
  orgId: [32m'00D4x00000000ABC'[39m,
  field: [32m'Opportunity.Auctifera__Channel__c'[39m,
  addCount: [33m1[39m,
  deactivateCount: [33m0[39m,
  ensureOnly: [33mtrue[39m
}
[32m[Nest] 94593  - [39m07/27/2026, 1:12:15 PM [32m    LOG[39m [38;5;3m[T3MetadataJsforceAdapter] [39mObject(5) {
  action: [32m't3.picklistValues.done'[39m,
  orgId: [32m'00D4x00000000ABC'[39m,
  ensureOnly: [33mtrue[39m,
  target: [32m'Opportunity.Auctifera__Channel__c'[39m,
  verified: [33mtrue[39m
}
[32m[Nest] 94593  - [39m07/27/2026, 1:12:15 PM [32m    LOG[39m [38;5;3m[T3MetadataJsforceAdapter] [39mObject(6) {
  action: [32m't3.picklistValues'[39m,
  orgId: [32m'00D4x00000000ABC'[39m,
  field: [32m'Opportunity.Auctifera__Channel__c'[39m,
  addCount: [33m1[39m,
  deactivateCount: [33m0[39m,
  ensureOnly: [33mfalse[39m
}
[32m[Nest] 94593  - [39m07/27/2026, 1:12:15 PM [32m    LOG[39m [38;5;3m[T3MetadataJsforceAdapter] [39mObject(4) {
  action: [32m't3.picklistValues.done'[39m,
  orgId: [32m'00D4x00000000ABC'[39m,
  target: [32m'Opportunity.Auctifera__Channel__c'[39m,
  verified: [33mtrue[39m
}
[32m[Nest] 94593  - [39m07/27/2026, 1:12:15 PM [32m    LOG[39m [38;5;3m[T3MetadataJsforceAdapter] [39mObject(6) {
  action: [32m't3.picklistValues'[39m,
  orgId: [32m'00D4x00000000ABC'[39m,
  field: [32m'Opportunity.Auctifera__Channel__c'[39m,
  addCount: [33m1[39m,
  deactivateCount: [33m0[39m,
  ensureOnly: [33mfalse[39m
}
[32m[Nest] 94593  - [39m07/27/2026, 1:12:15 PM [32m    LOG[39m [38;5;3m[T3MetadataJsforceAdapter] [39mObject(4) {
  action: [32m't3.picklistValues.done'[39m,
  orgId: [32m'00D4x00000000ABC'[39m,
  target: [32m'Opportunity.Auctifera__Channel__c'[39m,
  verified: [33mtrue[39m
}
[32m[Nest] 94593  - [39m07/27/2026, 1:12:15 PM [32m    LOG[39m [38;5;3m[T3MetadataJsforceAdapter] [39mObject(6) {
  action: [32m't3.picklistValues'[39m,
  orgId: [32m'00D4x00000000ABC'[39m,
  field: [32m'Opportunity.Auctifera__Channel__c'[39m,
  addCount: [33m1[39m,
  deactivateCount: [33m0[39m,
  ensureOnly: [33mfalse[39m
}
[32m[Nest] 94593  - [39m07/27/2026, 1:12:15 PM [32m    LOG[39m [38;5;3m[T3MetadataJsforceAdapter] [39mObject(5) {
  action: [32m't3.picklistValues.done'[39m,
  orgId: [32m'00D4x00000000ABC'[39m,
  noop: [33mtrue[39m,
  target: [32m'Opportunity.Auctifera__Channel__c'[39m,
  verified: [33mtrue[39m
}
[32m[Nest] 94593  - [39m07/27/2026, 1:12:15 PM [32m    LOG[39m [38;5;3m[T3MetadataJsforceAdapter] [39mObject(6) {
  action: [32m't3.picklistValues'[39m,
  orgId: [32m'00D4x00000000ABC'[39m,
  field: [32m'Opportunity.Auctifera__Channel__c'[39m,
  addCount: [33m1[39m,
  deactivateCount: [33m0[39m,
  ensureOnly: [33mtrue[39m
}
[32m[Nest] 94593  - [39m07/27/2026, 1:12:15 PM [32m    LOG[39m [38;5;3m[T3MetadataJsforceAdapter] [39mObject(5) {
  action: [32m't3.picklistValues.done'[39m,
  orgId: [32m'00D4x00000000ABC'[39m,
  ensureOnly: [33mtrue[39m,
  target: [32m'Opportunity.Auctifera__Channel__c'[39m,
  verified: [33mfalse[39m
}
[32m[Nest] 94593  - [39m07/27/2026, 1:12:15 PM [32m    LOG[39m [38;5;3m[T3MetadataJsforceAdapter] [39mObject(6) {
  action: [32m't3.picklistValues'[39m,
  orgId: [32m'00D4x00000000ABC'[39m,
  field: [32m'Opportunity.Auctifera__Channel__c'[39m,
  addCount: [33m1[39m,
  deactivateCount: [33m0[39m,
  ensureOnly: [33mfalse[39m
}
[32m[Nest] 94593  - [39m07/27/2026, 1:12:15 PM [32m    LOG[39m [38;5;3m[T3MetadataJsforceAdapter] [39mObject(4) {
  action: [32m't3.picklistValues.done'[39m,
  orgId: [32m'00D4x00000000ABC'[39m,
  target: [32m'Opportunity.Auctifera__Channel__c'[39m,
  verified: [33mfalse[39m
}
[32m[Nest] 94593  - [39m07/27/2026, 1:12:15 PM [32m    LOG[39m [38;5;3m[T3MetadataJsforceAdapter] [39mObject(6) {
  action: [32m't3.picklistValues'[39m,
  orgId: [32m'00D4x00000000ABC'[39m,
  field: [32m'Opportunity.Auctifera__Channel__c'[39m,
  addCount: [33m1[39m,
  deactivateCount: [33m0[39m,
  ensureOnly: [33mfalse[39m
}
[32m[Nest] 94593  - [39m07/27/2026, 1:12:15 PM [32m    LOG[39m [38;5;3m[T3MetadataJsforceAdapter] [39mObject(4) {
  action: [32m't3.picklistValues.done'[39m,
  orgId: [32m'00D4x00000000ABC'[39m,
  target: [32m'Opportunity.Auctifera__Channel__c'[39m,
  verified: [33mfalse[39m
}
[32m[Nest] 94593  - [39m07/27/2026, 1:12:15 PM [32m    LOG[39m [38;5;3m[T3MetadataJsforceAdapter] [39mObject(6) {
  action: [32m't3.picklistValues'[39m,
  orgId: [32m'00D4x00000000ABC'[39m,
  field: [32m'Opportunity.Auctifera__Channel__c'[39m,
  addCount: [33m1[39m,
  deactivateCount: [33m0[39m,
  ensureOnly: [33mfalse[39m
}
[32m[Nest] 94593  - [39m07/27/2026, 1:12:15 PM [32m    LOG[39m [38;5;3m[T3MetadataJsforceAdapter] [39mObject(6) {
  action: [32m't3.picklistValues'[39m,
  orgId: [32m'00D4x00000000ABC'[39m,
  field: [32m'npe03__Recurring_Donation__c.npe03__Installment_Period__c'[39m,
  addCount: [33m0[39m,
  deactivateCount: [33m1[39m,
  ensureOnly: [33mfalse[39m
}
[32m[Nest] 94593  - [39m07/27/2026, 1:12:15 PM [32m    LOG[39m [38;5;3m[T3MetadataJsforceAdapter] [39mObject(4) {
  action: [32m't3.picklistValues.done'[39m,
  orgId: [32m'00D4x00000000ABC'[39m,
  target: [32m'npe03__Recurring_Donation__c.npe03__Installment_Period__c'[39m,
  verified: [33mtrue[39m
}
[32m[Nest] 94593  - [39m07/27/2026, 1:12:15 PM [32m    LOG[39m [38;5;3m[T3MetadataJsforceAdapter] [39mObject(6) {
  action: [32m't3.picklistValues'[39m,
  orgId: [32m'00D4x00000000ABC'[39m,
  field: [32m'npe03__Recurring_Donation__c.npe03__Installment_Period__c'[39m,
  addCount: [33m0[39m,
  deactivateCount: [33m1[39m,
  ensureOnly: [33mfalse[39m
}
[32m[Nest] 94593  - [39m07/27/2026, 1:12:15 PM [32m    LOG[39m [38;5;3m[T3MetadataJsforceAdapter] [39mObject(5) {
  action: [32m't3.picklistValues.done'[39m,
  orgId: [32m'00D4x00000000ABC'[39m,
  noop: [33mtrue[39m,
  target: [32m'npe03__Recurring_Donation__c.npe03__Installment_Period__c'[39m,
  verified: [33mtrue[39m
}
[32m[Nest] 94593  - [39m07/27/2026, 1:12:15 PM [32m    LOG[39m [38;5;3m[T3MetadataJsforceAdapter] [39mObject(6) {
  action: [32m't3.picklistValues'[39m,
  orgId: [32m'00D4x00000000ABC'[39m,
  field: [32m'npe03__Recurring_Donation__c.npe03__Installment_Period__c'[39m,
  addCount: [33m0[39m,
  deactivateCount: [33m1[39m,
  ensureOnly: [33mfalse[39m
}
[32m[Nest] 94593  - [39m07/27/2026, 1:12:15 PM [32m    LOG[39m [38;5;3m[T3MetadataJsforceAdapter] [39mObject(5) {
  action: [32m't3.picklistValues.done'[39m,
  orgId: [32m'00D4x00000000ABC'[39m,
  noop: [33mtrue[39m,
  target: [32m'npe03__Recurring_Donation__c.npe03__Installment_Period__c'[39m,
  verified: [33mtrue[39m
}
[32m[Nest] 94593  - [39m07/27/2026, 1:12:15 PM [32m    LOG[39m [38;5;3m[T3MetadataJsforceAdapter] [39mObject(6) {
  action: [32m't3.picklistValues'[39m,
  orgId: [32m'00D4x00000000ABC'[39m,
  field: [32m'npe03__Recurring_Donation__c.npe03__Installment_Period__c'[39m,
  addCount: [33m0[39m,
  deactivateCount: [33m1[39m,
  ensureOnly: [33mfalse[39m
}
[32m[Nest] 94593  - [39m07/27/2026, 1:12:15 PM [32m    LOG[39m [38;5;3m[T3MetadataJsforceAdapter] [39mObject(4) {
  action: [32m't3.picklistValues.done'[39m,
  orgId: [32m'00D4x00000000ABC'[39m,
  target: [32m'npe03__Recurring_Donation__c.npe03__Installment_Period__c'[39m,
  verified: [33mfalse[39m
}
[32m[Nest] 94593  - [39m07/27/2026, 1:12:15 PM [32m    LOG[39m [38;5;3m[T3MetadataJsforceAdapter] [39mObject(6) {
  action: [32m't3.picklistValues'[39m,
  orgId: [32m'00D4x00000000ABC'[39m,
  field: [32m'npe03__Recurring_Donation__c.npe03__Installment_Period__c'[39m,
  addCount: [33m1[39m,
  deactivateCount: [33m1[39m,
  ensureOnly: [33mfalse[39m
}
[32m[Nest] 94593  - [39m07/27/2026, 1:12:15 PM [32m    LOG[39m [38;5;3m[T3MetadataJsforceAdapter] [39mObject(4) {
  action: [32m't3.picklistValues.done'[39m,
  orgId: [32m'00D4x00000000ABC'[39m,
  target: [32m'npe03__Recurring_Donation__c.npe03__Installment_Period__c'[39m,
  verified: [33mtrue[39m
}
[32m[Nest] 94593  - [39m07/27/2026, 1:12:15 PM [32m    LOG[39m [38;5;3m[T3MetadataJsforceAdapter] [39mObject(6) {
  action: [32m't3.picklistValues'[39m,
  orgId: [32m'00D4x00000000ABC'[39m,
  field: [32m'npe03__Recurring_Donation__c.npe03__Installment_Period__c'[39m,
  addCount: [33m0[39m,
  deactivateCount: [33m1[39m,
  ensureOnly: [33mtrue[39m
}
[32m[Nest] 94593  - [39m07/27/2026, 1:12:15 PM [32m    LOG[39m [38;5;3m[T3MetadataJsforceAdapter] [39mObject(5) {
  action: [32m't3.picklistValues.done'[39m,
  orgId: [32m'00D4x00000000ABC'[39m,
  ensureOnly: [33mtrue[39m,
  target: [32m'npe03__Recurring_Donation__c.npe03__Installment_Period__c'[39m,
  verified: [33mfalse[39m
}
[32m[Nest] 94593  - [39m07/27/2026, 1:12:15 PM [32m    LOG[39m [38;5;3m[T3MetadataJsforceAdapter] [39mObject(6) {
  action: [32m't3.picklistValues'[39m,
  orgId: [32m'00D4x00000000ABC'[39m,
  field: [32m'npe03__Recurring_Donation__c.npe03__Installment_Period__c'[39m,
  addCount: [33m0[39m,
  deactivateCount: [33m1[39m,
  ensureOnly: [33mtrue[39m
}
[32m[Nest] 94593  - [39m07/27/2026, 1:12:15 PM [32m    LOG[39m [38;5;3m[T3MetadataJsforceAdapter] [39mObject(5) {
  action: [32m't3.picklistValues.done'[39m,
  orgId: [32m'00D4x00000000ABC'[39m,
  ensureOnly: [33mtrue[39m,
  target: [32m'npe03__Recurring_Donation__c.npe03__Installment_Period__c'[39m,
  verified: [33mtrue[39m
}
[32m[Nest] 94593  - [39m07/27/2026, 1:12:15 PM [32m    LOG[39m [38;5;3m[T3MetadataJsforceAdapter] [39mObject(4) {
  action: [32m't3.recordTypes'[39m,
  orgId: [32m'00D4x00000000ABC'[39m,
  object: [32m'Opportunity'[39m,
  ensureCount: [33m2[39m
}
[32m[Nest] 94593  - [39m07/27/2026, 1:12:15 PM [32m    LOG[39m [38;5;3m[T3MetadataJsforceAdapter] [39mObject(4) {
  action: [32m't3.recordTypes.done'[39m,
  orgId: [32m'00D4x00000000ABC'[39m,
  target: [32m'Opportunity'[39m,
  verified: [33mtrue[39m
}
[32m[Nest] 94593  - [39m07/27/2026, 1:12:15 PM [32m    LOG[39m [38;5;3m[T3MetadataJsforceAdapter] [39mObject(4) {
  action: [32m't3.recordTypes'[39m,
  orgId: [32m'00D4x00000000ABC'[39m,
  object: [32m'Opportunity'[39m,
  ensureCount: [33m2[39m
}
[32m[Nest] 94593  - [39m07/27/2026, 1:12:15 PM [32m    LOG[39m [38;5;3m[T3MetadataJsforceAdapter] [39mObject(4) {
  action: [32m't3.recordTypes.done'[39m,
  orgId: [32m'00D4x00000000ABC'[39m,
  target: [32m'Opportunity'[39m,
  verified: [33mtrue[39m
}
[32m[Nest] 94593  - [39m07/27/2026, 1:12:15 PM [32m    LOG[39m [38;5;3m[T3MetadataJsforceAdapter] [39mObject(4) {
  action: [32m't3.recordTypes'[39m,
  orgId: [32m'00D4x00000000ABC'[39m,
  object: [32m'Opportunity'[39m,
  ensureCount: [33m2[39m
}
[32m[Nest] 94593  - [39m07/27/2026, 1:12:15 PM [32m    LOG[39m [38;5;3m[T3MetadataJsforceAdapter] [39mObject(4) {
  action: [32m't3.recordTypes.done'[39m,
  orgId: [32m'00D4x00000000ABC'[39m,
  target: [32m'Opportunity'[39m,
  verified: [33mtrue[39m
}
[32m[Nest] 94593  - [39m07/27/2026, 1:12:15 PM [32m    LOG[39m [38;5;3m[T3MetadataJsforceAdapter] [39mObject(4) {
  action: [32m't3.recordTypes'[39m,
  orgId: [32m'00D4x00000000ABC'[39m,
  object: [32m'Opportunity'[39m,
  ensureCount: [33m1[39m
}
[32m[Nest] 94593  - [39m07/27/2026, 1:12:15 PM [32m    LOG[39m [38;5;3m[T3MetadataJsforceAdapter] [39mObject(4) {
  action: [32m't3.recordTypes.done'[39m,
  orgId: [32m'00D4x00000000ABC'[39m,
  target: [32m'Opportunity'[39m,
  verified: [33mtrue[39m
}
[32m[Nest] 94593  - [39m07/27/2026, 1:12:15 PM [32m    LOG[39m [38;5;3m[T3MetadataJsforceAdapter] [39mObject(4) {
  action: [32m't3.recordTypes'[39m,
  orgId: [32m'00D4x00000000ABC'[39m,
  object: [32m'Opportunity'[39m,
  ensureCount: [33m1[39m
}
[32m[Nest] 94593  - [39m07/27/2026, 1:12:15 PM [32m    LOG[39m [38;5;3m[T3MetadataJsforceAdapter] [39mObject(4) {
  action: [32m't3.recordTypes.done'[39m,
  orgId: [32m'00D4x00000000ABC'[39m,
  target: [32m'Opportunity'[39m,
  verified: [33mtrue[39m
}
[32m[Nest] 94593  - [39m07/27/2026, 1:12:15 PM [32m    LOG[39m [38;5;3m[T3MetadataJsforceAdapter] [39mObject(4) {
  action: [32m't3.recordTypes'[39m,
  orgId: [32m'00D4x00000000ABC'[39m,
  object: [32m'Opportunity'[39m,
  ensureCount: [33m1[39m
}
[32m[Nest] 94593  - [39m07/27/2026, 1:12:15 PM [32m    LOG[39m [38;5;3m[T3MetadataJsforceAdapter] [39mObject(4) {
  action: [32m't3.recordTypes.done'[39m,
  orgId: [32m'00D4x00000000ABC'[39m,
  target: [32m'Opportunity'[39m,
  verified: [33mtrue[39m
}
[32m[Nest] 94593  - [39m07/27/2026, 1:12:15 PM [32m    LOG[39m [38;5;3m[T3MetadataJsforceAdapter] [39mObject(4) {
  action: [32m't3.recordTypes'[39m,
  orgId: [32m'00D4x00000000ABC'[39m,
  object: [32m'Opportunity'[39m,
  ensureCount: [33m1[39m
}
[32m[Nest] 94593  - [39m07/27/2026, 1:12:15 PM [32m    LOG[39m [38;5;3m[T3MetadataJsforceAdapter] [39mObject(4) {
  action: [32m't3.recordTypes'[39m,
  orgId: [32m'00D4x00000000ABC'[39m,
  object: [32m'Opportunity'[39m,
  ensureCount: [33m1[39m
}
[32m[Nest] 94593  - [39m07/27/2026, 1:12:15 PM [32m    LOG[39m [38;5;3m[T3MetadataJsforceAdapter] [39mObject(4) {
  action: [32m't3.recordTypes.done'[39m,
  orgId: [32m'00D4x00000000ABC'[39m,
  target: [32m'Opportunity'[39m,
  verified: [33mtrue[39m
}
[32m[Nest] 94593  - [39m07/27/2026, 1:12:15 PM [32m    LOG[39m [38;5;3m[T3MetadataJsforceAdapter] [39mObject(4) {
  action: [32m't3.recordTypes'[39m,
  orgId: [32m'00D4x00000000ABC'[39m,
  object: [32m'Opportunity'[39m,
  ensureCount: [33m1[39m
}
[32m[Nest] 94593  - [39m07/27/2026, 1:12:15 PM [32m    LOG[39m [38;5;3m[T3MetadataJsforceAdapter] [39mObject(4) {
  action: [32m't3.recordTypes'[39m,
  orgId: [32m'00D4x00000000ABC'[39m,
  object: [32m'Opportunity'[39m,
  ensureCount: [33m1[39m
}
[32m[Nest] 94593  - [39m07/27/2026, 1:12:15 PM [32m    LOG[39m [38;5;3m[T3MetadataJsforceAdapter] [39mObject(4) {
  action: [32m't3.recordTypes.done'[39m,
  orgId: [32m'00D4x00000000ABC'[39m,
  target: [32m'Opportunity'[39m,
  verified: [33mtrue[39m
}
[32m[Nest] 94593  - [39m07/27/2026, 1:12:15 PM [32m    LOG[39m [38;5;3m[T3MetadataJsforceAdapter] [39mObject(4) {
  action: [32m't3.recordTypes'[39m,
  orgId: [32m'00D4x00000000ABC'[39m,
  object: [32m'Opportunity'[39m,
  ensureCount: [33m1[39m
}
[32m[Nest] 94593  - [39m07/27/2026, 1:12:15 PM [32m    LOG[39m [38;5;3m[T3MetadataJsforceAdapter] [39mObject(4) {
  action: [32m't3.recordTypes.done'[39m,
  orgId: [32m'00D4x00000000ABC'[39m,
  target: [32m'Opportunity'[39m,
  verified: [33mtrue[39m
}
[32m[Nest] 94593  - [39m07/27/2026, 1:12:15 PM [32m    LOG[39m [38;5;3m[T3MetadataJsforceAdapter] [39mObject(4) {
  action: [32m't3.recordTypes'[39m,
  orgId: [32m'00D4x00000000ABC'[39m,
  object: [32m'Auctifera__Document_Center__c'[39m,
  ensureCount: [33m1[39m
}
[32m[Nest] 94593  - [39m07/27/2026, 1:12:15 PM [32m    LOG[39m [38;5;3m[T3MetadataJsforceAdapter] [39mObject(4) {
  action: [32m't3.recordTypes.done'[39m,
  orgId: [32m'00D4x00000000ABC'[39m,
  target: [32m'Auctifera__Document_Center__c'[39m,
  verified: [33mtrue[39m
}
[32m[Nest] 94593  - [39m07/27/2026, 1:12:15 PM [32m    LOG[39m [38;5;3m[T3MetadataJsforceAdapter] [39mObject(4) {
  action: [32m't3.recordTypes'[39m,
  orgId: [32m'00D4x00000000ABC'[39m,
  object: [32m'Opportunity'[39m,
  ensureCount: [33m1[39m
}
[32m[Nest] 94593  - [39m07/27/2026, 1:12:15 PM [32m    LOG[39m [38;5;3m[T3MetadataJsforceAdapter] [39mObject(4) {
  action: [32m't3.recordTypes.done'[39m,
  orgId: [32m'00D4x00000000ABC'[39m,
  target: [32m'Opportunity'[39m,
  verified: [33mfalse[39m
}
[32m[Nest] 94593  - [39m07/27/2026, 1:12:15 PM [32m    LOG[39m [38;5;3m[T3MetadataJsforceAdapter] [39mObject(4) {
  action: [32m't3.recordTypes'[39m,
  orgId: [32m'00D4x00000000ABC'[39m,
  object: [32m'Opportunity'[39m,
  ensureCount: [33m1[39m
}
[32m[Nest] 94593  - [39m07/27/2026, 1:12:15 PM [32m    LOG[39m [38;5;3m[T3MetadataJsforceAdapter] [39mObject(4) {
  action: [32m't3.recordTypes.done'[39m,
  orgId: [32m'00D4x00000000ABC'[39m,
  target: [32m'Opportunity'[39m,
  verified: [33mfalse[39m
}
[32m[Nest] 94593  - [39m07/27/2026, 1:12:15 PM [32m    LOG[39m [38;5;3m[T3MetadataJsforceAdapter] [39mObject(4) {
  action: [32m't3.recordTypes'[39m,
  orgId: [32m'00D4x00000000ABC'[39m,
  object: [32m'Opportunity'[39m,
  ensureCount: [33m1[39m
}
[32m[Nest] 94593  - [39m07/27/2026, 1:12:15 PM [32m    LOG[39m [38;5;3m[T3MetadataJsforceAdapter] [39mObject(4) {
  action: [32m't3.customField'[39m,
  orgId: [32m'00D4x00000000ABC'[39m,
  object: [32m'Opportunity'[39m,
  ensureCount: [33m1[39m
}
[32m[Nest] 94593  - [39m07/27/2026, 1:12:15 PM [32m    LOG[39m [38;5;3m[T3MetadataJsforceAdapter] [39mObject(4) {
  action: [32m't3.customField.done'[39m,
  orgId: [32m'00D4x00000000ABC'[39m,
  target: [32m'Opportunity'[39m,
  verified: [33mtrue[39m
}
[32m[Nest] 94593  - [39m07/27/2026, 1:12:15 PM [32m    LOG[39m [38;5;3m[T3MetadataJsforceAdapter] [39mObject(4) {
  action: [32m't3.customField'[39m,
  orgId: [32m'00D4x00000000ABC'[39m,
  object: [32m'Opportunity'[39m,
  ensureCount: [33m1[39m
}
[32m[Nest] 94593  - [39m07/27/2026, 1:12:15 PM [32m    LOG[39m [38;5;3m[T3MetadataJsforceAdapter] [39mObject(4) {
  action: [32m't3.customField.done'[39m,
  orgId: [32m'00D4x00000000ABC'[39m,
  target: [32m'Opportunity'[39m,
  verified: [33mtrue[39m
}
[32m[Nest] 94593  - [39m07/27/2026, 1:12:15 PM [32m    LOG[39m [38;5;3m[T3MetadataJsforceAdapter] [39mObject(4) {
  action: [32m't3.customField'[39m,
  orgId: [32m'00D4x00000000ABC'[39m,
  object: [32m'Opportunity'[39m,
  ensureCount: [33m1[39m
}
[32m[Nest] 94593  - [39m07/27/2026, 1:12:15 PM [32m    LOG[39m [38;5;3m[T3MetadataJsforceAdapter] [39mObject(4) {
  action: [32m't3.customField.done'[39m,
  orgId: [32m'00D4x00000000ABC'[39m,
  target: [32m'Opportunity'[39m,
  verified: [33mtrue[39m
}
[32m[Nest] 94593  - [39m07/27/2026, 1:12:15 PM [32m    LOG[39m [38;5;3m[T3MetadataJsforceAdapter] [39mObject(4) {
  action: [32m't3.customField'[39m,
  orgId: [32m'00D4x00000000ABC'[39m,
  object: [32m'Opportunity'[39m,
  ensureCount: [33m1[39m
}
[32m[Nest] 94593  - [39m07/27/2026, 1:12:15 PM [32m    LOG[39m [38;5;3m[T3MetadataJsforceAdapter] [39mObject(4) {
  action: [32m't3.customField.done'[39m,
  orgId: [32m'00D4x00000000ABC'[39m,
  target: [32m'Opportunity'[39m,
  verified: [33mfalse[39m
}
[32m[Nest] 94593  - [39m07/27/2026, 1:12:15 PM [32m    LOG[39m [38;5;3m[T3MetadataJsforceAdapter] [39mObject(4) {
  action: [32m't3.customField'[39m,
  orgId: [32m'00D4x00000000ABC'[39m,
  object: [32m'Opportunity'[39m,
  ensureCount: [33m1[39m
}
[32m[Nest] 94593  - [39m07/27/2026, 1:12:15 PM [32m    LOG[39m [38;5;3m[T3MetadataJsforceAdapter] [39mObject(4) {
  action: [32m't3.customField.done'[39m,
  orgId: [32m'00D4x00000000ABC'[39m,
  target: [32m'Opportunity'[39m,
  verified: [33mfalse[39m
}
[32m[Nest] 94593  - [39m07/27/2026, 1:12:15 PM [32m    LOG[39m [38;5;3m[T3MetadataJsforceAdapter] [39mObject(4) {
  action: [32m't3.customField'[39m,
  orgId: [32m'00D4x00000000ABC'[39m,
  object: [32m'Opportunity'[39m,
  ensureCount: [33m1[39m
}
[32m[Nest] 94593  - [39m07/27/2026, 1:12:15 PM [32m    LOG[39m [38;5;3m[T3MetadataJsforceAdapter] [39mObject(4) {
  action: [32m't3.customField.done'[39m,
  orgId: [32m'00D4x00000000ABC'[39m,
  target: [32m'Opportunity'[39m,
  verified: [33mfalse[39m
}
[32m[Nest] 94593  - [39m07/27/2026, 1:12:15 PM [32m    LOG[39m [38;5;3m[T3MetadataJsforceAdapter] [39mObject(7) {
  action: [32m't3.customMetadata'[39m,
  orgId: [32m'00D4x00000000ABC'[39m,
  type: [32m'vnfp__Fundraising_Settings__mdt'[39m,
  record: [32m'Default'[39m,
  allRecords: [33mfalse[39m,
  recordPattern: [1mnull[22m,
  fieldCount: [33m1[39m
}
[32m[Nest] 94593  - [39m07/27/2026, 1:12:15 PM [32m    LOG[39m [38;5;3m[T3MetadataJsforceAdapter] [39mObject(7) {
  action: [32m't3.customMetadata.done'[39m,
  orgId: [32m'00D4x00000000ABC'[39m,
  allRecords: [33mfalse[39m,
  recordPattern: [1mnull[22m,
  recordCount: [33m1[39m,
  target: [32m'vnfp__Fundraising_Settings.Default'[39m,
  verified: [33mtrue[39m
}
[32m[Nest] 94593  - [39m07/27/2026, 1:12:15 PM [32m    LOG[39m [38;5;3m[T3MetadataJsforceAdapter] [39mObject(7) {
  action: [32m't3.customMetadata'[39m,
  orgId: [32m'00D4x00000000ABC'[39m,
  type: [32m'vnfp__Fundraising_Settings__mdt'[39m,
  record: [32m'Default'[39m,
  allRecords: [33mfalse[39m,
  recordPattern: [1mnull[22m,
  fieldCount: [33m1[39m
}
[32m[Nest] 94593  - [39m07/27/2026, 1:12:15 PM [32m    LOG[39m [38;5;3m[T3MetadataJsforceAdapter] [39mObject(7) {
  action: [32m't3.customMetadata.done'[39m,
  orgId: [32m'00D4x00000000ABC'[39m,
  allRecords: [33mfalse[39m,
  recordPattern: [1mnull[22m,
  recordCount: [33m1[39m,
  target: [32m'vnfp__Fundraising_Settings.Default'[39m,
  verified: [33mtrue[39m
}
[32m[Nest] 94593  - [39m07/27/2026, 1:12:15 PM [32m    LOG[39m [38;5;3m[T3MetadataJsforceAdapter] [39mObject(7) {
  action: [32m't3.customMetadata'[39m,
  orgId: [32m'00D4x00000000ABC'[39m,
  type: [32m'vnfp__Fundraising_Settings__mdt'[39m,
  record: [32m'Default'[39m,
  allRecords: [33mfalse[39m,
  recordPattern: [1mnull[22m,
  fieldCount: [33m1[39m
}
[32m[Nest] 94593  - [39m07/27/2026, 1:12:15 PM [32m    LOG[39m [38;5;3m[T3MetadataJsforceAdapter] [39mObject(7) {
  action: [32m't3.customMetadata.done'[39m,
  orgId: [32m'00D4x00000000ABC'[39m,
  allRecords: [33mfalse[39m,
  recordPattern: [1mnull[22m,
  recordCount: [33m1[39m,
  target: [32m'vnfp__Fundraising_Settings.Default'[39m,
  verified: [33mfalse[39m
}
[32m[Nest] 94593  - [39m07/27/2026, 1:12:15 PM [32m    LOG[39m [38;5;3m[T3MetadataJsforceAdapter] [39mObject(7) {
  action: [32m't3.customMetadata'[39m,
  orgId: [32m'00D4x00000000ABC'[39m,
  type: [32m'vnfp__Fundraising_Settings__mdt'[39m,
  record: [32m"Default\\' OR Name != '"[39m,
  allRecords: [33mfalse[39m,
  recordPattern: [1mnull[22m,
  fieldCount: [33m1[39m
}
[32m[Nest] 94593  - [39m07/27/2026, 1:12:15 PM [32m    LOG[39m [38;5;3m[T3MetadataJsforceAdapter] [39mObject(7) {
  action: [32m't3.customMetadata.done'[39m,
  orgId: [32m'00D4x00000000ABC'[39m,
  allRecords: [33mfalse[39m,
  recordPattern: [1mnull[22m,
  recordCount: [33m1[39m,
  target: [32m"vnfp__Fundraising_Settings.Default\\' OR Name != '"[39m,
  verified: [33mfalse[39m
}
[32m[Nest] 94593  - [39m07/27/2026, 1:12:15 PM [32m    LOG[39m [38;5;3m[T3MetadataJsforceAdapter] [39mObject(7) {
  action: [32m't3.customMetadata'[39m,
  orgId: [32m'00D4x00000000ABC'[39m,
  type: [32m'Auctifera__Online_Apps_Setting__mdt'[39m,
  record: [32m'Default'[39m,
  allRecords: [33mfalse[39m,
  recordPattern: [1mnull[22m,
  fieldCount: [33m2[39m
}
[32m[Nest] 94593  - [39m07/27/2026, 1:12:15 PM [32m    LOG[39m [38;5;3m[T3MetadataJsforceAdapter] [39mObject(7) {
  action: [32m't3.customMetadata.done'[39m,
  orgId: [32m'00D4x00000000ABC'[39m,
  allRecords: [33mfalse[39m,
  recordPattern: [1mnull[22m,
  recordCount: [33m1[39m,
  target: [32m'Auctifera__Online_Apps_Setting.Auctifera__Default'[39m,
  verified: [33mtrue[39m
}
[32m[Nest] 94593  - [39m07/27/2026, 1:12:15 PM [32m    LOG[39m [38;5;3m[T3MetadataJsforceAdapter] [39mObject(7) {
  action: [32m't3.customMetadata'[39m,
  orgId: [32m'00D4x00000000ABC'[39m,
  type: [32m'Auctifera__Online_Apps_Setting__mdt'[39m,
  record: [32m'Default'[39m,
  allRecords: [33mfalse[39m,
  recordPattern: [1mnull[22m,
  fieldCount: [33m2[39m
}
[32m[Nest] 94593  - [39m07/27/2026, 1:12:15 PM [32m    LOG[39m [38;5;3m[T3MetadataJsforceAdapter] [39mObject(7) {
  action: [32m't3.customMetadata.done'[39m,
  orgId: [32m'00D4x00000000ABC'[39m,
  allRecords: [33mfalse[39m,
  recordPattern: [1mnull[22m,
  recordCount: [33m1[39m,
  target: [32m'Auctifera__Online_Apps_Setting.Auctifera__Default'[39m,
  verified: [33mtrue[39m
}
[32m[Nest] 94593  - [39m07/27/2026, 1:12:15 PM [32m    LOG[39m [38;5;3m[T3MetadataJsforceAdapter] [39mObject(7) {
  action: [32m't3.customMetadata'[39m,
  orgId: [32m'00D4x00000000ABC'[39m,
  type: [32m'Auctifera__Online_Apps_Setting__mdt'[39m,
  record: [32m'Default'[39m,
  allRecords: [33mfalse[39m,
  recordPattern: [1mnull[22m,
  fieldCount: [33m2[39m
}
[32m[Nest] 94593  - [39m07/27/2026, 1:12:15 PM [32m    LOG[39m [38;5;3m[T3MetadataJsforceAdapter] [39mObject(7) {
  action: [32m't3.customMetadata.done'[39m,
  orgId: [32m'00D4x00000000ABC'[39m,
  allRecords: [33mfalse[39m,
  recordPattern: [1mnull[22m,
  recordCount: [33m1[39m,
  target: [32m'Auctifera__Online_Apps_Setting.Auctifera__Default'[39m,
  verified: [33mtrue[39m
}
[32m[Nest] 94593  - [39m07/27/2026, 1:12:15 PM [32m    LOG[39m [38;5;3m[T3MetadataJsforceAdapter] [39mObject(7) {
  action: [32m't3.customMetadata'[39m,
  orgId: [32m'00D4x00000000ABC'[39m,
  type: [32m'vnfp__Fundraising_Settings__mdt'[39m,
  record: [32m'Default'[39m,
  allRecords: [33mfalse[39m,
  recordPattern: [1mnull[22m,
  fieldCount: [33m1[39m
}
[32m[Nest] 94593  - [39m07/27/2026, 1:12:15 PM [32m    LOG[39m [38;5;3m[T3MetadataJsforceAdapter] [39mObject(7) {
  action: [32m't3.customMetadata.done'[39m,
  orgId: [32m'00D4x00000000ABC'[39m,
  allRecords: [33mfalse[39m,
  recordPattern: [1mnull[22m,
  recordCount: [33m1[39m,
  target: [32m'vnfp__Fundraising_Settings.Default'[39m,
  verified: [33mtrue[39m
}
[32m[Nest] 94593  - [39m07/27/2026, 1:12:15 PM [32m    LOG[39m [38;5;3m[T3MetadataJsforceAdapter] [39mObject(7) {
  action: [32m't3.customMetadata'[39m,
  orgId: [32m'00D4x00000000ABC'[39m,
  type: [32m'vnfp__Fundraising_Settings__mdt'[39m,
  record: [32m'Default'[39m,
  allRecords: [33mfalse[39m,
  recordPattern: [1mnull[22m,
  fieldCount: [33m1[39m
}
[32m[Nest] 94593  - [39m07/27/2026, 1:12:15 PM [32m    LOG[39m [38;5;3m[T3MetadataJsforceAdapter] [39mObject(7) {
  action: [32m't3.customMetadata'[39m,
  orgId: [32m'00D4x00000000ABC'[39m,
  type: [32m'vnfp__Fundraising_Settings__mdt'[39m,
  record: [32m'Default'[39m,
  allRecords: [33mfalse[39m,
  recordPattern: [1mnull[22m,
  fieldCount: [33m1[39m
}
[32m[Nest] 94593  - [39m07/27/2026, 1:12:15 PM [32m    LOG[39m [38;5;3m[T3MetadataJsforceAdapter] [39mObject(7) {
  action: [32m't3.customMetadata'[39m,
  orgId: [32m'00D4x00000000ABC'[39m,
  type: [32m'Auctifera__Online_Apps_Setting__mdt'[39m,
  record: [32m'*'[39m,
  allRecords: [33mtrue[39m,
  recordPattern: [1mnull[22m,
  fieldCount: [33m2[39m
}
[32m[Nest] 94593  - [39m07/27/2026, 1:12:15 PM [32m    LOG[39m [38;5;3m[T3MetadataJsforceAdapter] [39mObject(7) {
  action: [32m't3.customMetadata.done'[39m,
  orgId: [32m'00D4x00000000ABC'[39m,
  allRecords: [33mtrue[39m,
  recordPattern: [1mnull[22m,
  recordCount: [33m3[39m,
  target: [32m'Auctifera__Online_Apps_Setting.*'[39m,
  verified: [33mtrue[39m
}
[32m[Nest] 94593  - [39m07/27/2026, 1:12:15 PM [32m    LOG[39m [38;5;3m[T3MetadataJsforceAdapter] [39mObject(7) {
  action: [32m't3.customMetadata'[39m,
  orgId: [32m'00D4x00000000ABC'[39m,
  type: [32m'Auctifera__Online_Apps_Setting__mdt'[39m,
  record: [32m'*'[39m,
  allRecords: [33mtrue[39m,
  recordPattern: [1mnull[22m,
  fieldCount: [33m2[39m
}
[32m[Nest] 94593  - [39m07/27/2026, 1:12:15 PM [32m    LOG[39m [38;5;3m[T3MetadataJsforceAdapter] [39mObject(7) {
  action: [32m't3.customMetadata.done'[39m,
  orgId: [32m'00D4x00000000ABC'[39m,
  allRecords: [33mtrue[39m,
  recordPattern: [1mnull[22m,
  recordCount: [33m3[39m,
  target: [32m'Auctifera__Online_Apps_Setting.*'[39m,
  verified: [33mfalse[39m
}
[32m[Nest] 94593  - [39m07/27/2026, 1:12:15 PM [32m    LOG[39m [38;5;3m[T3MetadataJsforceAdapter] [39mObject(7) {
  action: [32m't3.customMetadata'[39m,
  orgId: [32m'00D4x00000000ABC'[39m,
  type: [32m'Auctifera__Online_Apps_Setting__mdt'[39m,
  record: [32m'*'[39m,
  allRecords: [33mtrue[39m,
  recordPattern: [1mnull[22m,
  fieldCount: [33m1[39m
}
[32m[Nest] 94593  - [39m07/27/2026, 1:12:15 PM [32m    LOG[39m [38;5;3m[T3MetadataJsforceAdapter] [39mObject(7) {
  action: [32m't3.customMetadata'[39m,
  orgId: [32m'00D4x00000000ABC'[39m,
  type: [32m'npsp__Rollup__mdt'[39m,
  record: [32m'*'[39m,
  allRecords: [33mfalse[39m,
  recordPattern: [32m'LastMembership'[39m,
  fieldCount: [33m1[39m
}
[32m[Nest] 94593  - [39m07/27/2026, 1:12:15 PM [32m    LOG[39m [38;5;3m[T3MetadataJsforceAdapter] [39mObject(7) {
  action: [32m't3.customMetadata.done'[39m,
  orgId: [32m'00D4x00000000ABC'[39m,
  allRecords: [33mfalse[39m,
  recordPattern: [32m'LastMembership'[39m,
  recordCount: [33m3[39m,
  target: [32m"npsp__Rollup.* (pattern 'LastMembership')"[39m,
  verified: [33mtrue[39m
}
[32m[Nest] 94593  - [39m07/27/2026, 1:12:15 PM [32m    LOG[39m [38;5;3m[T3MetadataJsforceAdapter] [39mObject(7) {
  action: [32m't3.customMetadata'[39m,
  orgId: [32m'00D4x00000000ABC'[39m,
  type: [32m'npsp__Rollup__mdt'[39m,
  record: [32m'*'[39m,
  allRecords: [33mfalse[39m,
  recordPattern: [32m'NoSuchRollupFamily'[39m,
  fieldCount: [33m1[39m
}
[32m[Nest] 94593  - [39m07/27/2026, 1:12:15 PM [32m    LOG[39m [38;5;3m[T3MetadataJsforceAdapter] [39mObject(6) {
  action: [32m't3.customMetadata.done'[39m,
  orgId: [32m'00D4x00000000ABC'[39m,
  recordPattern: [32m'NoSuchRollupFamily'[39m,
  recordCount: [33m0[39m,
  target: [32m"npsp__Rollup.* (pattern 'NoSuchRollupFamily')"[39m,
  verified: [33mtrue[39m
}
[32m[Nest] 94593  - [39m07/27/2026, 1:12:15 PM [32m    LOG[39m [38;5;3m[T3MetadataJsforceAdapter] [39mObject(7) {
  action: [32m't3.customMetadata'[39m,
  orgId: [32m'00D4x00000000ABC'[39m,
  type: [32m'npsp__Rollup__mdt'[39m,
  record: [32m'*'[39m,
  allRecords: [33mfalse[39m,
  recordPattern: [32m'Foo_Bar'[39m,
  fieldCount: [33m1[39m
}
[32m[Nest] 94593  - [39m07/27/2026, 1:12:15 PM [32m    LOG[39m [38;5;3m[T3MetadataJsforceAdapter] [39mObject(7) {
  action: [32m't3.customMetadata.done'[39m,
  orgId: [32m'00D4x00000000ABC'[39m,
  allRecords: [33mfalse[39m,
  recordPattern: [32m'Foo_Bar'[39m,
  recordCount: [33m1[39m,
  target: [32m"npsp__Rollup.* (pattern 'Foo_Bar')"[39m,
  verified: [33mtrue[39m
}
[32m[Nest] 94593  - [39m07/27/2026, 1:12:15 PM [32m    LOG[39m [38;5;3m[T3MetadataJsforceAdapter] [39mObject(4) {
  action: [32m't3.clonePermissionSet'[39m,
  orgId: [32m'00D4x00000000ABC'[39m,
  source: [32m'Auctifera__Veevart'[39m,
  target: [32m'Veevart2'[39m
}
[32m[Nest] 94593  - [39m07/27/2026, 1:12:15 PM [32m    LOG[39m [38;5;3m[T3MetadataJsforceAdapter] [39mObject(4) {
  action: [32m't3.clonePermissionSet.done'[39m,
  orgId: [32m'00D4x00000000ABC'[39m,
  target: [32m'Veevart2'[39m,
  verified: [33mtrue[39m
}
[32m[Nest] 94593  - [39m07/27/2026, 1:12:15 PM [32m    LOG[39m [38;5;3m[T3MetadataJsforceAdapter] [39mObject(4) {
  action: [32m't3.clonePermissionSet'[39m,
  orgId: [32m'00D4x00000000ABC'[39m,
  source: [32m'Auctifera__Veevart'[39m,
  target: [32m'Veevart2'[39m
}
[32m[Nest] 94593  - [39m07/27/2026, 1:12:15 PM [32m    LOG[39m [38;5;3m[T3MetadataJsforceAdapter] [39mObject(4) {
  action: [32m't3.clonePermissionSet.done'[39m,
  orgId: [32m'00D4x00000000ABC'[39m,
  target: [32m'Veevart2'[39m,
  verified: [33mtrue[39m
}
[32m[Nest] 94593  - [39m07/27/2026, 1:12:15 PM [32m    LOG[39m [38;5;3m[T3MetadataJsforceAdapter] [39mObject(4) {
  action: [32m't3.clonePermissionSet'[39m,
  orgId: [32m'00D4x00000000ABC'[39m,
  source: [32m'Auctifera__Veevart'[39m,
  target: [32m'Veevart2'[39m
}
[32m[Nest] 94593  - [39m07/27/2026, 1:12:15 PM [32m    LOG[39m [38;5;3m[T3MetadataJsforceAdapter] [39mObject(3) {
  action: [32m't3.workflowRule'[39m,
  orgId: [32m'00D4x00000000ABC'[39m,
  count: [33m2[39m
}
[32m[Nest] 94593  - [39m07/27/2026, 1:12:15 PM [32m    LOG[39m [38;5;3m[T3MetadataJsforceAdapter] [39mObject(4) {
  action: [32m't3.workflowRule.done'[39m,
  orgId: [32m'00D4x00000000ABC'[39m,
  target: [32m'Auctifera__Cashier_Drawer_Journal__c.Auctifera__Cashier Is Open, Contact.npe01__Contact%2EPreferred_Email%5F%5Fc'[39m,
  verified: [33mtrue[39m
}
[32m[Nest] 94593  - [39m07/27/2026, 1:12:15 PM [32m    LOG[39m [38;5;3m[T3MetadataJsforceAdapter] [39mObject(3) {
  action: [32m't3.workflowRule'[39m,
  orgId: [32m'00D4x00000000ABC'[39m,
  count: [33m1[39m
}
[32m[Nest] 94593  - [39m07/27/2026, 1:12:15 PM [32m    LOG[39m [38;5;3m[T3MetadataJsforceAdapter] [39mObject(4) {
  action: [32m't3.workflowRule.done'[39m,
  orgId: [32m'00D4x00000000ABC'[39m,
  target: [32m'Contact.Missing_Rule'[39m,
  verified: [33mfalse[39m
}
[32m[Nest] 94593  - [39m07/27/2026, 1:12:15 PM [32m    LOG[39m [38;5;3m[T3MetadataJsforceAdapter] [39mObject(3) {
  action: [32m't3.workflowRule'[39m,
  orgId: [32m'00D4x00000000ABC'[39m,
  count: [33m1[39m
}
[32m[Nest] 94593  - [39m07/27/2026, 1:12:15 PM [32m    LOG[39m [38;5;3m[T3MetadataJsforceAdapter] [39mObject(4) {
  action: [32m't3.workflowRule.done'[39m,
  orgId: [32m'00D4x00000000ABC'[39m,
  target: [32m'Contact.npe01__Contact%2EPreferred_Email%5F%5Fc'[39m,
  verified: [33mfalse[39m
}
[32m[Nest] 94593  - [39m07/27/2026, 1:12:15 PM [32m    LOG[39m [38;5;3m[T3MetadataJsforceAdapter] [39mObject(3) {
  action: [32m't3.workflowRule'[39m,
  orgId: [32m'00D4x00000000ABC'[39m,
  count: [33m1[39m
}
[32m[Nest] 94593  - [39m07/27/2026, 1:12:15 PM [32m    LOG[39m [38;5;3m[T3MetadataJsforceAdapter] [39mObject(4) {
  action: [32m't3.workflowRule.done'[39m,
  orgId: [32m'00D4x00000000ABC'[39m,
  target: [32m'Contact.Some_Rule'[39m,
  verified: [33mtrue[39m
}
[32m[Nest] 94593  - [39m07/27/2026, 1:12:15 PM [32m    LOG[39m [38;5;3m[T3MetadataJsforceAdapter] [39mObject(3) {
  action: [32m't3.workflowRule'[39m,
  orgId: [32m'00D4x00000000ABC'[39m,
  count: [33m1[39m
}
[32m[Nest] 94593  - [39m07/27/2026, 1:12:15 PM [32m    LOG[39m [38;5;3m[T3MetadataJsforceAdapter] [39mObject(4) {
  action: [32m't3.workflowRule.done'[39m,
  orgId: [32m'00D4x00000000ABC'[39m,
  target: [32m'Auctifera__Cashier_Drawer_Journal__c.Auctifera__Cashier Is Open'[39m,
  verified: [33mfalse[39m
}
[32m[Nest] 94593  - [39m07/27/2026, 1:12:15 PM [32m    LOG[39m [38;5;3m[T3MetadataJsforceAdapter] [39mObject(4) {
  action: [32m't3.workflowAlert'[39m,
  orgId: [32m'00D4x00000000ABC'[39m,
  count: [33m2[39m,
  withSender: [33mtrue[39m
}
[32m[Nest] 94593  - [39m07/27/2026, 1:12:15 PM [32m    LOG[39m [38;5;3m[T3MetadataJsforceAdapter] [39mObject(4) {
  action: [32m't3.workflowAlert.done'[39m,
  orgId: [32m'00D4x00000000ABC'[39m,
  target: [32m'Auctifera__Log__c.Auctifera__Error_Log_Email_Alert, Opportunity.npsp__Opportunity_Email_Acknowledgment'[39m,
  verified: [33mtrue[39m
}
[32m[Nest] 94593  - [39m07/27/2026, 1:12:15 PM [32m    LOG[39m [38;5;3m[T3MetadataJsforceAdapter] [39mObject(4) {
  action: [32m't3.workflowAlert'[39m,
  orgId: [32m'00D4x00000000ABC'[39m,
  count: [33m1[39m,
  withSender: [33mtrue[39m
}
[32m[Nest] 94593  - [39m07/27/2026, 1:12:15 PM [32m    LOG[39m [38;5;3m[T3MetadataJsforceAdapter] [39mObject(4) {
  action: [32m't3.workflowAlert.done'[39m,
  orgId: [32m'00D4x00000000ABC'[39m,
  target: [32m'Auctifera__Log__c.Auctifera__Error_Log_Email_Alert'[39m,
  verified: [33mtrue[39m
}
[32m[Nest] 94593  - [39m07/27/2026, 1:12:15 PM [32m    LOG[39m [38;5;3m[T3MetadataJsforceAdapter] [39mObject(4) {
  action: [32m't3.workflowAlert'[39m,
  orgId: [32m'00D4x00000000ABC'[39m,
  count: [33m1[39m,
  withSender: [33mtrue[39m
}
[32m[Nest] 94593  - [39m07/27/2026, 1:12:15 PM [32m    LOG[39m [38;5;3m[T3MetadataJsforceAdapter] [39mObject(4) {
  action: [32m't3.workflowAlert.done'[39m,
  orgId: [32m'00D4x00000000ABC'[39m,
  target: [32m'Auctifera__Log__c.Auctifera__Error_Log_Email_Alert'[39m,
  verified: [33mfalse[39m
}
[32m[Nest] 94593  - [39m07/27/2026, 1:12:15 PM [32m    LOG[39m [38;5;3m[T3MetadataJsforceAdapter] [39mObject(4) {
  action: [32m't3.workflowAlert'[39m,
  orgId: [32m'00D4x00000000ABC'[39m,
  count: [33m1[39m,
  withSender: [33mtrue[39m
}
[32m[Nest] 94593  - [39m07/27/2026, 1:12:15 PM [32m    LOG[39m [38;5;3m[T3MetadataJsforceAdapter] [39mObject(4) {
  action: [32m't3.workflowAlert.done'[39m,
  orgId: [32m'00D4x00000000ABC'[39m,
  target: [32m'Auctifera__Log__c.Auctifera__Error_Log_Email_Alert'[39m,
  verified: [33mfalse[39m
}
[32m[Nest] 94593  - [39m07/27/2026, 1:12:15 PM [32m    LOG[39m [38;5;3m[T3MetadataJsforceAdapter] [39mObject(4) {
  action: [32m't3.workflowAlert'[39m,
  orgId: [32m'00D4x00000000ABC'[39m,
  count: [33m2[39m,
  withSender: [33mtrue[39m
}
[32m[Nest] 94593  - [39m07/27/2026, 1:12:15 PM [32m    LOG[39m [38;5;3m[T3MetadataJsforceAdapter] [39mObject(4) {
  action: [32m't3.workflowAlert.done'[39m,
  orgId: [32m'00D4x00000000ABC'[39m,
  target: [32m'Widget__c.Gone_Alert, Auctifera__Log__c.Auctifera__Error_Log_Email_Alert'[39m,
  verified: [33mtrue[39m
}
[32m[Nest] 94593  - [39m07/27/2026, 1:12:15 PM [32m    LOG[39m [38;5;3m[T3MetadataJsforceAdapter] [39mObject(4) {
  action: [32m't3.workflowAlert'[39m,
  orgId: [32m'00D4x00000000ABC'[39m,
  count: [33m1[39m,
  withSender: [33mtrue[39m
}
[32m[Nest] 94593  - [39m07/27/2026, 1:12:15 PM [32m    LOG[39m [38;5;3m[T3MetadataJsforceAdapter] [39mObject(4) {
  action: [32m't3.workflowAlert.done'[39m,
  orgId: [32m'00D4x00000000ABC'[39m,
  target: [32m'Auctifera__Log__c.Auctifera__Error_Log_Email_Alert'[39m,
  verified: [33mtrue[39m
}
[32m[Nest] 94593  - [39m07/27/2026, 1:12:15 PM [32m    LOG[39m [38;5;3m[T3MetadataJsforceAdapter] [39mObject(4) {
  action: [32m't3.workflowAlert'[39m,
  orgId: [32m'00D4x00000000ABC'[39m,
  count: [33m1[39m,
  withSender: [33mtrue[39m
}
[32m[Nest] 94593  - [39m07/27/2026, 1:12:15 PM [32m    LOG[39m [38;5;3m[T3MetadataJsforceAdapter] [39mObject(4) {
  action: [32m't3.workflowAlert.done'[39m,
  orgId: [32m'00D4x00000000ABC'[39m,
  target: [32m'Auctifera__Log__c.Auctifera__Error_Log_Email_Alert'[39m,
  verified: [33mtrue[39m
}
[32m[Nest] 94593  - [39m07/27/2026, 1:12:15 PM [32m    LOG[39m [38;5;3m[T3MetadataJsforceAdapter] [39mObject(4) {
  action: [32m't3.workflowAlert'[39m,
  orgId: [32m'00D4x00000000ABC'[39m,
  count: [33m1[39m,
  withSender: [33mtrue[39m
}
[32m[Nest] 94593  - [39m07/27/2026, 1:12:15 PM [32m    LOG[39m [38;5;3m[T3MetadataJsforceAdapter] [39mObject(4) {
  action: [32m't3.workflowAlert.done'[39m,
  orgId: [32m'00D4x00000000ABC'[39m,
  target: [32m'Widget__c.Gone_Alert'[39m,
  verified: [33mtrue[39m
}
[32m[Nest] 94593  - [39m07/27/2026, 1:12:15 PM [32m    LOG[39m [38;5;3m[T3MetadataJsforceAdapter] [39mObject(4) {
  action: [32m't3.workflowAlert'[39m,
  orgId: [32m'00D4x00000000ABC'[39m,
  count: [33m1[39m,
  withSender: [33mfalse[39m
}
[32m[Nest] 94593  - [39m07/27/2026, 1:12:15 PM [32m    LOG[39m [38;5;3m[T3MetadataJsforceAdapter] [39mObject(4) {
  action: [32m't3.workflowAlert.done'[39m,
  orgId: [32m'00D4x00000000ABC'[39m,
  target: [32m'Auctifera__Log__c.Auctifera__Error_Log_Email_Alert'[39m,
  verified: [33mtrue[39m
}
[32m[Nest] 94593  - [39m07/27/2026, 1:12:15 PM [32m    LOG[39m [38;5;3m[T3MetadataJsforceAdapter] [39mObject(4) {
  action: [32m't3.workflowAlert'[39m,
  orgId: [32m'00D4x00000000ABC'[39m,
  count: [33m1[39m,
  withSender: [33mfalse[39m
}
[32m[Nest] 94593  - [39m07/27/2026, 1:12:15 PM [32m    LOG[39m [38;5;3m[T3MetadataJsforceAdapter] [39mObject(4) {
  action: [32m't3.workflowAlert.done'[39m,
  orgId: [32m'00D4x00000000ABC'[39m,
  target: [32m'Auctifera__Log__c.Auctifera__Error_Log_Email_Alert'[39m,
  verified: [33mtrue[39m
}
[32m[Nest] 94593  - [39m07/27/2026, 1:12:15 PM [32m    LOG[39m [38;5;3m[T3MetadataJsforceAdapter] [39mObject(4) {
  action: [32m't3.workflowAlert'[39m,
  orgId: [32m'00D4x00000000ABC'[39m,
  count: [33m1[39m,
  withSender: [33mfalse[39m
}
[32m[Nest] 94593  - [39m07/27/2026, 1:12:15 PM [32m    LOG[39m [38;5;3m[T3MetadataJsforceAdapter] [39mObject(4) {
  action: [32m't3.workflowAlert.done'[39m,
  orgId: [32m'00D4x00000000ABC'[39m,
  target: [32m'Auctifera__Log__c.Auctifera__Error_Log_Email_Alert'[39m,
  verified: [33mtrue[39m
}
[32m[Nest] 94593  - [39m07/27/2026, 1:12:15 PM [32m    LOG[39m [38;5;3m[T3MetadataJsforceAdapter] [39mObject(4) {
  action: [32m't3.workflowAlert'[39m,
  orgId: [32m'00D4x00000000ABC'[39m,
  count: [33m1[39m,
  withSender: [33mfalse[39m
}
[32m[Nest] 94593  - [39m07/27/2026, 1:12:15 PM [32m    LOG[39m [38;5;3m[T3MetadataJsforceAdapter] [39mObject(4) {
  action: [32m't3.workflowAlert.done'[39m,
  orgId: [32m'00D4x00000000ABC'[39m,
  target: [32m'Auctifera__Log__c.Auctifera__Error_Log_Email_Alert'[39m,
  verified: [33mfalse[39m
}
[32m[Nest] 94593  - [39m07/27/2026, 1:12:15 PM [32m    LOG[39m [38;5;3m[T3MetadataJsforceAdapter] [39mObject(4) {
  action: [32m't3.workflowAlert'[39m,
  orgId: [32m'00D4x00000000ABC'[39m,
  count: [33m1[39m,
  withSender: [33mfalse[39m
}
[32m[Nest] 94593  - [39m07/27/2026, 1:12:15 PM [32m    LOG[39m [38;5;3m[T3MetadataJsforceAdapter] [39mObject(4) {
  action: [32m't3.workflowAlert.done'[39m,
  orgId: [32m'00D4x00000000ABC'[39m,
  target: [32m'Auctifera__Log__c.Auctifera__Error_Log_Email_Alert'[39m,
  verified: [33mtrue[39m
}
[32m[Nest] 94593  - [39m07/27/2026, 1:12:15 PM [32m    LOG[39m [38;5;3m[T3MetadataJsforceAdapter] [39mObject(3) {
  action: [32m't3.validationRule'[39m,
  orgId: [32m'00D4x00000000ABC'[39m,
  count: [33m1[39m
}
[32m[Nest] 94593  - [39m07/27/2026, 1:12:15 PM [32m    LOG[39m [38;5;3m[T3MetadataJsforceAdapter] [39mObject(4) {
  action: [32m't3.validationRule.done'[39m,
  orgId: [32m'00D4x00000000ABC'[39m,
  target: [32m'Auctifera__CatalogItem__c.Total_stock_validation'[39m,
  verified: [33mtrue[39m
}
[32m[Nest] 94593  - [39m07/27/2026, 1:12:15 PM [32m    LOG[39m [38;5;3m[T3MetadataJsforceAdapter] [39mObject(3) {
  action: [32m't3.validationRule'[39m,
  orgId: [32m'00D4x00000000ABC'[39m,
  count: [33m1[39m
}
[32m[Nest] 94593  - [39m07/27/2026, 1:12:15 PM [32m    LOG[39m [38;5;3m[T3MetadataJsforceAdapter] [39mObject(4) {
  action: [32m't3.validationRule.done'[39m,
  orgId: [32m'00D4x00000000ABC'[39m,
  target: [32m'Auctifera__CatalogItem__c.Restrict_Misc_Gift_Card'[39m,
  verified: [33mtrue[39m
}
[32m[Nest] 94593  - [39m07/27/2026, 1:12:15 PM [32m    LOG[39m [38;5;3m[T3MetadataJsforceAdapter] [39mObject(3) {
  action: [32m't3.validationRule'[39m,
  orgId: [32m'00D4x00000000ABC'[39m,
  count: [33m1[39m
}
[32m[Nest] 94593  - [39m07/27/2026, 1:12:15 PM [32m    LOG[39m [38;5;3m[T3MetadataJsforceAdapter] [39mObject(4) {
  action: [32m't3.validationRule.done'[39m,
  orgId: [32m'00D4x00000000ABC'[39m,
  target: [32m'Auctifera__CatalogItem__c.Missing_Name'[39m,
  verified: [33mtrue[39m
}
[32m[Nest] 94593  - [39m07/27/2026, 1:12:15 PM [32m    LOG[39m [38;5;3m[T3MetadataJsforceAdapter] [39mObject(3) {
  action: [32m't3.validationRule'[39m,
  orgId: [32m'00D4x00000000ABC'[39m,
  count: [33m1[39m
}
[32m[Nest] 94593  - [39m07/27/2026, 1:12:15 PM [32m    LOG[39m [38;5;3m[T3MetadataJsforceAdapter] [39mObject(4) {
  action: [32m't3.validationRule.done'[39m,
  orgId: [32m'00D4x00000000ABC'[39m,
  target: [32m'Account.Missing_Rule'[39m,
  verified: [33mfalse[39m
}
[32m[Nest] 94593  - [39m07/27/2026, 1:12:15 PM [32m    LOG[39m [38;5;3m[T3MetadataJsforceAdapter] [39mObject(3) {
  action: [32m't3.validationRule'[39m,
  orgId: [32m'00D4x00000000ABC'[39m,
  count: [33m1[39m
}
[32m[Nest] 94593  - [39m07/27/2026, 1:12:15 PM [32m    LOG[39m [38;5;3m[T3MetadataJsforceAdapter] [39mObject(4) {
  action: [32m't3.validationRule.done'[39m,
  orgId: [32m'00D4x00000000ABC'[39m,
  target: [32m'Auctifera__CatalogItem__c.Total_stock_validation'[39m,
  verified: [33mfalse[39m
}
[32m[Nest] 94593  - [39m07/27/2026, 1:12:15 PM [32m    LOG[39m [38;5;3m[T3MetadataJsforceAdapter] [39mObject(3) {
  action: [32m't3.validationRule'[39m,
  orgId: [32m'00D4x00000000ABC'[39m,
  count: [33m1[39m
}
[32m[Nest] 94593  - [39m07/27/2026, 1:12:15 PM [32m    LOG[39m [38;5;3m[T3MetadataJsforceAdapter] [39mObject(4) {
  action: [32m't3.validationRule.done'[39m,
  orgId: [32m'00D4x00000000ABC'[39m,
  target: [32m'Account.Some_Rule'[39m,
  verified: [33mtrue[39m
}
[32m[Nest] 94593  - [39m07/27/2026, 1:12:15 PM [32m    LOG[39m [38;5;3m[T3MetadataJsforceAdapter] [39mObject(3) {
  action: [32m't3.validationRule'[39m,
  orgId: [32m'00D4x00000000ABC'[39m,
  count: [33m1[39m
}
[32m[Nest] 94593  - [39m07/27/2026, 1:12:15 PM [32m    LOG[39m [38;5;3m[T3MetadataJsforceAdapter] [39mObject(4) {
  action: [32m't3.validationRule.done'[39m,
  orgId: [32m'00D4x00000000ABC'[39m,
  target: [32m'Auctifera__CatalogItem__c.Total_stock_validation'[39m,
  verified: [33mfalse[39m
}
[32m[Nest] 94593  - [39m07/27/2026, 1:12:15 PM [32m    LOG[39m [38;5;3m[T3MetadataJsforceAdapter] [39mObject(3) {
  action: [32m't3.duplicateRule'[39m,
  orgId: [32m'00D4x00000000ABC'[39m,
  count: [33m1[39m
}
[32m[Nest] 94593  - [39m07/27/2026, 1:12:15 PM [32m    LOG[39m [38;5;3m[T3MetadataJsforceAdapter] [39mObject(4) {
  action: [32m't3.duplicateRule.done'[39m,
  orgId: [32m'00D4x00000000ABC'[39m,
  target: [32m'Contact.Standard_Contact_Duplicate_Rule'[39m,
  verified: [33mtrue[39m
}
[32m[Nest] 94593  - [39m07/27/2026, 1:12:15 PM [32m    LOG[39m [38;5;3m[T3MetadataJsforceAdapter] [39mObject(3) {
  action: [32m't3.duplicateRule'[39m,
  orgId: [32m'00D4x00000000ABC'[39m,
  count: [33m1[39m
}
[32m[Nest] 94593  - [39m07/27/2026, 1:12:15 PM [32m    LOG[39m [38;5;3m[T3MetadataJsforceAdapter] [39mObject(4) {
  action: [32m't3.duplicateRule.done'[39m,
  orgId: [32m'00D4x00000000ABC'[39m,
  target: [32m'Contact.Standard_Contact_Duplicate_Rule'[39m,
  verified: [33mtrue[39m
}
[32m[Nest] 94593  - [39m07/27/2026, 1:12:15 PM [32m    LOG[39m [38;5;3m[T3MetadataJsforceAdapter] [39mObject(3) {
  action: [32m't3.duplicateRule'[39m,
  orgId: [32m'00D4x00000000ABC'[39m,
  count: [33m1[39m
}
[33m[Nest] 94593  - [39m07/27/2026, 1:12:15 PM [33m   WARN[39m [38;5;3m[T3MetadataJsforceAdapter] [39mObject(4) {
  action: [32m't3.duplicateRule.matchingRuleFallback'[39m,
  orgId: [32m'00D4x00000000ABC'[39m,
  fullName: [32m'Contact.Standard_Contact_Duplicate_Rule'[39m,
  detail: [32m"This duplicate rule references a matching rule that doesn't exist. Update the referenced matching rule."[39m
}
[32m[Nest] 94593  - [39m07/27/2026, 1:12:15 PM [32m    LOG[39m [38;5;3m[T3MetadataJsforceAdapter] [39mObject(4) {
  action: [32m't3.duplicateRule.done'[39m,
  orgId: [32m'00D4x00000000ABC'[39m,
  target: [32m'Contact.Standard_Contact_Duplicate_Rule'[39m,
  verified: [33mtrue[39m
}
[32m[Nest] 94593  - [39m07/27/2026, 1:12:15 PM [32m    LOG[39m [38;5;3m[T3MetadataJsforceAdapter] [39mObject(3) {
  action: [32m't3.duplicateRule'[39m,
  orgId: [32m'00D4x00000000ABC'[39m,
  count: [33m1[39m
}
[32m[Nest] 94593  - [39m07/27/2026, 1:12:15 PM [32m    LOG[39m [38;5;3m[T3MetadataJsforceAdapter] [39mObject(4) {
  action: [32m't3.duplicateRule.done'[39m,
  orgId: [32m'00D4x00000000ABC'[39m,
  target: [32m'Contact.Standard_Contact_Duplicate_Rule'[39m,
  verified: [33mfalse[39m
}
[32m[Nest] 94593  - [39m07/27/2026, 1:12:15 PM [32m    LOG[39m [38;5;3m[T3MetadataJsforceAdapter] [39mObject(3) {
  action: [32m't3.duplicateRule'[39m,
  orgId: [32m'00D4x00000000ABC'[39m,
  count: [33m1[39m
}
[32m[Nest] 94593  - [39m07/27/2026, 1:12:15 PM [32m    LOG[39m [38;5;3m[T3MetadataJsforceAdapter] [39mObject(4) {
  action: [32m't3.duplicateRule.done'[39m,
  orgId: [32m'00D4x00000000ABC'[39m,
  target: [32m'Contact.Standard_Contact_Duplicate_Rule'[39m,
  verified: [33mtrue[39m
}
[32m[Nest] 94593  - [39m07/27/2026, 1:12:15 PM [32m    LOG[39m [38;5;3m[T3MetadataJsforceAdapter] [39mObject(3) {
  action: [32m't3.duplicateRule'[39m,
  orgId: [32m'00D4x00000000ABC'[39m,
  count: [33m1[39m
}
[32m[Nest] 94593  - [39m07/27/2026, 1:12:15 PM [32m    LOG[39m [38;5;3m[T3MetadataJsforceAdapter] [39mObject(4) {
  action: [32m't3.duplicateRule.create'[39m,
  orgId: [32m'00D4x00000000ABC'[39m,
  fullName: [32m'Account.Standard_Account_Duplicate_Rule'[39m,
  matchingRule: [32m'Standard_Account_Match'[39m
}
[32m[Nest] 94593  - [39m07/27/2026, 1:12:15 PM [32m    LOG[39m [38;5;3m[T3MetadataJsforceAdapter] [39mObject(4) {
  action: [32m't3.duplicateRule.done'[39m,
  orgId: [32m'00D4x00000000ABC'[39m,
  target: [32m'Account.Standard_Account_Duplicate_Rule'[39m,
  verified: [33mtrue[39m
}
[32m[Nest] 94593  - [39m07/27/2026, 1:12:15 PM [32m    LOG[39m [38;5;3m[T3MetadataJsforceAdapter] [39mObject(3) {
  action: [32m't3.duplicateRule'[39m,
  orgId: [32m'00D4x00000000ABC'[39m,
  count: [33m1[39m
}
[32m[Nest] 94593  - [39m07/27/2026, 1:12:15 PM [32m    LOG[39m [38;5;3m[T3MetadataJsforceAdapter] [39mObject(4) {
  action: [32m't3.duplicateRule.create'[39m,
  orgId: [32m'00D4x00000000ABC'[39m,
  fullName: [32m'Account.Standard_Account_Duplicate_Rule'[39m,
  matchingRule: [32m'Standard_Account_Match_Rule_v1_0'[39m
}
[32m[Nest] 94593  - [39m07/27/2026, 1:12:15 PM [32m    LOG[39m [38;5;3m[T3MetadataJsforceAdapter] [39mObject(4) {
  action: [32m't3.duplicateRule.done'[39m,
  orgId: [32m'00D4x00000000ABC'[39m,
  target: [32m'Account.Standard_Account_Duplicate_Rule'[39m,
  verified: [33mtrue[39m
}
[32m[Nest] 94593  - [39m07/27/2026, 1:12:15 PM [32m    LOG[39m [38;5;3m[T3MetadataJsforceAdapter] [39mObject(3) {
  action: [32m't3.duplicateRule'[39m,
  orgId: [32m'00D4x00000000ABC'[39m,
  count: [33m1[39m
}
[32m[Nest] 94593  - [39m07/27/2026, 1:12:15 PM [32m    LOG[39m [38;5;3m[T3MetadataJsforceAdapter] [39mObject(4) {
  action: [32m't3.duplicateRule.done'[39m,
  orgId: [32m'00D4x00000000ABC'[39m,
  target: [32m'Account.Nope'[39m,
  verified: [33mfalse[39m
}
[32m[Nest] 94593  - [39m07/27/2026, 1:12:15 PM [32m    LOG[39m [38;5;3m[T3MetadataJsforceAdapter] [39mObject(3) {
  action: [32m't3.duplicateRule'[39m,
  orgId: [32m'00D4x00000000ABC'[39m,
  count: [33m1[39m
}
[32m[Nest] 94593  - [39m07/27/2026, 1:12:15 PM [32m    LOG[39m [38;5;3m[T3MetadataJsforceAdapter] [39mObject(4) {
  action: [32m't3.duplicateRule.done'[39m,
  orgId: [32m'00D4x00000000ABC'[39m,
  target: [32m'Contact.Standard_Contact_Duplicate_Rule'[39m,
  verified: [33mfalse[39m
}
[32m[Nest] 94593  - [39m07/27/2026, 1:12:15 PM [32m    LOG[39m [38;5;3m[T3MetadataJsforceAdapter] [39mObject(3) {
  action: [32m't3.duplicateRule'[39m,
  orgId: [32m'00D4x00000000ABC'[39m,
  count: [33m1[39m
}
[32m[Nest] 94593  - [39m07/27/2026, 1:12:15 PM [32m    LOG[39m [38;5;3m[T3MetadataJsforceAdapter] [39mObject(4) {
  action: [32m't3.duplicateRule.done'[39m,
  orgId: [32m'00D4x00000000ABC'[39m,
  target: [32m'Contact.Standard_Contact_Duplicate_Rule'[39m,
  verified: [33mtrue[39m
}
[32m[Nest] 94593  - [39m07/27/2026, 1:12:15 PM [32m    LOG[39m [38;5;3m[T3MetadataJsforceAdapter] [39mObject(5) {
  action: [32m't3.settings'[39m,
  orgId: [32m'00D4x00000000ABC'[39m,
  type: [32m'SecuritySettings'[39m,
  fullName: [32m'Security'[39m,
  fieldCount: [33m1[39m
}
[32m[Nest] 94593  - [39m07/27/2026, 1:12:15 PM [32m    LOG[39m [38;5;3m[T3MetadataJsforceAdapter] [39mObject(5) {
  action: [32m't3.settings.done'[39m,
  orgId: [32m'00D4x00000000ABC'[39m,
  type: [32m'SecuritySettings'[39m,
  target: [32m'Security'[39m,
  verified: [33mtrue[39m
}
[32m[Nest] 94593  - [39m07/27/2026, 1:12:15 PM [32m    LOG[39m [38;5;3m[T3MetadataJsforceAdapter] [39mObject(5) {
  action: [32m't3.settings'[39m,
  orgId: [32m'00D4x00000000ABC'[39m,
  type: [32m'UserManagementSettings'[39m,
  fullName: [32m'UserManagement'[39m,
  fieldCount: [33m1[39m
}
[32m[Nest] 94593  - [39m07/27/2026, 1:12:15 PM [32m    LOG[39m [38;5;3m[T3MetadataJsforceAdapter] [39mObject(5) {
  action: [32m't3.settings.done'[39m,
  orgId: [32m'00D4x00000000ABC'[39m,
  type: [32m'UserManagementSettings'[39m,
  target: [32m'UserManagement'[39m,
  verified: [33mtrue[39m
}
[32m[Nest] 94593  - [39m07/27/2026, 1:12:15 PM [32m    LOG[39m [38;5;3m[T3MetadataJsforceAdapter] [39mObject(5) {
  action: [32m't3.settings'[39m,
  orgId: [32m'00D4x00000000ABC'[39m,
  type: [32m'UserManagementSettings'[39m,
  fullName: [32m'UserManagement'[39m,
  fieldCount: [33m1[39m
}
[32m[Nest] 94593  - [39m07/27/2026, 1:12:15 PM [32m    LOG[39m [38;5;3m[T3MetadataJsforceAdapter] [39mObject(5) {
  action: [32m't3.settings.done'[39m,
  orgId: [32m'00D4x00000000ABC'[39m,
  type: [32m'UserManagementSettings'[39m,
  target: [32m'UserManagement'[39m,
  verified: [33mfalse[39m
}
[32m[Nest] 94593  - [39m07/27/2026, 1:12:15 PM [32m    LOG[39m [38;5;3m[T3MetadataJsforceAdapter] [39mObject(5) {
  action: [32m't3.settings'[39m,
  orgId: [32m'00D4x00000000ABC'[39m,
  type: [32m'SecuritySettings'[39m,
  fullName: [32m'Security'[39m,
  fieldCount: [33m1[39m
}
[32m[Nest] 94593  - [39m07/27/2026, 1:12:15 PM [32m    LOG[39m [38;5;3m[T3MetadataJsforceAdapter] [39mObject(5) {
  action: [32m't3.settings.done'[39m,
  orgId: [32m'00D4x00000000ABC'[39m,
  type: [32m'SecuritySettings'[39m,
  target: [32m'Security'[39m,
  verified: [33mfalse[39m
}
[32m[Nest] 94593  - [39m07/27/2026, 1:12:15 PM [32m    LOG[39m [38;5;3m[T3MetadataJsforceAdapter] [39mObject(3) {
  action: [32m't3.organizationSettings'[39m,
  orgId: [32m'00D4x00000000ABC'[39m,
  fieldCount: [33m1[39m
}
[32m[Nest] 94593  - [39m07/27/2026, 1:12:15 PM [32m    LOG[39m [38;5;3m[T3MetadataJsforceAdapter] [39mObject(4) {
  action: [32m't3.organizationSettings.done'[39m,
  orgId: [32m'00D4x00000000ABC'[39m,
  target: [32m'Organization'[39m,
  verified: [33mtrue[39m
}
[32m[Nest] 94593  - [39m07/27/2026, 1:12:15 PM [32m    LOG[39m [38;5;3m[T3MetadataJsforceAdapter] [39mObject(3) {
  action: [32m't3.organizationSettings'[39m,
  orgId: [32m'00D4x00000000ABC'[39m,
  fieldCount: [33m1[39m
}
[32m[Nest] 94593  - [39m07/27/2026, 1:12:15 PM [32m    LOG[39m [38;5;3m[T3MetadataJsforceAdapter] [39mObject(4) {
  action: [32m't3.organizationSettings.done'[39m,
  orgId: [32m'00D4x00000000ABC'[39m,
  target: [32m'Organization'[39m,
  verified: [33mfalse[39m
}
[32m[Nest] 94593  - [39m07/27/2026, 1:12:15 PM [32m    LOG[39m [38;5;3m[T3MetadataJsforceAdapter] [39mObject(3) {
  action: [32m't3.organizationSettings'[39m,
  orgId: [32m'00D4x00000000ABC'[39m,
  fieldCount: [33m1[39m
}
[32m[Nest] 94593  - [39m07/27/2026, 1:12:15 PM [32m    LOG[39m [38;5;3m[T3MetadataJsforceAdapter] [39mObject(4) {
  action: [32m't3.customSetting'[39m,
  orgId: [32m'00D4x00000000ABC'[39m,
  object: [32m'Auctifera__Rental_Setting__c'[39m,
  fieldCount: [33m1[39m
}
[32m[Nest] 94593  - [39m07/27/2026, 1:12:15 PM [32m    LOG[39m [38;5;3m[T3MetadataJsforceAdapter] [39mObject(4) {
  action: [32m't3.customSetting.done'[39m,
  orgId: [32m'00D4x00000000ABC'[39m,
  target: [32m'Auctifera__Rental_Setting__c'[39m,
  verified: [33mtrue[39m
}
[32m[Nest] 94593  - [39m07/27/2026, 1:12:15 PM [32m    LOG[39m [38;5;3m[T3MetadataJsforceAdapter] [39mObject(4) {
  action: [32m't3.customSetting'[39m,
  orgId: [32m'00D4x00000000ABC'[39m,
  object: [32m'Auctifera__Rental_Setting__c'[39m,
  fieldCount: [33m1[39m
}
[32m[Nest] 94593  - [39m07/27/2026, 1:12:15 PM [32m    LOG[39m [38;5;3m[T3MetadataJsforceAdapter] [39mObject(4) {
  action: [32m't3.customSetting.done'[39m,
  orgId: [32m'00D4x00000000ABC'[39m,
  target: [32m'Auctifera__Rental_Setting__c'[39m,
  verified: [33mtrue[39m
}
[32m[Nest] 94593  - [39m07/27/2026, 1:12:15 PM [32m    LOG[39m [38;5;3m[T3MetadataJsforceAdapter] [39mObject(4) {
  action: [32m't3.customSetting'[39m,
  orgId: [32m'00D4x00000000ABC'[39m,
  object: [32m'Auctifera__Rental_Setting__c'[39m,
  fieldCount: [33m1[39m
}
[32m[Nest] 94593  - [39m07/27/2026, 1:12:15 PM [32m    LOG[39m [38;5;3m[T3MetadataJsforceAdapter] [39mObject(5) {
  action: [32m't3.customSetting.done'[39m,
  orgId: [32m'00D4x00000000ABC'[39m,
  noop: [33mtrue[39m,
  target: [32m'Auctifera__Rental_Setting__c'[39m,
  verified: [33mtrue[39m
}
[32m[Nest] 94593  - [39m07/27/2026, 1:12:15 PM [32m    LOG[39m [38;5;3m[T3MetadataJsforceAdapter] [39mObject(4) {
  action: [32m't3.customSetting'[39m,
  orgId: [32m'00D4x00000000ABC'[39m,
  object: [32m'Auctifera__Rental_Setting__c'[39m,
  fieldCount: [33m1[39m
}
[32m[Nest] 94593  - [39m07/27/2026, 1:12:15 PM [32m    LOG[39m [38;5;3m[T3MetadataJsforceAdapter] [39mObject(4) {
  action: [32m't3.customSetting.done'[39m,
  orgId: [32m'00D4x00000000ABC'[39m,
  target: [32m'Auctifera__Rental_Setting__c'[39m,
  verified: [33mfalse[39m
}
[32m[Nest] 94593  - [39m07/27/2026, 1:12:15 PM [32m    LOG[39m [38;5;3m[T3MetadataJsforceAdapter] [39mObject(4) {
  action: [32m't3.customSetting'[39m,
  orgId: [32m'00D4x00000000ABC'[39m,
  object: [32m'Auctifera__Rental_Setting__c'[39m,
  fieldCount: [33m1[39m
}
[32m[Nest] 94593  - [39m07/27/2026, 1:12:15 PM [32m    LOG[39m [38;5;3m[T3MetadataJsforceAdapter] [39mObject(4) {
  action: [32m't3.customSetting'[39m,
  orgId: [32m'00D4x00000000ABC'[39m,
  object: [32m'Auctifera__Rental_Setting__c'[39m,
  fieldCount: [33m1[39m
}
[32m[Nest] 94593  - [39m07/27/2026, 1:12:15 PM [32m    LOG[39m [38;5;3m[T3MetadataJsforceAdapter] [39mObject(4) {
  action: [32m't3.customSetting'[39m,
  orgId: [32m'00D4x00000000ABC'[39m,
  object: [32m'Auctifera__Rental_Setting__c'[39m,
  fieldCount: [33m1[39m
}
[32m[Nest] 94593  - [39m07/27/2026, 1:12:15 PM [32m    LOG[39m [38;5;3m[T3MetadataJsforceAdapter] [39mObject(5) {
  action: [32m't3.standardValueSet'[39m,
  orgId: [32m'00D4x00000000ABC'[39m,
  valueSet: [32m'LeadStatus'[39m,
  desired: [33m4[39m,
  deactivateOthers: [33mtrue[39m
}
[32m[Nest] 94593  - [39m07/27/2026, 1:12:15 PM [32m    LOG[39m [38;5;3m[T3MetadataJsforceAdapter] [39mObject(4) {
  action: [32m't3.standardValueSet.done'[39m,
  orgId: [32m'00D4x00000000ABC'[39m,
  target: [32m'LeadStatus'[39m,
  verified: [33mtrue[39m
}
[32m[Nest] 94593  - [39m07/27/2026, 1:12:15 PM [32m    LOG[39m [38;5;3m[T3MetadataJsforceAdapter] [39mObject(5) {
  action: [32m't3.standardValueSet'[39m,
  orgId: [32m'00D4x00000000ABC'[39m,
  valueSet: [32m'LeadStatus'[39m,
  desired: [33m4[39m,
  deactivateOthers: [33mtrue[39m
}
[32m[Nest] 94593  - [39m07/27/2026, 1:12:15 PM [32m    LOG[39m [38;5;3m[T3MetadataJsforceAdapter] [39mObject(5) {
  action: [32m't3.standardValueSet.done'[39m,
  orgId: [32m'00D4x00000000ABC'[39m,
  noop: [33mtrue[39m,
  target: [32m'LeadStatus'[39m,
  verified: [33mtrue[39m
}
[32m[Nest] 94593  - [39m07/27/2026, 1:12:15 PM [32m    LOG[39m [38;5;3m[T3MetadataJsforceAdapter] [39mObject(5) {
  action: [32m't3.standardValueSet'[39m,
  orgId: [32m'00D4x00000000ABC'[39m,
  valueSet: [32m'LeadStatus'[39m,
  desired: [33m4[39m,
  deactivateOthers: [33mfalse[39m
}
[32m[Nest] 94593  - [39m07/27/2026, 1:12:15 PM [32m    LOG[39m [38;5;3m[T3MetadataJsforceAdapter] [39mObject(4) {
  action: [32m't3.standardValueSet.done'[39m,
  orgId: [32m'00D4x00000000ABC'[39m,
  target: [32m'LeadStatus'[39m,
  verified: [33mtrue[39m
}
[32m[Nest] 94593  - [39m07/27/2026, 1:12:15 PM [32m    LOG[39m [38;5;3m[T3MetadataJsforceAdapter] [39mObject(5) {
  action: [32m't3.standardValueSet'[39m,
  orgId: [32m'00D4x00000000ABC'[39m,
  valueSet: [32m'LeadStatus'[39m,
  desired: [33m4[39m,
  deactivateOthers: [33mfalse[39m
}
[32m[Nest] 94593  - [39m07/27/2026, 1:12:15 PM [32m    LOG[39m [38;5;3m[T3MetadataJsforceAdapter] [39mObject(5) {
  action: [32m't3.standardValueSet.done'[39m,
  orgId: [32m'00D4x00000000ABC'[39m,
  noop: [33mtrue[39m,
  target: [32m'LeadStatus'[39m,
  verified: [33mtrue[39m
}
[32m[Nest] 94593  - [39m07/27/2026, 1:12:15 PM [32m    LOG[39m [38;5;3m[T3MetadataJsforceAdapter] [39mObject(5) {
  action: [32m't3.standardValueSet'[39m,
  orgId: [32m'00D4x00000000ABC'[39m,
  valueSet: [32m'LeadStatus'[39m,
  desired: [33m1[39m,
  deactivateOthers: [33mfalse[39m
}
[32m[Nest] 94593  - [39m07/27/2026, 1:12:15 PM [32m    LOG[39m [38;5;3m[T3MetadataJsforceAdapter] [39mObject(4) {
  action: [32m't3.standardValueSet.done'[39m,
  orgId: [32m'00D4x00000000ABC'[39m,
  target: [32m'LeadStatus'[39m,
  verified: [33mtrue[39m
}
[32m[Nest] 94593  - [39m07/27/2026, 1:12:15 PM [32m    LOG[39m [38;5;3m[T3MetadataJsforceAdapter] [39mObject(5) {
  action: [32m't3.standardValueSet'[39m,
  orgId: [32m'00D4x00000000ABC'[39m,
  valueSet: [32m'LeadStatus'[39m,
  desired: [33m4[39m,
  deactivateOthers: [33mtrue[39m
}
[32m[Nest] 94593  - [39m07/27/2026, 1:12:15 PM [32m    LOG[39m [38;5;3m[T3MetadataJsforceAdapter] [39mObject(4) {
  action: [32m't3.standardValueSet.done'[39m,
  orgId: [32m'00D4x00000000ABC'[39m,
  target: [32m'LeadStatus'[39m,
  verified: [33mfalse[39m
}
[32m[Nest] 94593  - [39m07/27/2026, 1:12:15 PM [32m    LOG[39m [38;5;3m[T3MetadataJsforceAdapter] [39mObject(5) {
  action: [32m't3.standardValueSet'[39m,
  orgId: [32m'00D4x00000000ABC'[39m,
  valueSet: [32m'LeadStatus'[39m,
  desired: [33m2[39m,
  deactivateOthers: [33mtrue[39m
}
[32m[Nest] 94593  - [39m07/27/2026, 1:12:15 PM [32m    LOG[39m [38;5;3m[T3MetadataJsforceAdapter] [39mObject(4) {
  action: [32m't3.standardValueSet.done'[39m,
  orgId: [32m'00D4x00000000ABC'[39m,
  target: [32m'LeadStatus'[39m,
  verified: [33mtrue[39m
}
[32m[Nest] 94593  - [39m07/27/2026, 1:12:15 PM [32m    LOG[39m [38;5;3m[T3MetadataJsforceAdapter] [39mObject(5) {
  action: [32m't3.standardValueSet'[39m,
  orgId: [32m'00D4x00000000ABC'[39m,
  valueSet: [32m'LeadStatus'[39m,
  desired: [33m2[39m,
  deactivateOthers: [33mtrue[39m
}
[32m[Nest] 94593  - [39m07/27/2026, 1:12:15 PM [32m    LOG[39m [38;5;3m[T3MetadataJsforceAdapter] [39mObject(4) {
  action: [32m't3.standardValueSet.done'[39m,
  orgId: [32m'00D4x00000000ABC'[39m,
  target: [32m'LeadStatus'[39m,
  verified: [33mtrue[39m
}
[32m[Nest] 94593  - [39m07/27/2026, 1:12:15 PM [32m    LOG[39m [38;5;3m[T3MetadataJsforceAdapter] [39mObject(5) {
  action: [32m't3.appNavItems'[39m,
  orgId: [32m'00D4x00000000ABC'[39m,
  app: [32m'vnfp__Fundraising'[39m,
  slot: [32m'subscriberTabs'[39m,
  tabCount: [33m1[39m
}
[32m[Nest] 94593  - [39m07/27/2026, 1:12:15 PM [32m    LOG[39m [38;5;3m[T3MetadataJsforceAdapter] [39mObject(4) {
  action: [32m't3.appNavItems.done'[39m,
  orgId: [32m'00D4x00000000ABC'[39m,
  target: [32m'vnfp__Fundraising'[39m,
  verified: [33mtrue[39m
}
[32m[Nest] 94593  - [39m07/27/2026, 1:12:15 PM [32m    LOG[39m [38;5;3m[T3MetadataJsforceAdapter] [39mObject(5) {
  action: [32m't3.appNavItems'[39m,
  orgId: [32m'00D4x00000000ABC'[39m,
  app: [32m'My_App'[39m,
  slot: [32m'tabs'[39m,
  tabCount: [33m1[39m
}
[32m[Nest] 94593  - [39m07/27/2026, 1:12:15 PM [32m    LOG[39m [38;5;3m[T3MetadataJsforceAdapter] [39mObject(4) {
  action: [32m't3.appNavItems.done'[39m,
  orgId: [32m'00D4x00000000ABC'[39m,
  target: [32m'My_App'[39m,
  verified: [33mtrue[39m
}
[32m[Nest] 94593  - [39m07/27/2026, 1:12:15 PM [32m    LOG[39m [38;5;3m[T3MetadataJsforceAdapter] [39mObject(5) {
  action: [32m't3.appNavItems'[39m,
  orgId: [32m'00D4x00000000ABC'[39m,
  app: [32m'vnfp__Fundraising'[39m,
  slot: [32m'subscriberTabs'[39m,
  tabCount: [33m1[39m
}
[32m[Nest] 94593  - [39m07/27/2026, 1:12:15 PM [32m    LOG[39m [38;5;3m[T3MetadataJsforceAdapter] [39mObject(5) {
  action: [32m't3.appNavItems.done'[39m,
  orgId: [32m'00D4x00000000ABC'[39m,
  noop: [33mtrue[39m,
  target: [32m'vnfp__Fundraising'[39m,
  verified: [33mtrue[39m
}
[32m[Nest] 94593  - [39m07/27/2026, 1:12:15 PM [32m    LOG[39m [38;5;3m[T3MetadataJsforceAdapter] [39mObject(5) {
  action: [32m't3.appNavItems'[39m,
  orgId: [32m'00D4x00000000ABC'[39m,
  app: [32m'vnfp__Fundraising'[39m,
  slot: [32m'subscriberTabs'[39m,
  tabCount: [33m1[39m
}
[32m[Nest] 94593  - [39m07/27/2026, 1:12:15 PM [32m    LOG[39m [38;5;3m[T3MetadataJsforceAdapter] [39mObject(4) {
  action: [32m't3.appNavItems.done'[39m,
  orgId: [32m'00D4x00000000ABC'[39m,
  target: [32m'vnfp__Fundraising'[39m,
  verified: [33mfalse[39m
}
[32m[Nest] 94593  - [39m07/27/2026, 1:12:15 PM [32m    LOG[39m [38;5;3m[T3MetadataJsforceAdapter] [39mObject(5) {
  action: [32m't3.appNavItems'[39m,
  orgId: [32m'00D4x00000000ABC'[39m,
  app: [32m'vnfp__Fundraising'[39m,
  slot: [32m'subscriberTabs'[39m,
  tabCount: [33m1[39m
}
[32m[Nest] 94593  - [39m07/27/2026, 1:12:15 PM [32m    LOG[39m [38;5;3m[T3MetadataJsforceAdapter] [39mObject(4) {
  action: [32m't3.appNavItems.done'[39m,
  orgId: [32m'00D4x00000000ABC'[39m,
  target: [32m'vnfp__Fundraising'[39m,
  verified: [33mtrue[39m
}
[32m[Nest] 94593  - [39m07/27/2026, 1:12:15 PM [32m    LOG[39m [38;5;3m[T3MetadataJsforceAdapter] [39mObject(5) {
  action: [32m't3.appNavItems'[39m,
  orgId: [32m'00D4x00000000ABC'[39m,
  app: [32m'myns__Console'[39m,
  slot: [32m'tabs'[39m,
  tabCount: [33m1[39m
}
[32m[Nest] 94593  - [39m07/27/2026, 1:12:15 PM [32m    LOG[39m [38;5;3m[T3MetadataJsforceAdapter] [39mObject(4) {
  action: [32m't3.appNavItems.done'[39m,
  orgId: [32m'00D4x00000000ABC'[39m,
  target: [32m'myns__Console'[39m,
  verified: [33mtrue[39m
}
[32m[Nest] 94593  - [39m07/27/2026, 1:12:15 PM [32m    LOG[39m [38;5;3m[T3MetadataJsforceAdapter] [39mObject(5) {
  action: [32m't3.fieldSet'[39m,
  orgId: [32m'00D4x00000000ABC'[39m,
  fieldSet: [32m'Auctifera__StockReplenishmentOrder__c.Auctifera__Purcharse_Order_Document'[39m,
  display: [33m1[39m,
  remove: [33m0[39m
}
[32m[Nest] 94593  - [39m07/27/2026, 1:12:15 PM [32m    LOG[39m [38;5;3m[T3MetadataJsforceAdapter] [39mObject(4) {
  action: [32m't3.fieldSet.done'[39m,
  orgId: [32m'00D4x00000000ABC'[39m,
  target: [32m'Auctifera__StockReplenishmentOrder__c.Auctifera__Purcharse_Order_Document'[39m,
  verified: [33mtrue[39m
}
[32m[Nest] 94593  - [39m07/27/2026, 1:12:15 PM [32m    LOG[39m [38;5;3m[T3MetadataJsforceAdapter] [39mObject(5) {
  action: [32m't3.fieldSet'[39m,
  orgId: [32m'00D4x00000000ABC'[39m,
  fieldSet: [32m'Auctifera__StockReplenishmentOrder__c.Auctifera__Purcharse_Order_Document'[39m,
  display: [33m1[39m,
  remove: [33m0[39m
}
[32m[Nest] 94593  - [39m07/27/2026, 1:12:15 PM [32m    LOG[39m [38;5;3m[T3MetadataJsforceAdapter] [39mObject(5) {
  action: [32m't3.fieldSet.done'[39m,
  orgId: [32m'00D4x00000000ABC'[39m,
  noop: [33mtrue[39m,
  target: [32m'Auctifera__StockReplenishmentOrder__c.Auctifera__Purcharse_Order_Document'[39m,
  verified: [33mtrue[39m
}
[32m[Nest] 94593  - [39m07/27/2026, 1:12:15 PM [32m    LOG[39m [38;5;3m[T3MetadataJsforceAdapter] [39mObject(5) {
  action: [32m't3.fieldSet'[39m,
  orgId: [32m'00D4x00000000ABC'[39m,
  fieldSet: [32m'Auctifera__StockReplenishmentOrder__c.Auctifera__Purcharse_Order_Document'[39m,
  display: [33m0[39m,
  remove: [33m1[39m
}
[32m[Nest] 94593  - [39m07/27/2026, 1:12:15 PM [32m    LOG[39m [38;5;3m[T3MetadataJsforceAdapter] [39mObject(4) {
  action: [32m't3.fieldSet.done'[39m,
  orgId: [32m'00D4x00000000ABC'[39m,
  target: [32m'Auctifera__StockReplenishmentOrder__c.Auctifera__Purcharse_Order_Document'[39m,
  verified: [33mtrue[39m
}
[32m[Nest] 94593  - [39m07/27/2026, 1:12:15 PM [32m    LOG[39m [38;5;3m[T3MetadataJsforceAdapter] [39mObject(5) {
  action: [32m't3.fieldSet'[39m,
  orgId: [32m'00D4x00000000ABC'[39m,
  fieldSet: [32m'Auctifera__StockReplenishmentOrder__c.Auctifera__Purcharse_Order_Document'[39m,
  display: [33m1[39m,
  remove: [33m0[39m
}
[32m[Nest] 94593  - [39m07/27/2026, 1:12:15 PM [32m    LOG[39m [38;5;3m[T3MetadataJsforceAdapter] [39mObject(4) {
  action: [32m't3.fieldSet.done'[39m,
  orgId: [32m'00D4x00000000ABC'[39m,
  target: [32m'Auctifera__StockReplenishmentOrder__c.Auctifera__Purcharse_Order_Document'[39m,
  verified: [33mfalse[39m
}
[32m[Nest] 94593  - [39m07/27/2026, 1:12:15 PM [32m    LOG[39m [38;5;3m[T3MetadataJsforceAdapter] [39mObject(5) {
  action: [32m't3.fieldSet'[39m,
  orgId: [32m'00D4x00000000ABC'[39m,
  fieldSet: [32m'Auctifera__StockReplenishmentOrder__c.Auctifera__Purcharse_Order_Document'[39m,
  display: [33m1[39m,
  remove: [33m0[39m
}
[32m[Nest] 94593  - [39m07/27/2026, 1:12:15 PM [32m    LOG[39m [38;5;3m[T3MetadataJsforceAdapter] [39mObject(6) {
  action: [32m't3.historyTracking'[39m,
  orgId: [32m'00D4x00000000ABC'[39m,
  object: [32m'Contact'[39m,
  enableObjectHistory: [33mtrue[39m,
  fieldRefCount: [33m1[39m,
  exclusive: [33mfalse[39m
}
[32m[Nest] 94593  - [39m07/27/2026, 1:12:15 PM [32m    LOG[39m [38;5;3m[T3MetadataJsforceAdapter] [39mObject(4) {
  action: [32m't3.historyTracking.done'[39m,
  orgId: [32m'00D4x00000000ABC'[39m,
  target: [32m'Contact'[39m,
  verified: [33mtrue[39m
}
[32m[Nest] 94593  - [39m07/27/2026, 1:12:15 PM [32m    LOG[39m [38;5;3m[T3MetadataJsforceAdapter] [39mObject(6) {
  action: [32m't3.historyTracking'[39m,
  orgId: [32m'00D4x00000000ABC'[39m,
  object: [32m'Contact'[39m,
  enableObjectHistory: [33mtrue[39m,
  fieldRefCount: [33m2[39m,
  exclusive: [33mfalse[39m
}
[32m[Nest] 94593  - [39m07/27/2026, 1:12:15 PM [32m    LOG[39m [38;5;3m[T3MetadataJsforceAdapter] [39mObject(4) {
  action: [32m't3.historyTracking.done'[39m,
  orgId: [32m'00D4x00000000ABC'[39m,
  target: [32m'Contact'[39m,
  verified: [33mtrue[39m
}
[32m[Nest] 94593  - [39m07/27/2026, 1:12:15 PM [32m    LOG[39m [38;5;3m[T3MetadataJsforceAdapter] [39mObject(6) {
  action: [32m't3.historyTracking'[39m,
  orgId: [32m'00D4x00000000ABC'[39m,
  object: [32m'Contact'[39m,
  enableObjectHistory: [33mtrue[39m,
  fieldRefCount: [33m1[39m,
  exclusive: [33mfalse[39m
}
[32m[Nest] 94593  - [39m07/27/2026, 1:12:15 PM [32m    LOG[39m [38;5;3m[T3MetadataJsforceAdapter] [39mObject(4) {
  action: [32m't3.historyTracking.done'[39m,
  orgId: [32m'00D4x00000000ABC'[39m,
  target: [32m'Contact'[39m,
  verified: [33mtrue[39m
}
[32m[Nest] 94593  - [39m07/27/2026, 1:12:15 PM [32m    LOG[39m [38;5;3m[T3MetadataJsforceAdapter] [39mObject(6) {
  action: [32m't3.historyTracking'[39m,
  orgId: [32m'00D4x00000000ABC'[39m,
  object: [32m'Contact'[39m,
  enableObjectHistory: [33mtrue[39m,
  fieldRefCount: [33m2[39m,
  exclusive: [33mfalse[39m
}
[32m[Nest] 94593  - [39m07/27/2026, 1:12:15 PM [32m    LOG[39m [38;5;3m[T3MetadataJsforceAdapter] [39mObject(5) {
  action: [32m't3.historyTracking.done'[39m,
  orgId: [32m'00D4x00000000ABC'[39m,
  noop: [33mtrue[39m,
  target: [32m'Contact'[39m,
  verified: [33mtrue[39m
}
[32m[Nest] 94593  - [39m07/27/2026, 1:12:15 PM [32m    LOG[39m [38;5;3m[T3MetadataJsforceAdapter] [39mObject(6) {
  action: [32m't3.historyTracking'[39m,
  orgId: [32m'00D4x00000000ABC'[39m,
  object: [32m'Contact'[39m,
  enableObjectHistory: [33mtrue[39m,
  fieldRefCount: [33m2[39m,
  exclusive: [33mfalse[39m
}
[32m[Nest] 94593  - [39m07/27/2026, 1:12:15 PM [32m    LOG[39m [38;5;3m[T3MetadataJsforceAdapter] [39mObject(5) {
  action: [32m't3.historyTracking.done'[39m,
  orgId: [32m'00D4x00000000ABC'[39m,
  noop: [33mtrue[39m,
  target: [32m'Contact'[39m,
  verified: [33mfalse[39m
}
[32m[Nest] 94593  - [39m07/27/2026, 1:12:15 PM [32m    LOG[39m [38;5;3m[T3MetadataJsforceAdapter] [39mObject(6) {
  action: [32m't3.historyTracking'[39m,
  orgId: [32m'00D4x00000000ABC'[39m,
  object: [32m'Contact'[39m,
  enableObjectHistory: [33mtrue[39m,
  fieldRefCount: [33m1[39m,
  exclusive: [33mfalse[39m
}
[32m[Nest] 94593  - [39m07/27/2026, 1:12:15 PM [32m    LOG[39m [38;5;3m[T3MetadataJsforceAdapter] [39mObject(5) {
  action: [32m't3.historyTracking.done'[39m,
  orgId: [32m'00D4x00000000ABC'[39m,
  noop: [33mtrue[39m,
  target: [32m'Contact'[39m,
  verified: [33mfalse[39m
}
[32m[Nest] 94593  - [39m07/27/2026, 1:12:15 PM [32m    LOG[39m [38;5;3m[T3MetadataJsforceAdapter] [39mObject(6) {
  action: [32m't3.historyTracking'[39m,
  orgId: [32m'00D4x00000000ABC'[39m,
  object: [32m'Contact'[39m,
  enableObjectHistory: [33mtrue[39m,
  fieldRefCount: [33m2[39m,
  exclusive: [33mtrue[39m
}
[32m[Nest] 94593  - [39m07/27/2026, 1:12:15 PM [32m    LOG[39m [38;5;3m[T3MetadataJsforceAdapter] [39mObject(4) {
  action: [32m't3.historyTracking.done'[39m,
  orgId: [32m'00D4x00000000ABC'[39m,
  target: [32m'Contact'[39m,
  verified: [33mtrue[39m
}
[32m[Nest] 94593  - [39m07/27/2026, 1:12:15 PM [32m    LOG[39m [38;5;3m[T3MetadataJsforceAdapter] [39mObject(6) {
  action: [32m't3.historyTracking'[39m,
  orgId: [32m'00D4x00000000ABC'[39m,
  object: [32m'Contact'[39m,
  enableObjectHistory: [33mtrue[39m,
  fieldRefCount: [33m2[39m,
  exclusive: [33mtrue[39m
}
[32m[Nest] 94593  - [39m07/27/2026, 1:12:15 PM [32m    LOG[39m [38;5;3m[T3MetadataJsforceAdapter] [39mObject(6) {
  action: [32m't3.historyTracking'[39m,
  orgId: [32m'00D4x00000000ABC'[39m,
  object: [32m'Contact'[39m,
  enableObjectHistory: [33mtrue[39m,
  fieldRefCount: [33m2[39m,
  exclusive: [33mtrue[39m
}
[32m[Nest] 94593  - [39m07/27/2026, 1:12:15 PM [32m    LOG[39m [38;5;3m[T3MetadataJsforceAdapter] [39mObject(6) {
  action: [32m't3.historyTracking'[39m,
  orgId: [32m'00D4x00000000ABC'[39m,
  object: [32m'Contact'[39m,
  enableObjectHistory: [33mtrue[39m,
  fieldRefCount: [33m1[39m,
  exclusive: [33mtrue[39m
}
[32m[Nest] 94593  - [39m07/27/2026, 1:12:15 PM [32m    LOG[39m [38;5;3m[T3MetadataJsforceAdapter] [39mObject(6) {
  action: [32m't3.historyTracking'[39m,
  orgId: [32m'00D4x00000000ABC'[39m,
  object: [32m'Contact'[39m,
  enableObjectHistory: [33mtrue[39m,
  fieldRefCount: [33m1[39m,
  exclusive: [33mfalse[39m
}
[32m[Nest] 94593  - [39m07/27/2026, 1:12:15 PM [32m    LOG[39m [38;5;3m[T3MetadataJsforceAdapter] [39mObject(6) {
  action: [32m't3.recordTypePicklistDefaults'[39m,
  orgId: [32m'00D4x00000000ABC'[39m,
  object: [32m'Auctifera__Charge__c'[39m,
  recordType: [32m'Charge'[39m,
  clearCount: [33m2[39m,
  expectSole: [33mtrue[39m
}
[32m[Nest] 94593  - [39m07/27/2026, 1:12:15 PM [32m    LOG[39m [38;5;3m[T3MetadataJsforceAdapter] [39mObject(4) {
  action: [32m't3.recordTypePicklistDefaults.done'[39m,
  orgId: [32m'00D4x00000000ABC'[39m,
  target: [32m'Auctifera__Charge__c.Auctifera__Reservation'[39m,
  verified: [33mtrue[39m
}
[32m[Nest] 94593  - [39m07/27/2026, 1:12:15 PM [32m    LOG[39m [38;5;3m[T3MetadataJsforceAdapter] [39mObject(6) {
  action: [32m't3.recordTypePicklistDefaults'[39m,
  orgId: [32m'00D4x00000000ABC'[39m,
  object: [32m'Auctifera__Charge__c'[39m,
  recordType: [32m'Charge'[39m,
  clearCount: [33m2[39m,
  expectSole: [33mtrue[39m
}
[32m[Nest] 94593  - [39m07/27/2026, 1:12:15 PM [32m    LOG[39m [38;5;3m[T3MetadataJsforceAdapter] [39mObject(5) {
  action: [32m't3.recordTypePicklistDefaults.done'[39m,
  orgId: [32m'00D4x00000000ABC'[39m,
  noop: [33mtrue[39m,
  target: [32m'Auctifera__Charge__c.Auctifera__Reservation'[39m,
  verified: [33mtrue[39m
}
[32m[Nest] 94593  - [39m07/27/2026, 1:12:15 PM [32m    LOG[39m [38;5;3m[T3MetadataJsforceAdapter] [39mObject(6) {
  action: [32m't3.recordTypePicklistDefaults'[39m,
  orgId: [32m'00D4x00000000ABC'[39m,
  object: [32m'Auctifera__Charge__c'[39m,
  recordType: [32m'auctifera__reservation'[39m,
  clearCount: [33m2[39m,
  expectSole: [33mtrue[39m
}
[32m[Nest] 94593  - [39m07/27/2026, 1:12:15 PM [32m    LOG[39m [38;5;3m[T3MetadataJsforceAdapter] [39mObject(5) {
  action: [32m't3.recordTypePicklistDefaults.done'[39m,
  orgId: [32m'00D4x00000000ABC'[39m,
  noop: [33mtrue[39m,
  target: [32m'Auctifera__Charge__c.Auctifera__Reservation'[39m,
  verified: [33mtrue[39m
}
[32m[Nest] 94593  - [39m07/27/2026, 1:12:15 PM [32m    LOG[39m [38;5;3m[T3MetadataJsforceAdapter] [39mObject(6) {
  action: [32m't3.recordTypePicklistDefaults'[39m,
  orgId: [32m'00D4x00000000ABC'[39m,
  object: [32m'Auctifera__Charge__c'[39m,
  recordType: [32m'Charge'[39m,
  clearCount: [33m2[39m,
  expectSole: [33mtrue[39m
}
[32m[Nest] 94593  - [39m07/27/2026, 1:12:15 PM [32m    LOG[39m [38;5;3m[T3MetadataJsforceAdapter] [39mObject(4) {
  action: [32m't3.recordTypePicklistDefaults.done'[39m,
  orgId: [32m'00D4x00000000ABC'[39m,
  target: [32m'Auctifera__Charge__c.Auctifera__Reservation'[39m,
  verified: [33mfalse[39m
}
[32m[Nest] 94593  - [39m07/27/2026, 1:12:15 PM [32m    LOG[39m [38;5;3m[T3MetadataJsforceAdapter] [39mObject(6) {
  action: [32m't3.recordTypePicklistDefaults'[39m,
  orgId: [32m'00D4x00000000ABC'[39m,
  object: [32m'Auctifera__Charge__c'[39m,
  recordType: [32m'Payment'[39m,
  clearCount: [33m2[39m,
  expectSole: [33mtrue[39m
}
[32m[Nest] 94593  - [39m07/27/2026, 1:12:15 PM [32m    LOG[39m [38;5;3m[T3MetadataJsforceAdapter] [39mObject(6) {
  action: [32m't3.recordTypePicklistDefaults'[39m,
  orgId: [32m'00D4x00000000ABC'[39m,
  object: [32m'Auctifera__Charge__c'[39m,
  recordType: [32m'Charge'[39m,
  clearCount: [33m2[39m,
  expectSole: [33mtrue[39m
}
[32m[Nest] 94593  - [39m07/27/2026, 1:12:15 PM [32m    LOG[39m [38;5;3m[T3MetadataJsforceAdapter] [39mObject(5) {
  action: [32m't3.recordTypePicklistDefaults.done'[39m,
  orgId: [32m'00D4x00000000ABC'[39m,
  noop: [33mtrue[39m,
  target: [32m'Auctifera__Charge__c.Auctifera__Reservation'[39m,
  verified: [33mtrue[39m
}
[32m[Nest] 94593  - [39m07/27/2026, 1:12:15 PM [32m    LOG[39m [38;5;3m[T3MetadataJsforceAdapter] [39mObject(6) {
  action: [32m't3.recordTypePicklistDefaults'[39m,
  orgId: [32m'00D4x00000000ABC'[39m,
  object: [32m'Auctifera__Charge__c'[39m,
  recordType: [32m'Charge'[39m,
  clearCount: [33m2[39m,
  expectSole: [33mtrue[39m
}
[32m[Nest] 94593  - [39m07/27/2026, 1:12:15 PM [32m    LOG[39m [38;5;3m[T3MetadataJsforceAdapter] [39mObject(5) {
  action: [32m't3.recordTypePicklistDefaults.done'[39m,
  orgId: [32m'00D4x00000000ABC'[39m,
  noop: [33mtrue[39m,
  target: [32m'Auctifera__Charge__c.Auctifera__Reservation'[39m,
  verified: [33mfalse[39m
}
[32m[Nest] 94593  - [39m07/27/2026, 1:12:15 PM [32m    LOG[39m [38;5;3m[T3MetadataJsforceAdapter] [39mObject(6) {
  action: [32m't3.recordTypePicklistDefaults'[39m,
  orgId: [32m'00D4x00000000ABC'[39m,
  object: [32m'Auctifera__Charge__c'[39m,
  recordType: [32m'Charge'[39m,
  clearCount: [33m2[39m,
  expectSole: [33mtrue[39m
}
[32m[Nest] 94593  - [39m07/27/2026, 1:12:15 PM [32m    LOG[39m [38;5;3m[T3MetadataJsforceAdapter] [39mObject(5) {
  action: [32m't3.recordTypePicklistDefaults.done'[39m,
  orgId: [32m'00D4x00000000ABC'[39m,
  noop: [33mtrue[39m,
  target: [32m'Auctifera__Charge__c.Auctifera__Reservation'[39m,
  verified: [33mtrue[39m
}
[32m[Nest] 94593  - [39m07/27/2026, 1:12:15 PM [32m    LOG[39m [38;5;3m[T3MetadataJsforceAdapter] [39mObject(6) {
  action: [32m't3.recordTypePicklistDefaults'[39m,
  orgId: [32m'00D4x00000000ABC'[39m,
  object: [32m'Auctifera__Charge__c'[39m,
  recordType: [32m'Charge'[39m,
  clearCount: [33m2[39m,
  expectSole: [33mtrue[39m
}
[32m[Nest] 94593  - [39m07/27/2026, 1:12:15 PM [32m    LOG[39m [38;5;3m[T3MetadataJsforceAdapter] [39mObject(4) {
  action: [32m't3.recordTypePicklistDefaults.done'[39m,
  orgId: [32m'00D4x00000000ABC'[39m,
  target: [32m'Auctifera__Charge__c.Auctifera__Reservation'[39m,
  verified: [33mfalse[39m
}

Test Suites: 1 passed, 1 total
Tests:       214 passed, 214 total
Snapshots:   0 total
Time:        1.702 s, estimated 6 s
