[32m[Nest] 94735  - [39m07/27/2026, 1:12:40 PM [32m    LOG[39m [38;5;3m[T3MetadataJsforceAdapter] [39mObject(7) {
  action: [32m't3.customMetadata'[39m,
  orgId: [32m'00D4x00000000ABC'[39m,
  type: [32m'npsp__Rollup__mdt'[39m,
  record: [32m'*'[39m,
  allRecords: [33mfalse[39m,
  recordPattern: [32m'LastMembership'[39m,
  fieldCount: [33m1[39m
}
[32m[Nest] 94735  - [39m07/27/2026, 1:12:40 PM [32m    LOG[39m [38;5;3m[T3MetadataJsforceAdapter] [39mObject(7) {
  action: [32m't3.customMetadata.done'[39m,
  orgId: [32m'00D4x00000000ABC'[39m,
  allRecords: [33mfalse[39m,
  recordPattern: [32m'LastMembership'[39m,
  recordCount: [33m3[39m,
  target: [32m"npsp__Rollup.* (pattern 'LastMembership')"[39m,
  verified: [33mtrue[39m
}
[32m[Nest] 94735  - [39m07/27/2026, 1:12:40 PM [32m    LOG[39m [38;5;3m[T3MetadataJsforceAdapter] [39mObject(7) {
  action: [32m't3.customMetadata'[39m,
  orgId: [32m'00D4x00000000ABC'[39m,
  type: [32m'npsp__Rollup__mdt'[39m,
  record: [32m'*'[39m,
  allRecords: [33mfalse[39m,
  recordPattern: [32m'NoSuchRollupFamily'[39m,
  fieldCount: [33m1[39m
}
[32m[Nest] 94735  - [39m07/27/2026, 1:12:40 PM [32m    LOG[39m [38;5;3m[T3MetadataJsforceAdapter] [39mObject(6) {
  action: [32m't3.customMetadata.done'[39m,
  orgId: [32m'00D4x00000000ABC'[39m,
  recordPattern: [32m'NoSuchRollupFamily'[39m,
  recordCount: [33m0[39m,
  target: [32m"npsp__Rollup.* (pattern 'NoSuchRollupFamily')"[39m,
  verified: [33mtrue[39m
}
[32m[Nest] 94735  - [39m07/27/2026, 1:12:40 PM [32m    LOG[39m [38;5;3m[T3MetadataJsforceAdapter] [39mObject(7) {
  action: [32m't3.customMetadata'[39m,
  orgId: [32m'00D4x00000000ABC'[39m,
  type: [32m'npsp__Rollup__mdt'[39m,
  record: [32m'*'[39m,
  allRecords: [33mfalse[39m,
  recordPattern: [32m'Foo_Bar'[39m,
  fieldCount: [33m1[39m
}
[32m[Nest] 94735  - [39m07/27/2026, 1:12:40 PM [32m    LOG[39m [38;5;3m[T3MetadataJsforceAdapter] [39mObject(7) {
  action: [32m't3.customMetadata.done'[39m,
  orgId: [32m'00D4x00000000ABC'[39m,
  allRecords: [33mfalse[39m,
  recordPattern: [32m'Foo_Bar'[39m,
  recordCount: [33m1[39m,
  target: [32m"npsp__Rollup.* (pattern 'Foo_Bar')"[39m,
  verified: [33mtrue[39m
}
(node:94735) [DEP0040] DeprecationWarning: The `punycode` module is deprecated. Please use a userland alternative instead.
(Use `node --trace-deprecation ...` to show where the warning was created)
PASS src/implementations/infrastructure/adapters/tools/t3-metadata.adapter.spec.ts
  T3MetadataJsforceAdapter — historyTracking
    ○ skipped passes the minted session to the connection factory
    ○ skipped enables object history + per-field tracking and verifies by read-back
    ○ skipped retries a read that throttles once and still succeeds
    ○ skipped accepts fully-qualified field names when the prefix matches the object
    ○ skipped throws MALFORMED_REQUEST for a fully-qualified field of a DIFFERENT object
    ○ skipped is idempotent: when object + field tracking already match the spec it does not write at all
    ○ skipped reports success=false with a managed-package hint when the write does not stick
    ○ skipped reports success=false (not a throw) when a requested field does not exist on the object
    ○ skipped fails with the WRITE error attached when the write reports failure and nothing persisted
    ○ skipped trusts the read-back over a failure-reporting write whose change persisted anyway
    ○ skipped ignores UNRELATED sub-component write failures when the read-back verifies (fan-out replay, IM-1069)
    ○ skipped throws MALFORMED_REQUEST when the spec asks for nothing
    ○ skipped throws MALFORMED_REQUEST when a field appears in both fields and disableFields
    ○ skipped throws MALFORMED_RESPONSE when the object does not exist (empty read)
    ○ skipped classifies INVALID_SESSION_ID as UNAUTHORIZED
    ○ skipped classifies network errors on update as TRANSPORT_ERROR and keeps the cause
    ○ skipped skips a formula field (STRICT success=false) and never writes it into the trackHistory payload
    ○ skipped skips a rollup-summary field and an auto-number field with correct details
    ○ skipped surfaces the object name + attempted fields when the write returns success=false with EMPTY errors
  T3MetadataJsforceAdapter — remoteSite
    ○ skipped creates the RemoteSiteSetting when it does not exist and verifies by read-back
    ○ skipped updates the RemoteSiteSetting when it exists (upsert), preserving unrelated flags
    ○ skipped verifies active=false when requested
    ○ skipped reports success=false when the write does not stick (verify by read-back)
    ○ skipped reports updated=false when the create returns success=false
    ○ skipped throws MALFORMED_REQUEST for blank fullName
    ○ skipped throws MALFORMED_REQUEST for non-http url
    ○ skipped throws MALFORMED_REQUEST for blank url
    ○ skipped activate-only (no url): flips isActive on an existing site, preserving url + flags
    ○ skipped activate-only (no url) is idempotent on an already-active site
    ○ skipped activate-only (no url) against an absent site → applied=false, no write
  T3MetadataJsforceAdapter — picklistValues
    ○ skipped appends missing values to the local value set and verifies presence
    ○ skipped is idempotent: when every value is already present it does not write at all
    ○ skipped REFUSES to mutate a field bound to a GlobalValueSet (success=false, no write)
    ○ skipped reports success=false when the field has no local value set (not a picklist)
    ○ skipped ensureOnly=true never writes: present values verify, missing values fail
    ○ skipped ensureOnly=true with all values present succeeds without writing
    ○ skipped a new default value demotes the existing default (single-default invariant)
    ○ skipped default:true on an EXISTING value still writes: promotes it and demotes the current default
    ○ skipped still skips the write when the requested default is ALREADY the default
    ○ skipped ensureOnly=true reports success=false (no write) for a default mismatch on an existing value
    ○ skipped reports success=false when the default change does not stick (verify by read-back)
    ○ skipped reports success=false when the write does not stick (verify by read-back)
    ○ skipped throws MALFORMED_REQUEST for empty add list
    ○ skipped throws MALFORMED_REQUEST for two defaults requested
    ○ skipped throws MALFORMED_REQUEST for blank field
    ○ skipped throws MALFORMED_RESPONSE when the field does not exist (empty read)
    ○ skipped DEACTIVATES an active value (sets isActive=false) and verifies by read-back
    ○ skipped is idempotent: a value already inactive verifies without a write
    ○ skipped treats a deactivate target that is absent as satisfied (not selectable = goal met)
    ○ skipped reports success=false when an active value stays present after the write (deactivation refused)
    ○ skipped throws MALFORMED_REQUEST when a value is listed in both add and deactivate
    ○ skipped combined add + deactivate in one write: appends the value AND deactivates the other
    ○ skipped ensureOnly:true asserts deactivate targets without writing (still-active fails, inactive passes)
  T3MetadataJsforceAdapter — recordTypes
    ○ skipped creates a missing record type and updates an existing one (active + label ensured)
    ○ skipped sets businessProcess on create (required for Opportunity/Case/Lead record types) and re-points it on update
    ○ skipped resolves a DISCOVERED businessProcess by preferring the named process (create + update), querying Tooling once
    ○ skipped disambiguates a bare preferred name to the UNMANAGED process when managed + unmanaged share it (real CamiloDevOrg NPSP_Default case)
    ○ skipped pins the MANAGED process when the prefer name is namespaced
    ○ skipped resolves a DISCOVERED businessProcess to the sole active process when none preferred
    ○ skipped FAILS a discovered businessProcess on create when it is ambiguous and unpreferred
    ○ skipped leaves an existing record type UNTOUCHED when a discovered businessProcess is ambiguous on update (re-run never fails)
    ○ skipped classifies a Tooling BusinessProcess query failure
    ○ skipped omits businessProcess when the spec does not name one
    ○ skipped tolerates fully-qualified ensure names when the prefix matches the object
    ○ skipped does NOT create when deactivating an absent record type (no unmanaged duplicate spawned)
    ○ skipped throws MALFORMED_REQUEST for an ensure name qualified with a different object
    ○ skipped reports applied=false per record type when the write does not stick
    ○ skipped reports applied=false when metadata create/update returns success=false
    ○ skipped throws MALFORMED_REQUEST for empty ensure list
    ○ skipped throws MALFORMED_REQUEST for blank label
    ○ skipped throws MALFORMED_REQUEST for blank object
    ○ skipped classifies network errors on create as TRANSPORT_ERROR
  T3MetadataJsforceAdapter — customField
    ○ skipped creates an absent checkbox field and verifies by read-back
    ○ skipped updates an existing field (idempotent) via update, not create
    ○ skipped accepts an Object.Field__c qualified fullName matching the spec object
    ○ skipped fails verification when the read-back defaultValue diverges from the spec
    ○ skipped refuses to convert an existing field of a different type (no write)
    ○ skipped reports applied=false when the metadata write returns success=false
    ○ skipped throws MALFORMED_REQUEST for empty ensure list
    ○ skipped throws MALFORMED_REQUEST for blank object
    ○ skipped throws MALFORMED_REQUEST for non-custom (no __c) field name
    ○ skipped throws MALFORMED_REQUEST for blank label
    ○ skipped throws MALFORMED_REQUEST for checkbox without defaultValue
    ○ skipped throws MALFORMED_REQUEST for fullName qualified with a different object
  T3MetadataJsforceAdapter — customMetadata
    ✓ recordPattern: deactivates only the DeveloperName-matching subset, skipping already-satisfied and non-matching records (3 ms)
    ✓ recordPattern: zero matches is a tolerate-absent SUCCESS no-op (skipped), never a failure (1 ms)
    ✓ recordPattern: SOQL LIKE metacharacters match LITERALLY — an underscore in the pattern is not a single-char wildcard
    ○ skipped updates only the named field on an existing CMDT record (no full-field merge), verifies
    ○ skipped creates the CMDT record when absent (fullName = Type.Record, no __mdt)
    ○ skipped reports applied=false when the write does not stick (read-back mismatch)
    ○ skipped throws MALFORMED_REQUEST for an empty values map
    ○ skipped throws MALFORMED_REQUEST when a field name is not a valid SOQL identifier (injection guard)
    ○ skipped escapes backslash and quote in the record value before building the verify SOQL
    ○ skipped targets the managed (namespaced) record fullName and never creates a duplicate
    ○ skipped no-ops (no write) when every requested field already matches
    ○ skipped updates the managed row (not the unmanaged duplicate) when both coexist
    ○ skipped verifies a numeric field where the org echoes 1.0 for a desired 1
    ○ skipped returns success=false (not throw) when the verify query is rejected with INVALID_FIELD
    ○ skipped still throws UNAUTHORIZED when the verify query fails with INVALID_SESSION_ID
    ○ skipped allRecords: sets the values on every record, resolving each namespaced fullName, skipping already-satisfied ones
    ○ skipped allRecords: fails (success=false) when one record cannot be written, others still apply
    ○ skipped allRecords: returns success=false (no throw) when the type has no records
  T3MetadataJsforceAdapter — clonePermissionSet
    ○ skipped clones source grants into a new subscriber perm set, drops license/identity, SOQL-verifies
    ○ skipped uses the explicit label when provided
    ○ skipped throws MALFORMED_REQUEST when the source perm set does not exist
  T3MetadataJsforceAdapter — workflowRule
    ○ skipped toggles active on managed rules (deactivate + activate) and verifies by read-back
    ○ skipped reports applied=false (not a throw) when a rule does not exist
    ○ skipped success=false when the write reports success but nothing changed (persist:false)
    ○ skipped normalizes the read-back (strips xsi:nil / typed-scalar) before the write
    ○ skipped reports applied=false with the SaveResult error when the write fails (success:false)
    ○ skipped throws MALFORMED_REQUEST on an empty set
  T3MetadataJsforceAdapter — workflowAlert
    ○ skipped sets the OWEA sender on managed alerts (resolved dynamically) and verifies by read-back
    ○ skipped resolves the OWEA by display name when no address is given
    ○ skipped refuses (applied=false, no throw) when the OWEA exists but is NOT verified
    ○ skipped refuses (applied=false) when no OWEA row matches the operator-supplied address
    ○ skipped TOLERATES an absent alert (skipped, does NOT fail the step) while still configuring a present one
    ○ skipped is idempotent on the sender: a second run with the sender already set issues NO update
    ○ skipped all alerts absent => the step still succeeds (nothing to configure, nothing failed)
    ○ skipped adds a user recipient resolved dynamically by display Name and verifies presence
    ○ skipped adds a literal recipient and commits it (sender-less op)
    ○ skipped SKIPS a blank recipient (operator left the optional input empty) — no write, no failure
    ○ skipped fails the recipient (applied=false) when the named user is not found
    ○ skipped is idempotent: an alert already carrying the recipient re-verifies without a duplicate
    ○ skipped throws MALFORMED_REQUEST on an empty ensure list
  T3MetadataJsforceAdapter — validationRule
    ○ skipped deactivates an existing managed rule and verifies by read-back (full component round-trips)
    ○ skipped deactivate on a rule ABSENT across every candidate is an idempotent success no-op (no write)
    ○ skipped resolves the first EXISTING candidate from anyOf and toggles it
    ○ skipped activate on an ABSENT rule is applied=false (never creates a rule)
    ○ skipped success=false with the "still has active" detail when the write reports success but nothing changed (persist:false)
    ○ skipped normalizes the read-back (strips xsi:nil / typed-scalar) before the write
    ○ skipped reports applied=false with the SaveResult error when the write fails (success:false)
    ○ skipped throws MALFORMED_REQUEST on an empty set
  T3MetadataJsforceAdapter — duplicateRule
    ○ skipped sets Report-only operations + active and clears alertText (no Alert op left)
    ○ skipped applies the preferred matching rule when the org accepts it
    ○ skipped falls back to the current matching rule (and still succeeds) when the preferred one is rejected
    ○ skipped FAILS when the preferred matching rule was written but did not land (silent no-op detection)
    ○ skipped strips jsforce xsi:nil / typed-scalar artifacts from the read-back before writing (round-trip safe)
    ○ skipped CREATES the rule when absent (runbook "New Rule"), deriving masterLabel and referencing the preferred matching rule
    ○ skipped falls back to a DISCOVERED matching rule on create when the preferred dev-name is absent (org-variable names)
    ○ skipped cannot create an absent rule when the object has no matching rule (applied=false, no write)
    ○ skipped reports applied=false when the operation set does not match after the write (verify mismatch)
    ○ skipped restores a default alertText when an Alert operation is present but the stored text is empty
    ○ skipped throws MALFORMED_REQUEST on an empty rules list
  T3MetadataJsforceAdapter — settings
    ○ skipped merges a DOTTED-PATH field over a nested settings section, preserves the rest, verifies
    ○ skipped sets a top-level boolean flag FALSE and verifies the false read-back (Enhanced Profile UI off)
    ○ skipped reports applied=false when the field is ABSENT on read-back (honest no-confirm)
    ○ skipped reports applied=false when the write does not stick (read-back mismatch)
    ○ skipped throws MALFORMED_REQUEST on an empty values map
  T3MetadataJsforceAdapter — organizationSettings
    ○ skipped updates the org field via the Data API and verifies by re-query
    ○ skipped reports applied=false when the update does not commit (re-query mismatch)
    ○ skipped returns success=false when the Data API reports a save failure
    ○ skipped throws MALFORMED_REQUEST on a non-identifier field name (SOQL guard)
    ○ skipped throws MALFORMED_REQUEST on an empty values map
  T3MetadataJsforceAdapter — customSetting
    ○ skipped updates the existing org-default flag via the Data API and verifies
    ○ skipped creates the org-default with SetupOwnerId when none exists, then verifies
    ○ skipped is idempotent — no write when the flag already matches
    ○ skipped reports applied=false when the write does not commit (re-query mismatch)
    ○ skipped returns success=false when the Data API reports a save failure
    ○ skipped throws MALFORMED_REQUEST on a non-identifier field name (SOQL guard)
    ○ skipped throws MALFORMED_REQUEST on a non-identifier object name (SOQL guard)
    ○ skipped throws MALFORMED_RESPONSE when the Organization Id read returns no record
    ○ skipped returns success=false (no throw) when Salesforce rejects the org-default read
    ○ skipped throws MALFORMED_REQUEST on an empty values map
  T3MetadataJsforceAdapter — standardValueSet
    ○ skipped adds + activates + orders the desired values, sets the default, deactivates the rest, verified by read-back
    ○ skipped is idempotent when the active set already matches — no write
    ○ skipped deactivateOthers:false leaves other active values untouched
    ○ skipped deactivateOthers:false is idempotent when the desired values are already active + leading — no write
    ○ skipped deactivateOthers:false with no declared default preserves an existing default on a retained value
    ○ skipped reports success=false when the write does not stick (no throw)
    ○ skipped rejects more than one declared default
    ○ skipped rejects an empty values list
    ○ skipped rejects a duplicate value fullName
    ○ skipped writes an explicit label through to the value
    ○ skipped allows a values list with no default (writes every value default:false)
  T3MetadataJsforceAdapter — appNavItems
    ○ skipped adds a tab to a MANAGED app via subscriberTabs and verifies by read-back
    ○ skipped adds a tab to an UNMANAGED app via the tabs list
    ○ skipped is idempotent: a tab already present (either list) does not write
    ○ skipped reports success=false when the tab does not stick (verify by read-back)
    ○ skipped normalizes jsforce xsi:nil / typed-scalar artifacts out of the app before write
    ○ skipped honors an explicit slot override (tabs) on a namespaced app, beating auto-detection
    ○ skipped throws MALFORMED_REQUEST for blank app
    ○ skipped throws MALFORMED_REQUEST for empty addTabs
    ○ skipped throws MALFORMED_REQUEST for blank tab name
  T3MetadataJsforceAdapter — fieldSet
    ○ skipped moves a field from available to displayed and verifies by read-back
    ○ skipped is idempotent: a field already displayed does not write
    ○ skipped removeFields moves a displayed field back to available
    ○ skipped reports success=false when the field does not stick (verify by read-back)
    ○ skipped throws MALFORMED_RESPONSE when the field set does not exist
    ○ skipped throws MALFORMED_REQUEST for blank fieldSet
    ○ skipped throws MALFORMED_REQUEST for no display or remove
    ○ skipped throws MALFORMED_REQUEST for blank field name
    ○ skipped throws MALFORMED_REQUEST for field in both lists
  T3MetadataJsforceAdapter — historyTracking field matchers + exclusive
    ○ skipped anyOf resolves the FIRST candidate present on the object
    ○ skipped falls back to a unique UI-label match via FieldDefinition when anyOf misses
    ○ skipped falls back to a unique case-insensitive pattern match over the field names
    ○ skipped tolerates an unresolved OPTIONAL matcher as an informational applied=true note
    ○ skipped fails STRICT (success=false) when a REQUIRED matcher resolves nothing
    ○ skipped fails STRICT on an AMBIGUOUS label (two fields share it), even when optional
    ○ skipped exclusive untracks every currently-tracked field missing from the keep-list
    ○ skipped exclusive + REQUIRED matcher miss aborts BEFORE any write (destructive-failure gate)
    ○ skipped exclusive + AMBIGUOUS label aborts BEFORE any write
    ○ skipped exclusive + keep-list resolving to NOTHING (all-optional misses) fails without writing
    ○ skipped throws MALFORMED_REQUEST for exclusive=true without a fields keep-list
    ○ skipped throws MALFORMED_REQUEST for a matcher with no criterion at all
  T3MetadataJsforceAdapter — recordTypePicklistDefaults
    ○ skipped resolves the record type by LABEL via SOQL and clears the set defaults
    ○ skipped is idempotent: already-clear defaults verify without a write
    ○ skipped resolves by developer name too (bare or namespaced, case-insensitive)
    ○ skipped expectSole fails STRICT naming the extras (deletion is UI-only) but still clears defaults
    ○ skipped returns success=false when no record type matches the ref (with the org inventory)
    ○ skipped passes vacuously when the record type has NO value assignment for a resolved picklist
    ○ skipped does NOT let a label matcher resolve to a NON-picklist field (no vacuous pass)
    ○ skipped tolerates an OPTIONAL matcher for a picklist absent in this package version
    ○ skipped throws MALFORMED_REQUEST when the spec names no record type or no picklists
    ○ skipped surfaces a verify mismatch when the write does not stick (persist:false)

Test Suites: 1 passed, 1 total
Tests:       211 skipped, 3 passed, 214 total
Snapshots:   0 total
Time:        2.125 s
Ran all test suites matching /src\/implementations\/infrastructure\/adapters\/tools\/t3-metadata.adapter.spec.ts/i with tests matching "recordPattern".
