PASS src/implementations/infrastructure/seeds/specs/ic-4-07-rounding-approximation-canada.spec.ts (33.036 s)
PASS src/implementations/infrastructure/seeds/specs/ic-8-04-verify-electronic-payment.spec.ts (33.047 s)
(node:89658) [DEP0040] DeprecationWarning: The `punycode` module is deprecated. Please use a userland alternative instead.
(Use `node --trace-deprecation ...` to show where the warning was created)
PASS src/implementations/infrastructure/seeds/specs/ic-3-zuppio-org-authorization.spec.ts (33.043 s)
PASS src/implementations/infrastructure/seeds/specs/ic-3-23-adyen-onboarding.spec.ts (33.061 s)
PASS src/implementations/infrastructure/seeds/specs/ic-1-dkim-setup.spec.ts (33.047 s)
(node:89662) [DEP0040] DeprecationWarning: The `punycode` module is deprecated. Please use a userland alternative instead.
(Use `node --trace-deprecation ...` to show where the warning was created)
(node:89663) [DEP0040] DeprecationWarning: The `punycode` module is deprecated. Please use a userland alternative instead.
(Use `node --trace-deprecation ...` to show where the warning was created)
(node:89664) [DEP0040] DeprecationWarning: The `punycode` module is deprecated. Please use a userland alternative instead.
(Use `node --trace-deprecation ...` to show where the warning was created)
(node:89660) [DEP0040] DeprecationWarning: The `punycode` module is deprecated. Please use a userland alternative instead.
(Use `node --trace-deprecation ...` to show where the warning was created)
(node:89661) [DEP0040] DeprecationWarning: The `punycode` module is deprecated. Please use a userland alternative instead.
(Use `node --trace-deprecation ...` to show where the warning was created)
PASS src/implementations/infrastructure/seeds/specs/ic-3-26-email-integration.spec.ts (33.072 s)
(node:89659) [DEP0040] DeprecationWarning: The `punycode` module is deprecated. Please use a userland alternative instead.
(Use `node --trace-deprecation ...` to show where the warning was created)
PASS src/implementations/infrastructure/seeds/specs/ic-4-06-quickbooks-integration.spec.ts (33.1 s)
A worker process has failed to exit gracefully and has been force exited. This is likely caused by tests leaking due to improper teardown. Try running with --detectOpenHandles to find leaks. Active timers can also cause this, ensure that .unref() was called on them.

Test Suites: 7 passed, 7 total
Tests:       23 passed, 23 total
Snapshots:   0 total
Time:        34.061 s
Ran all test suites matching /src\/implementations\/infrastructure\/seeds\/specs\/ic-1-dkim-setup.spec.ts|src\/implementations\/infrastructure\/seeds\/specs\/ic-3-zuppio-org-authorization.spec.ts|src\/implementations\/infrastructure\/seeds\/specs\/ic-3-23-adyen-onboarding.spec.ts|src\/implementations\/infrastructure\/seeds\/specs\/ic-3-26-email-integration.spec.ts|src\/implementations\/infrastructure\/seeds\/specs\/ic-8-04-verify-electronic-payment.spec.ts|src\/implementations\/infrastructure\/seeds\/specs\/ic-4-06-quickbooks-integration.spec.ts|src\/implementations\/infrastructure\/seeds\/specs\/ic-4-07-rounding-approximation-canada.spec.ts/i.
