PASS src/implementations/infrastructure/seeds/specs/ic-3-26-email-integration.spec.ts (12.4 s)
(node:89893) [DEP0040] DeprecationWarning: The `punycode` module is deprecated. Please use a userland alternative instead.
(Use `node --trace-deprecation ...` to show where the warning was created)
(node:89891) [DEP0040] DeprecationWarning: The `punycode` module is deprecated. Please use a userland alternative instead.
(Use `node --trace-deprecation ...` to show where the warning was created)
PASS src/implementations/infrastructure/seeds/specs/ic-1-dkim-setup.spec.ts (13.341 s)
(node:89898) [DEP0040] DeprecationWarning: The `punycode` module is deprecated. Please use a userland alternative instead.
(Use `node --trace-deprecation ...` to show where the warning was created)
PASS src/implementations/infrastructure/seeds/specs/ic-3-25-setup-profiles-and-users.spec.ts (13.381 s)
(node:89896) [DEP0040] DeprecationWarning: The `punycode` module is deprecated. Please use a userland alternative instead.
(Use `node --trace-deprecation ...` to show where the warning was created)
PASS src/implementations/infrastructure/seeds/specs/ic-3-23-adyen-onboarding.spec.ts (13.395 s)
(node:89892) [DEP0040] DeprecationWarning: The `punycode` module is deprecated. Please use a userland alternative instead.
(Use `node --trace-deprecation ...` to show where the warning was created)
PASS src/implementations/infrastructure/seeds/specs/ic-4-06-quickbooks-integration.spec.ts (13.43 s)
(node:89894) [DEP0040] DeprecationWarning: The `punycode` module is deprecated. Please use a userland alternative instead.
(Use `node --trace-deprecation ...` to show where the warning was created)
PASS src/implementations/infrastructure/seeds/specs/ic-3-zuppio-org-authorization.spec.ts (13.436 s)
PASS src/implementations/infrastructure/seeds/specs/ic-3-22-pos-batches.spec.ts
(node:89890) [DEP0040] DeprecationWarning: The `punycode` module is deprecated. Please use a userland alternative instead.
(Use `node --trace-deprecation ...` to show where the warning was created)
PASS src/implementations/infrastructure/seeds/specs/demo-opportunity-stages.spec.ts (13.777 s)
PASS src/implementations/infrastructure/seeds/specs/ic-4-07-rounding-approximation-canada.spec.ts (14.836 s)
(node:89897) [DEP0040] DeprecationWarning: The `punycode` module is deprecated. Please use a userland alternative instead.
(Use `node --trace-deprecation ...` to show where the warning was created)
(node:89895) [DEP0040] DeprecationWarning: The `punycode` module is deprecated. Please use a userland alternative instead.
(Use `node --trace-deprecation ...` to show where the warning was created)
PASS src/implementations/infrastructure/seeds/specs/ic-8-04-verify-electronic-payment.spec.ts (15.14 s)
PASS src/implementations/infrastructure/seeds/specs/ic-3-1-connected-apps-security.spec.ts
PASS src/implementations/infrastructure/seeds/specs/demo-company-info-mock-contact.spec.ts
PASS src/implementations/infrastructure/seeds/specs/ic-3-29-help-menu.spec.ts
PASS src/implementations/infrastructure/seeds/specs/ic-3-16-org-wide-email.spec.ts
PASS src/implementations/infrastructure/seeds/specs/ic-4-01-specific-funds-debit-credit.spec.ts
PASS src/implementations/infrastructure/seeds/specs/ic-1-session-settings-cdn.spec.ts
PASS src/implementations/infrastructure/seeds/specs/ic-3-04-mydomain-admin-user-permsets.spec.ts (6.897 s)
PASS src/implementations/infrastructure/seeds/specs/ic-seeds.spec.ts (5.605 s)
PASS src/implementations/infrastructure/seeds/specs/ic-5-07-npsp-customizable-rollups.spec.ts (7.146 s)
PASS src/implementations/infrastructure/seeds/specs/ic-3-28-fiscal-year.spec.ts (7.362 s)
PASS src/implementations/infrastructure/seeds/specs/ic-3-13-create-online-apps.spec.ts
PASS src/implementations/infrastructure/seeds/specs/ic-veevart-auth.spec.ts (6.25 s)
PASS src/implementations/infrastructure/seeds/specs/ic-3-33-membership-fields-autopopulate.spec.ts (5.543 s)
PASS src/implementations/infrastructure/seeds/specs/ic-6-04-default-location.spec.ts
PASS src/implementations/infrastructure/seeds/specs/demo-general-donation-fund.spec.ts
PASS src/implementations/infrastructure/seeds/specs/ic-6-05-pos-email-labels.spec.ts
PASS src/implementations/infrastructure/seeds/specs/ic-4-05-transaction-journal-layouts.spec.ts
PASS src/implementations/infrastructure/seeds/specs/ic-5-2-donation-membership-internal-notification.spec.ts

Test Suites: 28 passed, 28 total
Tests:       206 passed, 206 total
Snapshots:   0 total
Time:        23.984 s
